[1.113s] DEBUG:colcon:Command line arguments: ['/usr/bin/colcon', 'build', '--packages-select', 'harvester_telemetry_contract', 'harvester_telemetry_gateway', '--merge-install', '--symlink-install']
[1.114s] DEBUG:colcon:Parsed command line arguments: Namespace(allow_overriding=[], ament_cmake_args=None, base_paths=['.'], build_base='build', catkin_cmake_args=None, catkin_skip_building_tests=False, cmake_args=None, cmake_clean_cache=False, cmake_clean_first=False, cmake_force_configure=False, cmake_target=None, cmake_target_skip_unavailable=False, continue_on_error=False, event_handlers=None, executor='parallel', ignore_user_meta=False, install_base='install', log_base=None, log_level=None, main=<bound method BuildVerb.main of <colcon_core.verb.build.BuildVerb object at 0xffff824561c0>>, merge_install=True, metas=['./colcon.meta'], packages_above=None, packages_above_and_dependencies=None, packages_above_depth=None, packages_end=None, packages_ignore=None, packages_ignore_regex=None, packages_select=['harvester_telemetry_contract', 'harvester_telemetry_gateway'], packages_select_build_failed=False, packages_select_by_dep=None, packages_select_regex=None, packages_select_test_failures=False, packages_skip=None, packages_skip_build_finished=False, packages_skip_by_dep=None, packages_skip_regex=None, packages_skip_test_passed=False, packages_skip_up_to=None, packages_start=None, packages_up_to=None, packages_up_to_regex=None, parallel_workers=8, paths=None, symlink_install=True, test_result_base=None, verb_extension=<colcon_core.verb.build.BuildVerb object at 0xffff824561c0>, verb_name='build', verb_parser=<colcon_defaults.argument_parser.defaults.DefaultArgumentsDecorator object at 0xffff823038e0>)
[1.953s] Level 1:colcon.colcon_core.package_discovery:discover_packages(colcon_meta) check parameters
[1.954s] Level 1:colcon.colcon_core.package_discovery:discover_packages(recursive) check parameters
[1.954s] Level 1:colcon.colcon_core.package_discovery:discover_packages(ignore) check parameters
[1.955s] Level 1:colcon.colcon_core.package_discovery:discover_packages(path) check parameters
[1.955s] Level 1:colcon.colcon_core.package_discovery:discover_packages(colcon_meta) discover
[1.955s] Level 1:colcon.colcon_core.package_discovery:discover_packages(recursive) discover
[1.955s] INFO:colcon.colcon_core.package_discovery:Crawling recursively for packages in '/home/ubuntu/ros2_ws'
[1.956s] Level 1:colcon.colcon_core.package_identification:_identify(.) by extensions ['ignore', 'ignore_ament_install']
[1.957s] Level 1:colcon.colcon_core.package_identification:_identify(.) by extension 'ignore'
[1.957s] Level 1:colcon.colcon_core.package_identification:_identify(.) by extension 'ignore_ament_install'
[1.957s] Level 1:colcon.colcon_core.package_identification:_identify(.) by extensions ['colcon_pkg']
[1.957s] Level 1:colcon.colcon_core.package_identification:_identify(.) by extension 'colcon_pkg'
[1.958s] Level 1:colcon.colcon_core.package_identification:_identify(.) by extensions ['colcon_meta']
[1.958s] Level 1:colcon.colcon_core.package_identification:_identify(.) by extension 'colcon_meta'
[1.958s] Level 1:colcon.colcon_core.package_identification:_identify(.) by extensions ['ros']
[1.958s] Level 1:colcon.colcon_core.package_identification:_identify(.) by extension 'ros'
[2.014s] Level 1:colcon.colcon_core.package_identification:_identify(.) by extensions ['cmake', 'python']
[2.014s] Level 1:colcon.colcon_core.package_identification:_identify(.) by extension 'cmake'
[2.015s] Level 1:colcon.colcon_core.package_identification:_identify(.) by extension 'python'
[2.015s] Level 1:colcon.colcon_core.package_identification:_identify(.) by extensions ['python_setup_py']
[2.015s] Level 1:colcon.colcon_core.package_identification:_identify(.) by extension 'python_setup_py'
[2.016s] Level 1:colcon.colcon_core.package_identification:_identify(build) by extensions ['ignore', 'ignore_ament_install']
[2.016s] Level 1:colcon.colcon_core.package_identification:_identify(build) by extension 'ignore'
[2.017s] Level 1:colcon.colcon_core.package_identification:_identify(build) ignored
[2.017s] Level 1:colcon.colcon_core.package_identification:_identify(docs) by extensions ['ignore', 'ignore_ament_install']
[2.018s] Level 1:colcon.colcon_core.package_identification:_identify(docs) by extension 'ignore'
[2.018s] Level 1:colcon.colcon_core.package_identification:_identify(docs) by extension 'ignore_ament_install'
[2.018s] Level 1:colcon.colcon_core.package_identification:_identify(docs) by extensions ['colcon_pkg']
[2.018s] Level 1:colcon.colcon_core.package_identification:_identify(docs) by extension 'colcon_pkg'
[2.019s] Level 1:colcon.colcon_core.package_identification:_identify(docs) by extensions ['colcon_meta']
[2.019s] Level 1:colcon.colcon_core.package_identification:_identify(docs) by extension 'colcon_meta'
[2.019s] Level 1:colcon.colcon_core.package_identification:_identify(docs) by extensions ['ros']
[2.019s] Level 1:colcon.colcon_core.package_identification:_identify(docs) by extension 'ros'
[2.019s] Level 1:colcon.colcon_core.package_identification:_identify(docs) by extensions ['cmake', 'python']
[2.020s] Level 1:colcon.colcon_core.package_identification:_identify(docs) by extension 'cmake'
[2.020s] Level 1:colcon.colcon_core.package_identification:_identify(docs) by extension 'python'
[2.020s] Level 1:colcon.colcon_core.package_identification:_identify(docs) by extensions ['python_setup_py']
[2.020s] Level 1:colcon.colcon_core.package_identification:_identify(docs) by extension 'python_setup_py'
[2.021s] Level 1:colcon.colcon_core.package_identification:_identify(install) by extensions ['ignore', 'ignore_ament_install']
[2.021s] Level 1:colcon.colcon_core.package_identification:_identify(install) by extension 'ignore'
[2.022s] Level 1:colcon.colcon_core.package_identification:_identify(install) ignored
[2.022s] Level 1:colcon.colcon_core.package_identification:_identify(log) by extensions ['ignore', 'ignore_ament_install']
[2.023s] Level 1:colcon.colcon_core.package_identification:_identify(log) by extension 'ignore'
[2.023s] Level 1:colcon.colcon_core.package_identification:_identify(log) ignored
[2.024s] Level 1:colcon.colcon_core.package_identification:_identify(src) by extensions ['ignore', 'ignore_ament_install']
[2.024s] Level 1:colcon.colcon_core.package_identification:_identify(src) by extension 'ignore'
[2.024s] Level 1:colcon.colcon_core.package_identification:_identify(src) by extension 'ignore_ament_install'
[2.025s] Level 1:colcon.colcon_core.package_identification:_identify(src) by extensions ['colcon_pkg']
[2.025s] Level 1:colcon.colcon_core.package_identification:_identify(src) by extension 'colcon_pkg'
[2.025s] Level 1:colcon.colcon_core.package_identification:_identify(src) by extensions ['colcon_meta']
[2.025s] Level 1:colcon.colcon_core.package_identification:_identify(src) by extension 'colcon_meta'
[2.025s] Level 1:colcon.colcon_core.package_identification:_identify(src) by extensions ['ros']
[2.026s] Level 1:colcon.colcon_core.package_identification:_identify(src) by extension 'ros'
[2.026s] Level 1:colcon.colcon_core.package_identification:_identify(src) by extensions ['cmake', 'python']
[2.026s] Level 1:colcon.colcon_core.package_identification:_identify(src) by extension 'cmake'
[2.026s] Level 1:colcon.colcon_core.package_identification:_identify(src) by extension 'python'
[2.026s] Level 1:colcon.colcon_core.package_identification:_identify(src) by extensions ['python_setup_py']
[2.027s] Level 1:colcon.colcon_core.package_identification:_identify(src) by extension 'python_setup_py'
[2.027s] Level 1:colcon.colcon_core.package_identification:_identify(src/harvester_telemetry_contract) by extensions ['ignore', 'ignore_ament_install']
[2.028s] Level 1:colcon.colcon_core.package_identification:_identify(src/harvester_telemetry_contract) by extension 'ignore'
[2.028s] Level 1:colcon.colcon_core.package_identification:_identify(src/harvester_telemetry_contract) by extension 'ignore_ament_install'
[2.028s] Level 1:colcon.colcon_core.package_identification:_identify(src/harvester_telemetry_contract) by extensions ['colcon_pkg']
[2.028s] Level 1:colcon.colcon_core.package_identification:_identify(src/harvester_telemetry_contract) by extension 'colcon_pkg'
[2.028s] Level 1:colcon.colcon_core.package_identification:_identify(src/harvester_telemetry_contract) by extensions ['colcon_meta']
[2.029s] Level 1:colcon.colcon_core.package_identification:_identify(src/harvester_telemetry_contract) by extension 'colcon_meta'
[2.029s] Level 1:colcon.colcon_core.package_identification:_identify(src/harvester_telemetry_contract) by extensions ['ros']
[2.029s] Level 1:colcon.colcon_core.package_identification:_identify(src/harvester_telemetry_contract) by extension 'ros'
[2.039s] DEBUG:colcon.colcon_core.package_identification:Package 'src/harvester_telemetry_contract' with type 'ros.ament_python' and name 'harvester_telemetry_contract'
[2.040s] Level 1:colcon.colcon_core.package_identification:_identify(src/harvester_telemetry_gateway) by extensions ['ignore', 'ignore_ament_install']
[2.040s] Level 1:colcon.colcon_core.package_identification:_identify(src/harvester_telemetry_gateway) by extension 'ignore'
[2.041s] Level 1:colcon.colcon_core.package_identification:_identify(src/harvester_telemetry_gateway) by extension 'ignore_ament_install'
[2.041s] Level 1:colcon.colcon_core.package_identification:_identify(src/harvester_telemetry_gateway) by extensions ['colcon_pkg']
[2.041s] Level 1:colcon.colcon_core.package_identification:_identify(src/harvester_telemetry_gateway) by extension 'colcon_pkg'
[2.041s] Level 1:colcon.colcon_core.package_identification:_identify(src/harvester_telemetry_gateway) by extensions ['colcon_meta']
[2.041s] Level 1:colcon.colcon_core.package_identification:_identify(src/harvester_telemetry_gateway) by extension 'colcon_meta'
[2.042s] Level 1:colcon.colcon_core.package_identification:_identify(src/harvester_telemetry_gateway) by extensions ['ros']
[2.042s] Level 1:colcon.colcon_core.package_identification:_identify(src/harvester_telemetry_gateway) by extension 'ros'
[2.044s] DEBUG:colcon.colcon_core.package_identification:Package 'src/harvester_telemetry_gateway' with type 'ros.ament_python' and name 'harvester_telemetry_gateway'
[2.045s] Level 1:colcon.colcon_core.package_identification:_identify(src/oil_palm_harvester_description) by extensions ['ignore', 'ignore_ament_install']
[2.046s] Level 1:colcon.colcon_core.package_identification:_identify(src/oil_palm_harvester_description) by extension 'ignore'
[2.046s] Level 1:colcon.colcon_core.package_identification:_identify(src/oil_palm_harvester_description) by extension 'ignore_ament_install'
[2.046s] Level 1:colcon.colcon_core.package_identification:_identify(src/oil_palm_harvester_description) by extensions ['colcon_pkg']
[2.047s] Level 1:colcon.colcon_core.package_identification:_identify(src/oil_palm_harvester_description) by extension 'colcon_pkg'
[2.047s] Level 1:colcon.colcon_core.package_identification:_identify(src/oil_palm_harvester_description) by extensions ['colcon_meta']
[2.047s] Level 1:colcon.colcon_core.package_identification:_identify(src/oil_palm_harvester_description) by extension 'colcon_meta'
[2.047s] Level 1:colcon.colcon_core.package_identification:_identify(src/oil_palm_harvester_description) by extensions ['ros']
[2.047s] Level 1:colcon.colcon_core.package_identification:_identify(src/oil_palm_harvester_description) by extension 'ros'
[2.072s] DEBUG:colcon.colcon_core.package_identification:Package 'src/oil_palm_harvester_description' with type 'ros.ament_cmake' and name 'oil_palm_harvester_description'
[2.073s] Level 1:colcon.colcon_core.package_identification:_identify(src/oil_palm_tree_description) by extensions ['ignore', 'ignore_ament_install']
[2.074s] Level 1:colcon.colcon_core.package_identification:_identify(src/oil_palm_tree_description) by extension 'ignore'
[2.074s] Level 1:colcon.colcon_core.package_identification:_identify(src/oil_palm_tree_description) by extension 'ignore_ament_install'
[2.078s] Level 1:colcon.colcon_core.package_identification:_identify(src/oil_palm_tree_description) by extensions ['colcon_pkg']
[2.078s] Level 1:colcon.colcon_core.package_identification:_identify(src/oil_palm_tree_description) by extension 'colcon_pkg'
[2.078s] Level 1:colcon.colcon_core.package_identification:_identify(src/oil_palm_tree_description) by extensions ['colcon_meta']
[2.079s] Level 1:colcon.colcon_core.package_identification:_identify(src/oil_palm_tree_description) by extension 'colcon_meta'
[2.079s] Level 1:colcon.colcon_core.package_identification:_identify(src/oil_palm_tree_description) by extensions ['ros']
[2.079s] Level 1:colcon.colcon_core.package_identification:_identify(src/oil_palm_tree_description) by extension 'ros'
[2.081s] DEBUG:colcon.colcon_core.package_identification:Package 'src/oil_palm_tree_description' with type 'ros.catkin' and name 'oil_palm_tree_description'
[2.082s] Level 1:colcon.colcon_core.package_discovery:discover_packages(recursive) using defaults
[2.082s] Level 1:colcon.colcon_core.package_discovery:discover_packages(ignore) discover
[2.082s] Level 1:colcon.colcon_core.package_discovery:discover_packages(ignore) using defaults
[2.082s] Level 1:colcon.colcon_core.package_discovery:discover_packages(path) discover
[2.082s] Level 1:colcon.colcon_core.package_discovery:discover_packages(path) using defaults
[2.172s] INFO:colcon.colcon_core.package_selection:Skipping not selected package 'oil_palm_tree_description' in 'src/oil_palm_tree_description'
[2.172s] INFO:colcon.colcon_core.package_selection:Skipping not selected package 'oil_palm_harvester_description' in 'src/oil_palm_harvester_description'
[2.174s] Level 1:colcon.colcon_core.package_discovery:discover_packages(prefix_path) check parameters
[2.175s] Level 1:colcon.colcon_core.package_discovery:discover_packages(prefix_path) discover
[2.191s] DEBUG:colcon.colcon_installed_package_information.package_discovery:Found 286 installed packages in /opt/ros/foxy
[2.201s] Level 1:colcon.colcon_core.package_discovery:discover_packages(prefix_path) using defaults
[2.622s] Level 5:colcon.colcon_core.verb:set package 'harvester_telemetry_contract' build argument 'cmake_args' from command line to 'None'
[2.622s] Level 5:colcon.colcon_core.verb:set package 'harvester_telemetry_contract' build argument 'cmake_target' from command line to 'None'
[2.623s] Level 5:colcon.colcon_core.verb:set package 'harvester_telemetry_contract' build argument 'cmake_target_skip_unavailable' from command line to 'False'
[2.623s] Level 5:colcon.colcon_core.verb:set package 'harvester_telemetry_contract' build argument 'cmake_clean_cache' from command line to 'False'
[2.623s] Level 5:colcon.colcon_core.verb:set package 'harvester_telemetry_contract' build argument 'cmake_clean_first' from command line to 'False'
[2.624s] Level 5:colcon.colcon_core.verb:set package 'harvester_telemetry_contract' build argument 'cmake_force_configure' from command line to 'False'
[2.625s] Level 5:colcon.colcon_core.verb:set package 'harvester_telemetry_contract' build argument 'ament_cmake_args' from command line to 'None'
[2.625s] Level 5:colcon.colcon_core.verb:set package 'harvester_telemetry_contract' build argument 'catkin_cmake_args' from command line to 'None'
[2.625s] Level 5:colcon.colcon_core.verb:set package 'harvester_telemetry_contract' build argument 'catkin_skip_building_tests' from command line to 'False'
[2.625s] DEBUG:colcon.colcon_core.verb:Building package 'harvester_telemetry_contract' with the following arguments: {'ament_cmake_args': None, 'build_base': '/home/ubuntu/ros2_ws/build/harvester_telemetry_contract', 'catkin_cmake_args': None, 'catkin_skip_building_tests': False, 'cmake_args': None, 'cmake_clean_cache': False, 'cmake_clean_first': False, 'cmake_force_configure': False, 'cmake_target': None, 'cmake_target_skip_unavailable': False, 'install_base': '/home/ubuntu/ros2_ws/install', 'merge_install': True, 'path': '/home/ubuntu/ros2_ws/src/harvester_telemetry_contract', 'symlink_install': True, 'test_result_base': None}
[2.627s] Level 5:colcon.colcon_core.verb:set package 'harvester_telemetry_gateway' build argument 'cmake_args' from command line to 'None'
[2.627s] Level 5:colcon.colcon_core.verb:set package 'harvester_telemetry_gateway' build argument 'cmake_target' from command line to 'None'
[2.627s] Level 5:colcon.colcon_core.verb:set package 'harvester_telemetry_gateway' build argument 'cmake_target_skip_unavailable' from command line to 'False'
[2.627s] Level 5:colcon.colcon_core.verb:set package 'harvester_telemetry_gateway' build argument 'cmake_clean_cache' from command line to 'False'
[2.628s] Level 5:colcon.colcon_core.verb:set package 'harvester_telemetry_gateway' build argument 'cmake_clean_first' from command line to 'False'
[2.628s] Level 5:colcon.colcon_core.verb:set package 'harvester_telemetry_gateway' build argument 'cmake_force_configure' from command line to 'False'
[2.628s] Level 5:colcon.colcon_core.verb:set package 'harvester_telemetry_gateway' build argument 'ament_cmake_args' from command line to 'None'
[2.628s] Level 5:colcon.colcon_core.verb:set package 'harvester_telemetry_gateway' build argument 'catkin_cmake_args' from command line to 'None'
[2.628s] Level 5:colcon.colcon_core.verb:set package 'harvester_telemetry_gateway' build argument 'catkin_skip_building_tests' from command line to 'False'
[2.628s] DEBUG:colcon.colcon_core.verb:Building package 'harvester_telemetry_gateway' with the following arguments: {'ament_cmake_args': None, 'build_base': '/home/ubuntu/ros2_ws/build/harvester_telemetry_gateway', 'catkin_cmake_args': None, 'catkin_skip_building_tests': False, 'cmake_args': None, 'cmake_clean_cache': False, 'cmake_clean_first': False, 'cmake_force_configure': False, 'cmake_target': None, 'cmake_target_skip_unavailable': False, 'install_base': '/home/ubuntu/ros2_ws/install', 'merge_install': True, 'path': '/home/ubuntu/ros2_ws/src/harvester_telemetry_gateway', 'symlink_install': True, 'test_result_base': None}
[2.629s] INFO:colcon.colcon_core.executor:Executing jobs using 'parallel' executor
[2.632s] DEBUG:colcon.colcon_parallel_executor.executor.parallel:run_until_complete
[2.633s] INFO:colcon.colcon_ros.task.ament_python.build:Building ROS package in '/home/ubuntu/ros2_ws/src/harvester_telemetry_contract' with build type 'ament_python'
[2.634s] Level 1:colcon.colcon_core.shell:create_environment_hook('harvester_telemetry_contract', 'ament_prefix_path')
[2.642s] INFO:colcon.colcon_core.plugin_system:Skipping extension 'colcon_core.shell.bat': Not used on non-Windows systems
[2.643s] INFO:colcon.colcon_core.shell:Creating environment hook '/home/ubuntu/ros2_ws/install/share/harvester_telemetry_contract/hook/ament_prefix_path.ps1'
[2.646s] INFO:colcon.colcon_core.shell:Creating environment descriptor '/home/ubuntu/ros2_ws/install/share/harvester_telemetry_contract/hook/ament_prefix_path.dsv'
[2.649s] INFO:colcon.colcon_core.shell:Creating environment hook '/home/ubuntu/ros2_ws/install/share/harvester_telemetry_contract/hook/ament_prefix_path.sh'
[2.657s] INFO:colcon.colcon_core.shell:Skip shell extension 'powershell' for command environment: Not usable outside of PowerShell
[2.657s] DEBUG:colcon.colcon_core.shell:Skip shell extension 'dsv' for command environment
[33.728s] INFO:colcon.colcon_core.task.python.build:Building Python package in '/home/ubuntu/ros2_ws/src/harvester_telemetry_contract'
[33.733s] INFO:colcon.colcon_core.shell:Skip shell extension 'powershell' for command environment: Not usable outside of PowerShell
[33.734s] DEBUG:colcon.colcon_core.shell:Skip shell extension 'dsv' for command environment
[64.611s] DEBUG:colcon.colcon_core.task.python.build:Available setuptools commands: build, bdist_wheel, install_egg_info, build_scripts, upload_docs, install_headers, install, flake8, upload, build_clib, egg_info, register, alias, check, symlink_data, sdist, build_py, build_ext, dist_info, setopt, bdist_wininst, saveopts, test, easy_install, bdist_dumb, install_lib, bdist_egg, develop, bdist_rpm, install_scripts, rotate, install_data, bdist, clean
[65.963s] DEBUG:colcon.colcon_core.task.python.build:Available setuptools 'develop' options: --find-links, --no-find-links, --always-unzip, --zip-ok, --version, --prefix, --verbose, --upgrade, --no-user-cfg, --install-dir, --build-directory, --local-snapshots-ok, --no-deps, --user, --script-dir, --optimize, --multi-version, --install-layout, --dry-run, --help, --exclude-scripts, --allow-hosts, --egg-path, --record, --force-installation-into-system-dir, --quiet, --editable, --index-url, --uninstall, --site-dirs, --always-copy
[65.972s] DEBUG:colcon.colcon_core.event_handler.log_command:Invoking command in '/home/ubuntu/ros2_ws/build/harvester_telemetry_contract': CONDA_PROMPT_MODIFIER=(base) PYTHONPATH=/home/ubuntu/ros2_ws/build/harvester_telemetry_contract/prefix_override:/usr/lib/python3/dist-packages/colcon_core/task/python/colcon_distutils_commands:/home/ubuntu/ros2_ws/install/lib/python3.8/site-packages:${PYTHONPATH} /usr/bin/python3 -W ignore:setup.py install is deprecated -W ignore:easy_install command is deprecated setup.py develop --editable --build-directory /home/ubuntu/ros2_ws/build/harvester_telemetry_contract/build --no-deps symlink_data
[68.231s] Level 1:colcon.colcon_core.shell:create_environment_hook('harvester_telemetry_contract', 'pythonpath_develop')
[68.235s] DEBUG:colcon.colcon_core.event_handler.log_command:Invoked command in '/home/ubuntu/ros2_ws/build/harvester_telemetry_contract' returned '0': CONDA_PROMPT_MODIFIER=(base) PYTHONPATH=/home/ubuntu/ros2_ws/build/harvester_telemetry_contract/prefix_override:/usr/lib/python3/dist-packages/colcon_core/task/python/colcon_distutils_commands:/home/ubuntu/ros2_ws/install/lib/python3.8/site-packages:${PYTHONPATH} /usr/bin/python3 -W ignore:setup.py install is deprecated -W ignore:easy_install command is deprecated setup.py develop --editable --build-directory /home/ubuntu/ros2_ws/build/harvester_telemetry_contract/build --no-deps symlink_data
[68.240s] INFO:colcon.colcon_core.shell:Creating environment hook '/home/ubuntu/ros2_ws/build/harvester_telemetry_contract/share/harvester_telemetry_contract/hook/pythonpath_develop.ps1'
[68.246s] INFO:colcon.colcon_core.shell:Creating environment descriptor '/home/ubuntu/ros2_ws/build/harvester_telemetry_contract/share/harvester_telemetry_contract/hook/pythonpath_develop.dsv'
[68.248s] INFO:colcon.colcon_core.shell:Creating environment hook '/home/ubuntu/ros2_ws/build/harvester_telemetry_contract/share/harvester_telemetry_contract/hook/pythonpath_develop.sh'
[68.281s] Level 1:colcon.colcon_core.environment:checking '/home/ubuntu/ros2_ws/install' for CMake module files
[68.287s] Level 1:colcon.colcon_core.environment:checking '/home/ubuntu/ros2_ws/install' for CMake config files
[68.292s] Level 1:colcon.colcon_core.shell:create_environment_hook('harvester_telemetry_contract', 'cmake_prefix_path')
[68.294s] INFO:colcon.colcon_core.shell:Creating environment hook '/home/ubuntu/ros2_ws/install/share/harvester_telemetry_contract/hook/cmake_prefix_path.ps1'
[68.300s] INFO:colcon.colcon_core.shell:Creating environment descriptor '/home/ubuntu/ros2_ws/install/share/harvester_telemetry_contract/hook/cmake_prefix_path.dsv'
[68.302s] INFO:colcon.colcon_core.shell:Creating environment hook '/home/ubuntu/ros2_ws/install/share/harvester_telemetry_contract/hook/cmake_prefix_path.sh'
[68.306s] Level 1:colcon.colcon_core.environment:checking '/home/ubuntu/ros2_ws/install/lib'
[68.308s] Level 1:colcon.colcon_core.shell:create_environment_hook('harvester_telemetry_contract', 'ld_library_path_lib')
[68.309s] INFO:colcon.colcon_core.shell:Creating environment hook '/home/ubuntu/ros2_ws/install/share/harvester_telemetry_contract/hook/ld_library_path_lib.ps1'
[68.312s] INFO:colcon.colcon_core.shell:Creating environment descriptor '/home/ubuntu/ros2_ws/install/share/harvester_telemetry_contract/hook/ld_library_path_lib.dsv'
[68.314s] INFO:colcon.colcon_core.shell:Creating environment hook '/home/ubuntu/ros2_ws/install/share/harvester_telemetry_contract/hook/ld_library_path_lib.sh'
[68.316s] Level 1:colcon.colcon_core.environment:checking '/home/ubuntu/ros2_ws/install/bin'
[68.317s] Level 1:colcon.colcon_core.environment:checking '/home/ubuntu/ros2_ws/install/lib/pkgconfig/harvester_telemetry_contract.pc'
[68.318s] Level 1:colcon.colcon_core.environment:checking '/home/ubuntu/ros2_ws/install/lib/python3.8/site-packages'
[68.319s] Level 1:colcon.colcon_core.shell:create_environment_hook('harvester_telemetry_contract', 'pythonpath')
[68.319s] INFO:colcon.colcon_core.shell:Creating environment hook '/home/ubuntu/ros2_ws/install/share/harvester_telemetry_contract/hook/pythonpath.ps1'
[68.321s] INFO:colcon.colcon_core.shell:Creating environment descriptor '/home/ubuntu/ros2_ws/install/share/harvester_telemetry_contract/hook/pythonpath.dsv'
[68.324s] INFO:colcon.colcon_core.shell:Creating environment hook '/home/ubuntu/ros2_ws/install/share/harvester_telemetry_contract/hook/pythonpath.sh'
[68.327s] Level 1:colcon.colcon_core.environment:checking '/home/ubuntu/ros2_ws/install/bin'
[68.327s] Level 1:colcon.colcon_core.environment:create_environment_scripts_only(harvester_telemetry_contract)
[68.330s] INFO:colcon.colcon_core.shell:Creating package script '/home/ubuntu/ros2_ws/install/share/harvester_telemetry_contract/package.ps1'
[68.338s] INFO:colcon.colcon_core.shell:Creating package descriptor '/home/ubuntu/ros2_ws/install/share/harvester_telemetry_contract/package.dsv'
[68.344s] INFO:colcon.colcon_core.shell:Creating package script '/home/ubuntu/ros2_ws/install/share/harvester_telemetry_contract/package.sh'
[68.349s] INFO:colcon.colcon_core.shell:Creating package script '/home/ubuntu/ros2_ws/install/share/harvester_telemetry_contract/package.bash'
[68.352s] INFO:colcon.colcon_core.shell:Creating package script '/home/ubuntu/ros2_ws/install/share/harvester_telemetry_contract/package.zsh'
[68.355s] Level 1:colcon.colcon_core.environment:create_file_with_runtime_dependencies(/home/ubuntu/ros2_ws/install/share/colcon-core/packages/harvester_telemetry_contract)
[68.360s] INFO:colcon.colcon_ros.task.ament_python.build:Building ROS package in '/home/ubuntu/ros2_ws/src/harvester_telemetry_gateway' with build type 'ament_python'
[68.361s] Level 1:colcon.colcon_core.shell:create_environment_hook('harvester_telemetry_gateway', 'ament_prefix_path')
[68.363s] INFO:colcon.colcon_core.shell:Creating environment hook '/home/ubuntu/ros2_ws/install/share/harvester_telemetry_gateway/hook/ament_prefix_path.ps1'
[68.366s] INFO:colcon.colcon_core.shell:Creating environment descriptor '/home/ubuntu/ros2_ws/install/share/harvester_telemetry_gateway/hook/ament_prefix_path.dsv'
[68.368s] INFO:colcon.colcon_core.shell:Creating environment hook '/home/ubuntu/ros2_ws/install/share/harvester_telemetry_gateway/hook/ament_prefix_path.sh'
[68.371s] INFO:colcon.colcon_core.shell:Skip shell extension 'powershell' for command environment: Not usable outside of PowerShell
[68.371s] DEBUG:colcon.colcon_core.shell:Skip shell extension 'dsv' for command environment
[69.568s] INFO:colcon.colcon_core.task.python.build:Building Python package in '/home/ubuntu/ros2_ws/src/harvester_telemetry_gateway'
[69.573s] INFO:colcon.colcon_core.shell:Skip shell extension 'powershell' for command environment: Not usable outside of PowerShell
[69.574s] DEBUG:colcon.colcon_core.shell:Skip shell extension 'dsv' for command environment
[98.364s] DEBUG:colcon.colcon_core.task.python.build:Available setuptools commands: build, bdist_wheel, install_egg_info, build_scripts, upload_docs, install_headers, install, flake8, upload, build_clib, egg_info, register, alias, check, symlink_data, sdist, build_py, build_ext, dist_info, setopt, bdist_wininst, saveopts, test, easy_install, bdist_dumb, install_lib, bdist_egg, develop, bdist_rpm, install_scripts, rotate, install_data, bdist, clean
[99.621s] DEBUG:colcon.colcon_core.task.python.build:Available setuptools 'develop' options: --find-links, --no-find-links, --always-unzip, --zip-ok, --version, --prefix, --verbose, --upgrade, --no-user-cfg, --install-dir, --build-directory, --local-snapshots-ok, --no-deps, --user, --script-dir, --optimize, --multi-version, --install-layout, --dry-run, --help, --exclude-scripts, --allow-hosts, --egg-path, --record, --force-installation-into-system-dir, --quiet, --editable, --index-url, --uninstall, --site-dirs, --always-copy
[99.637s] DEBUG:colcon.colcon_core.event_handler.log_command:Invoking command in '/home/ubuntu/ros2_ws/build/harvester_telemetry_gateway': AMENT_PREFIX_PATH=/home/ubuntu/ros2_ws/install:${AMENT_PREFIX_PATH} CMAKE_PREFIX_PATH=/home/ubuntu/ros2_ws/install CONDA_PROMPT_MODIFIER=(base) LD_LIBRARY_PATH=/home/ubuntu/ros2_ws/install/lib:/usr/lib/aarch64-linux-gnu/gazebo-11/plugins:/opt/ros/foxy/opt/yaml_cpp_vendor/lib:/opt/ros/foxy/opt/rviz_ogre_vendor/lib:/opt/ros/foxy/lib/aarch64-linux-gnu:/opt/ros/foxy/lib:/usr/local/cuda-11.4/lib64 PYTHONPATH=/home/ubuntu/ros2_ws/build/harvester_telemetry_gateway/prefix_override:/usr/lib/python3/dist-packages/colcon_core/task/python/colcon_distutils_commands:/home/ubuntu/ros2_ws/install/lib/python3.8/site-packages:/home/ubuntu/ros2_ws/build/harvester_telemetry_contract:/home/ubuntu/ros2_ws/install/lib/python3.8/site-packages:${PYTHONPATH} /usr/bin/python3 -W ignore:setup.py install is deprecated -W ignore:easy_install command is deprecated setup.py develop --editable --build-directory /home/ubuntu/ros2_ws/build/harvester_telemetry_gateway/build --no-deps symlink_data
[102.052s] Level 1:colcon.colcon_core.shell:create_environment_hook('harvester_telemetry_gateway', 'pythonpath_develop')
[102.056s] INFO:colcon.colcon_core.shell:Creating environment hook '/home/ubuntu/ros2_ws/build/harvester_telemetry_gateway/share/harvester_telemetry_gateway/hook/pythonpath_develop.ps1'
[102.057s] DEBUG:colcon.colcon_core.event_handler.log_command:Invoked command in '/home/ubuntu/ros2_ws/build/harvester_telemetry_gateway' returned '0': AMENT_PREFIX_PATH=/home/ubuntu/ros2_ws/install:${AMENT_PREFIX_PATH} CMAKE_PREFIX_PATH=/home/ubuntu/ros2_ws/install CONDA_PROMPT_MODIFIER=(base) LD_LIBRARY_PATH=/home/ubuntu/ros2_ws/install/lib:/usr/lib/aarch64-linux-gnu/gazebo-11/plugins:/opt/ros/foxy/opt/yaml_cpp_vendor/lib:/opt/ros/foxy/opt/rviz_ogre_vendor/lib:/opt/ros/foxy/lib/aarch64-linux-gnu:/opt/ros/foxy/lib:/usr/local/cuda-11.4/lib64 PYTHONPATH=/home/ubuntu/ros2_ws/build/harvester_telemetry_gateway/prefix_override:/usr/lib/python3/dist-packages/colcon_core/task/python/colcon_distutils_commands:/home/ubuntu/ros2_ws/install/lib/python3.8/site-packages:/home/ubuntu/ros2_ws/build/harvester_telemetry_contract:/home/ubuntu/ros2_ws/install/lib/python3.8/site-packages:${PYTHONPATH} /usr/bin/python3 -W ignore:setup.py install is deprecated -W ignore:easy_install command is deprecated setup.py develop --editable --build-directory /home/ubuntu/ros2_ws/build/harvester_telemetry_gateway/build --no-deps symlink_data
[102.065s] INFO:colcon.colcon_core.shell:Creating environment descriptor '/home/ubuntu/ros2_ws/build/harvester_telemetry_gateway/share/harvester_telemetry_gateway/hook/pythonpath_develop.dsv'
[102.072s] INFO:colcon.colcon_core.shell:Creating environment hook '/home/ubuntu/ros2_ws/build/harvester_telemetry_gateway/share/harvester_telemetry_gateway/hook/pythonpath_develop.sh'
[102.082s] Level 1:colcon.colcon_core.environment:checking '/home/ubuntu/ros2_ws/install' for CMake module files
[102.087s] Level 1:colcon.colcon_core.environment:checking '/home/ubuntu/ros2_ws/install' for CMake config files
[102.093s] Level 1:colcon.colcon_core.shell:create_environment_hook('harvester_telemetry_gateway', 'cmake_prefix_path')
[102.095s] INFO:colcon.colcon_core.shell:Creating environment hook '/home/ubuntu/ros2_ws/install/share/harvester_telemetry_gateway/hook/cmake_prefix_path.ps1'
[102.102s] INFO:colcon.colcon_core.shell:Creating environment descriptor '/home/ubuntu/ros2_ws/install/share/harvester_telemetry_gateway/hook/cmake_prefix_path.dsv'
[102.112s] INFO:colcon.colcon_core.shell:Creating environment hook '/home/ubuntu/ros2_ws/install/share/harvester_telemetry_gateway/hook/cmake_prefix_path.sh'
[102.117s] Level 1:colcon.colcon_core.environment:checking '/home/ubuntu/ros2_ws/install/lib'
[102.117s] Level 1:colcon.colcon_core.shell:create_environment_hook('harvester_telemetry_gateway', 'ld_library_path_lib')
[102.118s] INFO:colcon.colcon_core.shell:Creating environment hook '/home/ubuntu/ros2_ws/install/share/harvester_telemetry_gateway/hook/ld_library_path_lib.ps1'
[102.122s] INFO:colcon.colcon_core.shell:Creating environment descriptor '/home/ubuntu/ros2_ws/install/share/harvester_telemetry_gateway/hook/ld_library_path_lib.dsv'
[102.124s] INFO:colcon.colcon_core.shell:Creating environment hook '/home/ubuntu/ros2_ws/install/share/harvester_telemetry_gateway/hook/ld_library_path_lib.sh'
[102.128s] Level 1:colcon.colcon_core.environment:checking '/home/ubuntu/ros2_ws/install/bin'
[102.129s] Level 1:colcon.colcon_core.environment:checking '/home/ubuntu/ros2_ws/install/lib/pkgconfig/harvester_telemetry_gateway.pc'
[102.131s] Level 1:colcon.colcon_core.environment:checking '/home/ubuntu/ros2_ws/install/lib/python3.8/site-packages'
[102.132s] Level 1:colcon.colcon_core.shell:create_environment_hook('harvester_telemetry_gateway', 'pythonpath')
[102.133s] INFO:colcon.colcon_core.shell:Creating environment hook '/home/ubuntu/ros2_ws/install/share/harvester_telemetry_gateway/hook/pythonpath.ps1'
[102.136s] INFO:colcon.colcon_core.shell:Creating environment descriptor '/home/ubuntu/ros2_ws/install/share/harvester_telemetry_gateway/hook/pythonpath.dsv'
[102.138s] INFO:colcon.colcon_core.shell:Creating environment hook '/home/ubuntu/ros2_ws/install/share/harvester_telemetry_gateway/hook/pythonpath.sh'
[102.142s] Level 1:colcon.colcon_core.environment:checking '/home/ubuntu/ros2_ws/install/bin'
[102.142s] Level 1:colcon.colcon_core.environment:create_environment_scripts_only(harvester_telemetry_gateway)
[102.144s] INFO:colcon.colcon_core.shell:Creating package script '/home/ubuntu/ros2_ws/install/share/harvester_telemetry_gateway/package.ps1'
[102.149s] INFO:colcon.colcon_core.shell:Creating package descriptor '/home/ubuntu/ros2_ws/install/share/harvester_telemetry_gateway/package.dsv'
[102.154s] INFO:colcon.colcon_core.shell:Creating package script '/home/ubuntu/ros2_ws/install/share/harvester_telemetry_gateway/package.sh'
[102.157s] INFO:colcon.colcon_core.shell:Creating package script '/home/ubuntu/ros2_ws/install/share/harvester_telemetry_gateway/package.bash'
[102.159s] INFO:colcon.colcon_core.shell:Creating package script '/home/ubuntu/ros2_ws/install/share/harvester_telemetry_gateway/package.zsh'
[102.162s] Level 1:colcon.colcon_core.environment:create_file_with_runtime_dependencies(/home/ubuntu/ros2_ws/install/share/colcon-core/packages/harvester_telemetry_gateway)
[102.169s] DEBUG:colcon.colcon_parallel_executor.executor.parallel:closing loop
[102.170s] DEBUG:colcon.colcon_parallel_executor.executor.parallel:loop closed
[102.170s] DEBUG:colcon.colcon_parallel_executor.executor.parallel:run_until_complete finished with '0'
[102.170s] DEBUG:colcon.colcon_core.event_reactor:joining thread
[102.204s] INFO:colcon.colcon_core.plugin_system:Skipping extension 'colcon_notification.desktop_notification.terminal_notifier': Not used on non-Darwin systems
[102.205s] INFO:colcon.colcon_core.plugin_system:Skipping extension 'colcon_notification.desktop_notification.win32': Not used on non-Windows systems
[102.205s] INFO:colcon.colcon_notification.desktop_notification:Sending desktop notification using 'notify2'
[102.206s] DEBUG:colcon.colcon_notification.desktop_notification.notify2:Failed to initialize notify2: org.freedesktop.DBus.Error.AccessDenied: Failed to connect to socket /run/user/1000/bus: Operation not permitted
[102.206s] DEBUG:colcon.colcon_core.event_reactor:joined thread
[102.207s] INFO:colcon.colcon_core.shell:Creating prefix script '/home/ubuntu/ros2_ws/install/local_setup.ps1'
[102.213s] INFO:colcon.colcon_core.shell:Creating prefix util module '/home/ubuntu/ros2_ws/install/_local_setup_util_ps1.py'
[102.219s] INFO:colcon.colcon_core.shell:Creating prefix chain script '/home/ubuntu/ros2_ws/install/setup.ps1'
[102.226s] INFO:colcon.colcon_core.shell:Creating prefix script '/home/ubuntu/ros2_ws/install/local_setup.sh'
[102.228s] INFO:colcon.colcon_core.shell:Creating prefix util module '/home/ubuntu/ros2_ws/install/_local_setup_util_sh.py'
[102.231s] INFO:colcon.colcon_core.shell:Creating prefix chain script '/home/ubuntu/ros2_ws/install/setup.sh'
[102.237s] INFO:colcon.colcon_core.shell:Creating prefix script '/home/ubuntu/ros2_ws/install/local_setup.bash'
[102.239s] INFO:colcon.colcon_core.shell:Creating prefix chain script '/home/ubuntu/ros2_ws/install/setup.bash'
[102.245s] INFO:colcon.colcon_core.shell:Creating prefix script '/home/ubuntu/ros2_ws/install/local_setup.zsh'
[102.249s] INFO:colcon.colcon_core.shell:Creating prefix chain script '/home/ubuntu/ros2_ws/install/setup.zsh'
