[0.630s] DEBUG:colcon:Command line arguments: ['/usr/bin/colcon', 'build', '--merge-install', '--packages-select', 'oil_palm_harvester_description', '--symlink-install']
[0.631s] DEBUG:colcon:Parsed command line arguments: Namespace(allow_overriding=[], ament_cmake_args=None, base_paths=['.'], build_base='build', catkin_cmake_args=None, catkin_skip_building_tests=False, cmake_args=None, cmake_clean_cache=False, cmake_clean_first=False, cmake_force_configure=False, cmake_target=None, cmake_target_skip_unavailable=False, continue_on_error=False, event_handlers=None, executor='parallel', ignore_user_meta=False, install_base='install', log_base=None, log_level=None, main=<bound method BuildVerb.main of <colcon_core.verb.build.BuildVerb object at 0xffffbaabc190>>, merge_install=True, metas=['./colcon.meta'], packages_above=None, packages_above_and_dependencies=None, packages_above_depth=None, packages_end=None, packages_ignore=None, packages_ignore_regex=None, packages_select=['oil_palm_harvester_description'], packages_select_build_failed=False, packages_select_by_dep=None, packages_select_regex=None, packages_select_test_failures=False, packages_skip=None, packages_skip_build_finished=False, packages_skip_by_dep=None, packages_skip_regex=None, packages_skip_test_passed=False, packages_skip_up_to=None, packages_start=None, packages_up_to=None, packages_up_to_regex=None, parallel_workers=8, paths=None, symlink_install=True, test_result_base=None, verb_extension=<colcon_core.verb.build.BuildVerb object at 0xffffbaabc190>, verb_name='build', verb_parser=<colcon_defaults.argument_parser.defaults.DefaultArgumentsDecorator object at 0xffffba9698b0>)
[1.131s] Level 1:colcon.colcon_core.package_discovery:discover_packages(colcon_meta) check parameters
[1.131s] Level 1:colcon.colcon_core.package_discovery:discover_packages(recursive) check parameters
[1.131s] Level 1:colcon.colcon_core.package_discovery:discover_packages(ignore) check parameters
[1.131s] Level 1:colcon.colcon_core.package_discovery:discover_packages(path) check parameters
[1.132s] Level 1:colcon.colcon_core.package_discovery:discover_packages(colcon_meta) discover
[1.132s] Level 1:colcon.colcon_core.package_discovery:discover_packages(recursive) discover
[1.132s] INFO:colcon.colcon_core.package_discovery:Crawling recursively for packages in '/home/ubuntu/ros2_ws'
[1.132s] Level 1:colcon.colcon_core.package_identification:_identify(.) by extensions ['ignore', 'ignore_ament_install']
[1.133s] Level 1:colcon.colcon_core.package_identification:_identify(.) by extension 'ignore'
[1.133s] Level 1:colcon.colcon_core.package_identification:_identify(.) by extension 'ignore_ament_install'
[1.133s] Level 1:colcon.colcon_core.package_identification:_identify(.) by extensions ['colcon_pkg']
[1.133s] Level 1:colcon.colcon_core.package_identification:_identify(.) by extension 'colcon_pkg'
[1.133s] Level 1:colcon.colcon_core.package_identification:_identify(.) by extensions ['colcon_meta']
[1.133s] Level 1:colcon.colcon_core.package_identification:_identify(.) by extension 'colcon_meta'
[1.134s] Level 1:colcon.colcon_core.package_identification:_identify(.) by extensions ['ros']
[1.134s] Level 1:colcon.colcon_core.package_identification:_identify(.) by extension 'ros'
[1.170s] Level 1:colcon.colcon_core.package_identification:_identify(.) by extensions ['cmake', 'python']
[1.170s] Level 1:colcon.colcon_core.package_identification:_identify(.) by extension 'cmake'
[1.170s] Level 1:colcon.colcon_core.package_identification:_identify(.) by extension 'python'
[1.171s] Level 1:colcon.colcon_core.package_identification:_identify(.) by extensions ['python_setup_py']
[1.171s] Level 1:colcon.colcon_core.package_identification:_identify(.) by extension 'python_setup_py'
[1.171s] Level 1:colcon.colcon_core.package_identification:_identify(build) by extensions ['ignore', 'ignore_ament_install']
[1.171s] Level 1:colcon.colcon_core.package_identification:_identify(build) by extension 'ignore'
[1.172s] Level 1:colcon.colcon_core.package_identification:_identify(build) ignored
[1.172s] Level 1:colcon.colcon_core.package_identification:_identify(install) by extensions ['ignore', 'ignore_ament_install']
[1.172s] Level 1:colcon.colcon_core.package_identification:_identify(install) by extension 'ignore'
[1.173s] Level 1:colcon.colcon_core.package_identification:_identify(install) ignored
[1.173s] Level 1:colcon.colcon_core.package_identification:_identify(log) by extensions ['ignore', 'ignore_ament_install']
[1.173s] Level 1:colcon.colcon_core.package_identification:_identify(log) by extension 'ignore'
[1.173s] Level 1:colcon.colcon_core.package_identification:_identify(log) ignored
[1.174s] Level 1:colcon.colcon_core.package_identification:_identify(src) by extensions ['ignore', 'ignore_ament_install']
[1.174s] Level 1:colcon.colcon_core.package_identification:_identify(src) by extension 'ignore'
[1.174s] Level 1:colcon.colcon_core.package_identification:_identify(src) by extension 'ignore_ament_install'
[1.174s] Level 1:colcon.colcon_core.package_identification:_identify(src) by extensions ['colcon_pkg']
[1.174s] Level 1:colcon.colcon_core.package_identification:_identify(src) by extension 'colcon_pkg'
[1.174s] Level 1:colcon.colcon_core.package_identification:_identify(src) by extensions ['colcon_meta']
[1.175s] Level 1:colcon.colcon_core.package_identification:_identify(src) by extension 'colcon_meta'
[1.175s] Level 1:colcon.colcon_core.package_identification:_identify(src) by extensions ['ros']
[1.175s] Level 1:colcon.colcon_core.package_identification:_identify(src) by extension 'ros'
[1.175s] Level 1:colcon.colcon_core.package_identification:_identify(src) by extensions ['cmake', 'python']
[1.175s] Level 1:colcon.colcon_core.package_identification:_identify(src) by extension 'cmake'
[1.175s] Level 1:colcon.colcon_core.package_identification:_identify(src) by extension 'python'
[1.176s] Level 1:colcon.colcon_core.package_identification:_identify(src) by extensions ['python_setup_py']
[1.176s] Level 1:colcon.colcon_core.package_identification:_identify(src) by extension 'python_setup_py'
[1.176s] Level 1:colcon.colcon_core.package_identification:_identify(src/oil_palm_harvester_description) by extensions ['ignore', 'ignore_ament_install']
[1.176s] Level 1:colcon.colcon_core.package_identification:_identify(src/oil_palm_harvester_description) by extension 'ignore'
[1.176s] Level 1:colcon.colcon_core.package_identification:_identify(src/oil_palm_harvester_description) by extension 'ignore_ament_install'
[1.177s] Level 1:colcon.colcon_core.package_identification:_identify(src/oil_palm_harvester_description) by extensions ['colcon_pkg']
[1.177s] Level 1:colcon.colcon_core.package_identification:_identify(src/oil_palm_harvester_description) by extension 'colcon_pkg'
[1.177s] Level 1:colcon.colcon_core.package_identification:_identify(src/oil_palm_harvester_description) by extensions ['colcon_meta']
[1.177s] Level 1:colcon.colcon_core.package_identification:_identify(src/oil_palm_harvester_description) by extension 'colcon_meta'
[1.177s] Level 1:colcon.colcon_core.package_identification:_identify(src/oil_palm_harvester_description) by extensions ['ros']
[1.177s] Level 1:colcon.colcon_core.package_identification:_identify(src/oil_palm_harvester_description) by extension 'ros'
[1.185s] DEBUG:colcon.colcon_core.package_identification:Package 'src/oil_palm_harvester_description' with type 'ros.ament_cmake' and name 'oil_palm_harvester_description'
[1.186s] Level 1:colcon.colcon_core.package_identification:_identify(src/oil_palm_tree_description) by extensions ['ignore', 'ignore_ament_install']
[1.186s] Level 1:colcon.colcon_core.package_identification:_identify(src/oil_palm_tree_description) by extension 'ignore'
[1.187s] Level 1:colcon.colcon_core.package_identification:_identify(src/oil_palm_tree_description) by extension 'ignore_ament_install'
[1.187s] Level 1:colcon.colcon_core.package_identification:_identify(src/oil_palm_tree_description) by extensions ['colcon_pkg']
[1.187s] Level 1:colcon.colcon_core.package_identification:_identify(src/oil_palm_tree_description) by extension 'colcon_pkg'
[1.187s] Level 1:colcon.colcon_core.package_identification:_identify(src/oil_palm_tree_description) by extensions ['colcon_meta']
[1.187s] Level 1:colcon.colcon_core.package_identification:_identify(src/oil_palm_tree_description) by extension 'colcon_meta'
[1.187s] Level 1:colcon.colcon_core.package_identification:_identify(src/oil_palm_tree_description) by extensions ['ros']
[1.188s] Level 1:colcon.colcon_core.package_identification:_identify(src/oil_palm_tree_description) by extension 'ros'
[1.189s] DEBUG:colcon.colcon_core.package_identification:Package 'src/oil_palm_tree_description' with type 'ros.catkin' and name 'oil_palm_tree_description'
[1.189s] Level 1:colcon.colcon_core.package_discovery:discover_packages(recursive) using defaults
[1.190s] Level 1:colcon.colcon_core.package_discovery:discover_packages(ignore) discover
[1.190s] Level 1:colcon.colcon_core.package_discovery:discover_packages(ignore) using defaults
[1.190s] Level 1:colcon.colcon_core.package_discovery:discover_packages(path) discover
[1.190s] Level 1:colcon.colcon_core.package_discovery:discover_packages(path) using defaults
[1.235s] INFO:colcon.colcon_core.package_selection:Skipping not selected package 'oil_palm_tree_description' in 'src/oil_palm_tree_description'
[1.236s] Level 1:colcon.colcon_core.package_discovery:discover_packages(prefix_path) check parameters
[1.236s] Level 1:colcon.colcon_core.package_discovery:discover_packages(prefix_path) discover
[1.245s] DEBUG:colcon.colcon_installed_package_information.package_discovery:Found 286 installed packages in /opt/ros/foxy
[1.251s] Level 1:colcon.colcon_core.package_discovery:discover_packages(prefix_path) using defaults
[1.478s] Level 5:colcon.colcon_core.verb:set package 'oil_palm_harvester_description' build argument 'cmake_args' from command line to 'None'
[1.478s] Level 5:colcon.colcon_core.verb:set package 'oil_palm_harvester_description' build argument 'cmake_target' from command line to 'None'
[1.479s] Level 5:colcon.colcon_core.verb:set package 'oil_palm_harvester_description' build argument 'cmake_target_skip_unavailable' from command line to 'False'
[1.479s] Level 5:colcon.colcon_core.verb:set package 'oil_palm_harvester_description' build argument 'cmake_clean_cache' from command line to 'False'
[1.479s] Level 5:colcon.colcon_core.verb:set package 'oil_palm_harvester_description' build argument 'cmake_clean_first' from command line to 'False'
[1.479s] Level 5:colcon.colcon_core.verb:set package 'oil_palm_harvester_description' build argument 'cmake_force_configure' from command line to 'False'
[1.479s] Level 5:colcon.colcon_core.verb:set package 'oil_palm_harvester_description' build argument 'ament_cmake_args' from command line to 'None'
[1.479s] Level 5:colcon.colcon_core.verb:set package 'oil_palm_harvester_description' build argument 'catkin_cmake_args' from command line to 'None'
[1.479s] Level 5:colcon.colcon_core.verb:set package 'oil_palm_harvester_description' build argument 'catkin_skip_building_tests' from command line to 'False'
[1.480s] DEBUG:colcon.colcon_core.verb:Building package 'oil_palm_harvester_description' with the following arguments: {'ament_cmake_args': None, 'build_base': '/home/ubuntu/ros2_ws/build/oil_palm_harvester_description', 'catkin_cmake_args': None, 'catkin_skip_building_tests': False, 'cmake_args': None, 'cmake_clean_cache': False, 'cmake_clean_first': False, 'cmake_force_configure': False, 'cmake_target': None, 'cmake_target_skip_unavailable': False, 'install_base': '/home/ubuntu/ros2_ws/install', 'merge_install': True, 'path': '/home/ubuntu/ros2_ws/src/oil_palm_harvester_description', 'symlink_install': True, 'test_result_base': None}
[1.480s] INFO:colcon.colcon_core.executor:Executing jobs using 'parallel' executor
[1.483s] DEBUG:colcon.colcon_parallel_executor.executor.parallel:run_until_complete
[1.483s] INFO:colcon.colcon_ros.task.ament_cmake.build:Building ROS package in '/home/ubuntu/ros2_ws/src/oil_palm_harvester_description' with build type 'ament_cmake'
[1.484s] INFO:colcon.colcon_cmake.task.cmake.build:Building CMake package in '/home/ubuntu/ros2_ws/src/oil_palm_harvester_description'
[1.491s] INFO:colcon.colcon_core.plugin_system:Skipping extension 'colcon_core.shell.bat': Not used on non-Windows systems
[1.492s] INFO:colcon.colcon_core.shell:Skip shell extension 'powershell' for command environment: Not usable outside of PowerShell
[1.492s] DEBUG:colcon.colcon_core.shell:Skip shell extension 'dsv' for command environment
[1.541s] DEBUG:colcon.colcon_core.event_handler.log_command:Invoking command in '/home/ubuntu/ros2_ws/build/oil_palm_harvester_description': CMAKE_PREFIX_PATH=/opt/ros/foxy:/home/ubuntu/ros2_ws/install CONDA_PROMPT_MODIFIER=(base) PKG_CONFIG_PATH=/home/ubuntu/ros2_ws/install/lib/aarch64-linux-gnu/pkgconfig:/home/ubuntu/ros2_ws/install/lib/pkgconfig ROS_PACKAGE_PATH=/home/ubuntu/ros2_ws/install/share /usr/bin/cmake --build /home/ubuntu/ros2_ws/build/oil_palm_harvester_description -- -j8 -l8
[45.669s] DEBUG:colcon.colcon_core.event_handler.log_command:Invoked command in '/home/ubuntu/ros2_ws/build/oil_palm_harvester_description' returned '0': CMAKE_PREFIX_PATH=/opt/ros/foxy:/home/ubuntu/ros2_ws/install CONDA_PROMPT_MODIFIER=(base) PKG_CONFIG_PATH=/home/ubuntu/ros2_ws/install/lib/aarch64-linux-gnu/pkgconfig:/home/ubuntu/ros2_ws/install/lib/pkgconfig ROS_PACKAGE_PATH=/home/ubuntu/ros2_ws/install/share /usr/bin/cmake --build /home/ubuntu/ros2_ws/build/oil_palm_harvester_description -- -j8 -l8
[45.734s] DEBUG:colcon.colcon_core.event_handler.log_command:Invoking command in '/home/ubuntu/ros2_ws/build/oil_palm_harvester_description': CMAKE_PREFIX_PATH=/opt/ros/foxy:/home/ubuntu/ros2_ws/install CONDA_PROMPT_MODIFIER=(base) PKG_CONFIG_PATH=/home/ubuntu/ros2_ws/install/lib/aarch64-linux-gnu/pkgconfig:/home/ubuntu/ros2_ws/install/lib/pkgconfig ROS_PACKAGE_PATH=/home/ubuntu/ros2_ws/install/share /usr/bin/cmake --install /home/ubuntu/ros2_ws/build/oil_palm_harvester_description
[45.903s] Level 1:colcon.colcon_core.environment:create_environment_scripts_only(oil_palm_harvester_description)
[45.908s] DEBUG:colcon.colcon_core.event_handler.log_command:Invoked command in '/home/ubuntu/ros2_ws/build/oil_palm_harvester_description' returned '0': CMAKE_PREFIX_PATH=/opt/ros/foxy:/home/ubuntu/ros2_ws/install CONDA_PROMPT_MODIFIER=(base) PKG_CONFIG_PATH=/home/ubuntu/ros2_ws/install/lib/aarch64-linux-gnu/pkgconfig:/home/ubuntu/ros2_ws/install/lib/pkgconfig ROS_PACKAGE_PATH=/home/ubuntu/ros2_ws/install/share /usr/bin/cmake --install /home/ubuntu/ros2_ws/build/oil_palm_harvester_description
[45.927s] Level 1:colcon.colcon_core.environment:checking '/home/ubuntu/ros2_ws/install' for CMake module files
[45.932s] Level 1:colcon.colcon_core.environment:checking '/home/ubuntu/ros2_ws/install' for CMake config files
[45.936s] Level 1:colcon.colcon_core.shell:create_environment_hook('oil_palm_harvester_description', 'cmake_prefix_path')
[45.937s] INFO:colcon.colcon_core.shell:Creating environment hook '/home/ubuntu/ros2_ws/install/share/oil_palm_harvester_description/hook/cmake_prefix_path.ps1'
[45.943s] INFO:colcon.colcon_core.shell:Creating environment descriptor '/home/ubuntu/ros2_ws/install/share/oil_palm_harvester_description/hook/cmake_prefix_path.dsv'
[45.945s] INFO:colcon.colcon_core.shell:Creating environment hook '/home/ubuntu/ros2_ws/install/share/oil_palm_harvester_description/hook/cmake_prefix_path.sh'
[45.949s] Level 1:colcon.colcon_core.environment:checking '/home/ubuntu/ros2_ws/install/lib'
[45.950s] Level 1:colcon.colcon_core.shell:create_environment_hook('oil_palm_harvester_description', 'ld_library_path_lib')
[45.950s] INFO:colcon.colcon_core.shell:Creating environment hook '/home/ubuntu/ros2_ws/install/share/oil_palm_harvester_description/hook/ld_library_path_lib.ps1'
[45.952s] INFO:colcon.colcon_core.shell:Creating environment descriptor '/home/ubuntu/ros2_ws/install/share/oil_palm_harvester_description/hook/ld_library_path_lib.dsv'
[45.953s] INFO:colcon.colcon_core.shell:Creating environment hook '/home/ubuntu/ros2_ws/install/share/oil_palm_harvester_description/hook/ld_library_path_lib.sh'
[45.955s] Level 1:colcon.colcon_core.environment:checking '/home/ubuntu/ros2_ws/install/bin'
[45.955s] Level 1:colcon.colcon_core.environment:checking '/home/ubuntu/ros2_ws/install/lib/pkgconfig/oil_palm_harvester_description.pc'
[45.956s] Level 1:colcon.colcon_core.environment:checking '/home/ubuntu/ros2_ws/install/lib/python3.8/site-packages'
[45.957s] Level 1:colcon.colcon_core.environment:checking '/home/ubuntu/ros2_ws/install/bin'
[45.958s] INFO:colcon.colcon_core.shell:Creating package script '/home/ubuntu/ros2_ws/install/share/oil_palm_harvester_description/package.ps1'
[45.962s] INFO:colcon.colcon_core.shell:Creating package descriptor '/home/ubuntu/ros2_ws/install/share/oil_palm_harvester_description/package.dsv'
[45.964s] INFO:colcon.colcon_core.shell:Creating package script '/home/ubuntu/ros2_ws/install/share/oil_palm_harvester_description/package.sh'
[45.967s] INFO:colcon.colcon_core.shell:Creating package script '/home/ubuntu/ros2_ws/install/share/oil_palm_harvester_description/package.bash'
[45.969s] INFO:colcon.colcon_core.shell:Creating package script '/home/ubuntu/ros2_ws/install/share/oil_palm_harvester_description/package.zsh'
[45.971s] Level 1:colcon.colcon_core.environment:create_file_with_runtime_dependencies(/home/ubuntu/ros2_ws/install/share/colcon-core/packages/oil_palm_harvester_description)
[45.974s] Level 1:colcon.colcon_core.environment:create_environment_scripts_only(oil_palm_harvester_description)
[45.975s] Level 1:colcon.colcon_core.environment:checking '/home/ubuntu/ros2_ws/install' for CMake module files
[45.977s] Level 1:colcon.colcon_core.environment:checking '/home/ubuntu/ros2_ws/install' for CMake config files
[45.979s] Level 1:colcon.colcon_core.shell:create_environment_hook('oil_palm_harvester_description', 'cmake_prefix_path')
[45.980s] INFO:colcon.colcon_core.shell:Creating environment hook '/home/ubuntu/ros2_ws/install/share/oil_palm_harvester_description/hook/cmake_prefix_path.ps1'
[45.982s] INFO:colcon.colcon_core.shell:Creating environment descriptor '/home/ubuntu/ros2_ws/install/share/oil_palm_harvester_description/hook/cmake_prefix_path.dsv'
[45.983s] INFO:colcon.colcon_core.shell:Creating environment hook '/home/ubuntu/ros2_ws/install/share/oil_palm_harvester_description/hook/cmake_prefix_path.sh'
[45.985s] Level 1:colcon.colcon_core.environment:checking '/home/ubuntu/ros2_ws/install/lib'
[45.986s] Level 1:colcon.colcon_core.shell:create_environment_hook('oil_palm_harvester_description', 'ld_library_path_lib')
[45.986s] INFO:colcon.colcon_core.shell:Creating environment hook '/home/ubuntu/ros2_ws/install/share/oil_palm_harvester_description/hook/ld_library_path_lib.ps1'
[45.988s] INFO:colcon.colcon_core.shell:Creating environment descriptor '/home/ubuntu/ros2_ws/install/share/oil_palm_harvester_description/hook/ld_library_path_lib.dsv'
[45.989s] INFO:colcon.colcon_core.shell:Creating environment hook '/home/ubuntu/ros2_ws/install/share/oil_palm_harvester_description/hook/ld_library_path_lib.sh'
[45.990s] Level 1:colcon.colcon_core.environment:checking '/home/ubuntu/ros2_ws/install/bin'
[45.990s] Level 1:colcon.colcon_core.environment:checking '/home/ubuntu/ros2_ws/install/lib/pkgconfig/oil_palm_harvester_description.pc'
[45.991s] Level 1:colcon.colcon_core.environment:checking '/home/ubuntu/ros2_ws/install/lib/python3.8/site-packages'
[45.992s] Level 1:colcon.colcon_core.environment:checking '/home/ubuntu/ros2_ws/install/bin'
[45.993s] INFO:colcon.colcon_core.shell:Creating package script '/home/ubuntu/ros2_ws/install/share/oil_palm_harvester_description/package.ps1'
[45.996s] INFO:colcon.colcon_core.shell:Creating package descriptor '/home/ubuntu/ros2_ws/install/share/oil_palm_harvester_description/package.dsv'
[45.998s] INFO:colcon.colcon_core.shell:Creating package script '/home/ubuntu/ros2_ws/install/share/oil_palm_harvester_description/package.sh'
[46.000s] INFO:colcon.colcon_core.shell:Creating package script '/home/ubuntu/ros2_ws/install/share/oil_palm_harvester_description/package.bash'
[46.001s] INFO:colcon.colcon_core.shell:Creating package script '/home/ubuntu/ros2_ws/install/share/oil_palm_harvester_description/package.zsh'
[46.003s] Level 1:colcon.colcon_core.environment:create_file_with_runtime_dependencies(/home/ubuntu/ros2_ws/install/share/colcon-core/packages/oil_palm_harvester_description)
[46.004s] DEBUG:colcon.colcon_parallel_executor.executor.parallel:closing loop
[46.006s] DEBUG:colcon.colcon_parallel_executor.executor.parallel:loop closed
[46.006s] DEBUG:colcon.colcon_parallel_executor.executor.parallel:run_until_complete finished with '0'
[46.007s] DEBUG:colcon.colcon_core.event_reactor:joining thread
[46.029s] INFO:colcon.colcon_core.plugin_system:Skipping extension 'colcon_notification.desktop_notification.terminal_notifier': Not used on non-Darwin systems
[46.029s] INFO:colcon.colcon_core.plugin_system:Skipping extension 'colcon_notification.desktop_notification.win32': Not used on non-Windows systems
[46.029s] INFO:colcon.colcon_notification.desktop_notification:Sending desktop notification using 'notify2'
[46.109s] DEBUG:colcon.colcon_core.event_reactor:joined thread
[46.110s] INFO:colcon.colcon_core.shell:Creating prefix script '/home/ubuntu/ros2_ws/install/local_setup.ps1'
[46.114s] INFO:colcon.colcon_core.shell:Creating prefix util module '/home/ubuntu/ros2_ws/install/_local_setup_util_ps1.py'
[46.118s] INFO:colcon.colcon_core.shell:Creating prefix chain script '/home/ubuntu/ros2_ws/install/setup.ps1'
[46.123s] INFO:colcon.colcon_core.shell:Creating prefix script '/home/ubuntu/ros2_ws/install/local_setup.sh'
[46.125s] INFO:colcon.colcon_core.shell:Creating prefix util module '/home/ubuntu/ros2_ws/install/_local_setup_util_sh.py'
[46.128s] INFO:colcon.colcon_core.shell:Creating prefix chain script '/home/ubuntu/ros2_ws/install/setup.sh'
[46.132s] INFO:colcon.colcon_core.shell:Creating prefix script '/home/ubuntu/ros2_ws/install/local_setup.bash'
[46.134s] INFO:colcon.colcon_core.shell:Creating prefix chain script '/home/ubuntu/ros2_ws/install/setup.bash'
[46.137s] INFO:colcon.colcon_core.shell:Creating prefix script '/home/ubuntu/ros2_ws/install/local_setup.zsh'
[46.140s] INFO:colcon.colcon_core.shell:Creating prefix chain script '/home/ubuntu/ros2_ws/install/setup.zsh'
