[0.058s] Invoking command in '/home/ubuntu/ros2_ws/build/oil_palm_harvester_description': CMAKE_PREFIX_PATH=/opt/ros/foxy:${CMAKE_PREFIX_PATH} CONDA_PROMPT_MODIFIER=(base) /usr/bin/cmake /home/ubuntu/ros2_ws/src/oil_palm_harvester_description -DCMAKE_INSTALL_PREFIX=/home/ubuntu/ros2_ws/install
[0.113s] -- Found ament_cmake: 0.9.12 (/opt/ros/foxy/share/ament_cmake/cmake)
[0.195s] -- Using PYTHON_EXECUTABLE: /usr/bin/python3
[1.049s] -- Configuring done
[1.060s] -- Generating done
[1.067s] -- Build files have been written to: /home/ubuntu/ros2_ws/build/oil_palm_harvester_description
[1.077s] Invoked command in '/home/ubuntu/ros2_ws/build/oil_palm_harvester_description' returned '0': CMAKE_PREFIX_PATH=/opt/ros/foxy:${CMAKE_PREFIX_PATH} CONDA_PROMPT_MODIFIER=(base) /usr/bin/cmake /home/ubuntu/ros2_ws/src/oil_palm_harvester_description -DCMAKE_INSTALL_PREFIX=/home/ubuntu/ros2_ws/install
[1.092s] Invoking command in '/home/ubuntu/ros2_ws/build/oil_palm_harvester_description': CMAKE_PREFIX_PATH=/opt/ros/foxy:${CMAKE_PREFIX_PATH} CONDA_PROMPT_MODIFIER=(base) /usr/bin/cmake --build /home/ubuntu/ros2_ws/build/oil_palm_harvester_description -- -j8 -l8
[1.261s] Invoked command in '/home/ubuntu/ros2_ws/build/oil_palm_harvester_description' returned '0': CMAKE_PREFIX_PATH=/opt/ros/foxy:${CMAKE_PREFIX_PATH} CONDA_PROMPT_MODIFIER=(base) /usr/bin/cmake --build /home/ubuntu/ros2_ws/build/oil_palm_harvester_description -- -j8 -l8
[1.313s] Invoking command in '/home/ubuntu/ros2_ws/build/oil_palm_harvester_description': CMAKE_PREFIX_PATH=/opt/ros/foxy:${CMAKE_PREFIX_PATH} CONDA_PROMPT_MODIFIER=(base) /usr/bin/cmake --install /home/ubuntu/ros2_ws/build/oil_palm_harvester_description
[1.342s] -- Install configuration: ""
[1.344s] -- Up-to-date: /home/ubuntu/ros2_ws/install/share/oil_palm_harvester_description/urdf
[1.345s] -- Up-to-date: /home/ubuntu/ros2_ws/install/share/oil_palm_harvester_description/urdf/oil_palm_harvester_estimated.urdf
[1.345s] -- Up-to-date: /home/ubuntu/ros2_ws/install/share/oil_palm_harvester_description/urdf/oil_palm_harvester_kinematic.urdf
[1.346s] -- Up-to-date: /home/ubuntu/ros2_ws/install/share/oil_palm_harvester_description/meshes
[1.346s] -- Up-to-date: /home/ubuntu/ros2_ws/install/share/oil_palm_harvester_description/meshes/collision
[1.346s] -- Up-to-date: /home/ubuntu/ros2_ws/install/share/oil_palm_harvester_description/meshes/collision/wheel.stl
[1.347s] -- Up-to-date: /home/ubuntu/ros2_ws/install/share/oil_palm_harvester_description/meshes/collision/depth_camera_estimated.stl
[1.348s] -- Up-to-date: /home/ubuntu/ros2_ws/install/share/oil_palm_harvester_description/meshes/collision/lidar_mid360_estimated.stl
[1.348s] -- Up-to-date: /home/ubuntu/ros2_ws/install/share/oil_palm_harvester_description/meshes/collision/range_sensor.stl
[1.349s] -- Up-to-date: /home/ubuntu/ros2_ws/install/share/oil_palm_harvester_description/meshes/mesh_inventory.csv
[1.349s] -- Up-to-date: /home/ubuntu/ros2_ws/install/share/oil_palm_harvester_description/meshes/visual
[1.350s] -- Up-to-date: /home/ubuntu/ros2_ws/install/share/oil_palm_harvester_description/meshes/visual/cutting_arm_link.stl
[1.350s] -- Up-to-date: /home/ubuntu/ros2_ws/install/share/oil_palm_harvester_description/meshes/visual/wheel.stl
[1.350s] -- Up-to-date: /home/ubuntu/ros2_ws/install/share/oil_palm_harvester_description/meshes/visual/cutting_tool.stl
[1.351s] -- Up-to-date: /home/ubuntu/ros2_ws/install/share/oil_palm_harvester_description/meshes/visual/cutting_arm_base.stl
[1.351s] -- Up-to-date: /home/ubuntu/ros2_ws/install/share/oil_palm_harvester_description/meshes/visual/boom_stage_0.stl
[1.351s] -- Up-to-date: /home/ubuntu/ros2_ws/install/share/oil_palm_harvester_description/meshes/visual/boom_stage_2.stl
[1.352s] -- Up-to-date: /home/ubuntu/ros2_ws/install/share/oil_palm_harvester_description/meshes/visual/rail_carriage.stl
[1.352s] -- Up-to-date: /home/ubuntu/ros2_ws/install/share/oil_palm_harvester_description/meshes/visual/platform_mount.stl
[1.355s] -- Up-to-date: /home/ubuntu/ros2_ws/install/share/oil_palm_harvester_description/meshes/visual/depth_camera_estimated.stl
[1.357s] -- Up-to-date: /home/ubuntu/ros2_ws/install/share/oil_palm_harvester_description/meshes/visual/lidar_mid360_estimated.stl
[1.358s] -- Up-to-date: /home/ubuntu/ros2_ws/install/share/oil_palm_harvester_description/meshes/visual/boom_stage_4.stl
[1.358s] -- Up-to-date: /home/ubuntu/ros2_ws/install/share/oil_palm_harvester_description/meshes/visual/boom_turret.stl
[1.359s] -- Up-to-date: /home/ubuntu/ros2_ws/install/share/oil_palm_harvester_description/meshes/visual/boom_stage_1.stl
[1.359s] -- Up-to-date: /home/ubuntu/ros2_ws/install/share/oil_palm_harvester_description/meshes/visual/c_channel_platform.stl
[1.359s] -- Up-to-date: /home/ubuntu/ros2_ws/install/share/oil_palm_harvester_description/meshes/visual/range_sensor.stl
[1.360s] -- Up-to-date: /home/ubuntu/ros2_ws/install/share/oil_palm_harvester_description/meshes/visual/vehicle_body.stl
[1.360s] -- Up-to-date: /home/ubuntu/ros2_ws/install/share/oil_palm_harvester_description/meshes/visual/boom_stage_3.stl
[1.360s] -- Up-to-date: /home/ubuntu/ros2_ws/install/share/oil_palm_harvester_description/launch
[1.361s] -- Up-to-date: /home/ubuntu/ros2_ws/install/share/oil_palm_harvester_description/launch/display.launch.py
[1.361s] -- Installing: /home/ubuntu/ros2_ws/install/share/oil_palm_harvester_description/launch/gazebo_docking_with_camera_view.launch.py
[1.362s] -- Up-to-date: /home/ubuntu/ros2_ws/install/share/oil_palm_harvester_description/launch/gazebo_docking.launch.py
[1.362s] -- Installing: /home/ubuntu/ros2_ws/install/share/oil_palm_harvester_description/launch/display_harvester_and_tree.launch.py
[1.363s] -- Up-to-date: /home/ubuntu/ros2_ws/install/share/oil_palm_harvester_description/config
[1.363s] -- Up-to-date: /home/ubuntu/ros2_ws/install/share/oil_palm_harvester_description/config/example_joint_positions.yaml
[1.363s] -- Up-to-date: /home/ubuntu/ros2_ws/install/share/oil_palm_harvester_description/config/controllers.yaml
[1.364s] -- Up-to-date: /home/ubuntu/ros2_ws/install/share/oil_palm_harvester_description/worlds
[1.365s] -- Up-to-date: /home/ubuntu/ros2_ws/install/share/oil_palm_harvester_description/worlds/docking.world
[1.365s] -- Up-to-date: /home/ubuntu/ros2_ws/install/share/oil_palm_harvester_description/preview
[1.365s] -- Up-to-date: /home/ubuntu/ros2_ws/install/share/oil_palm_harvester_description/preview/oil_palm_harvester_estimated.glb
[1.365s] -- Up-to-date: /home/ubuntu/ros2_ws/install/share/oil_palm_harvester_description/preview/estimated_model_preview.png
[1.366s] -- Up-to-date: /home/ubuntu/ros2_ws/install/share/oil_palm_harvester_description/rviz
[1.366s] -- Up-to-date: /home/ubuntu/ros2_ws/install/share/oil_palm_harvester_description/rviz/harvester_tree_combined.rviz
[1.366s] -- Installing: /home/ubuntu/ros2_ws/install/share/oil_palm_harvester_description/scripts/publish_urdf.py
[1.367s] -- Up-to-date: /home/ubuntu/ros2_ws/install/share/ament_index/resource_index/package_run_dependencies/oil_palm_harvester_description
[1.367s] -- Installing: /home/ubuntu/ros2_ws/install/share/ament_index/resource_index/parent_prefix_path/oil_palm_harvester_description
[1.367s] -- Up-to-date: /home/ubuntu/ros2_ws/install/share/oil_palm_harvester_description/environment/ament_prefix_path.sh
[1.367s] -- Installing: /home/ubuntu/ros2_ws/install/share/oil_palm_harvester_description/environment/ament_prefix_path.dsv
[1.368s] -- Up-to-date: /home/ubuntu/ros2_ws/install/share/oil_palm_harvester_description/environment/path.sh
[1.368s] -- Installing: /home/ubuntu/ros2_ws/install/share/oil_palm_harvester_description/environment/path.dsv
[1.368s] -- Up-to-date: /home/ubuntu/ros2_ws/install/share/oil_palm_harvester_description/local_setup.bash
[1.368s] -- Up-to-date: /home/ubuntu/ros2_ws/install/share/oil_palm_harvester_description/local_setup.sh
[1.369s] -- Up-to-date: /home/ubuntu/ros2_ws/install/share/oil_palm_harvester_description/local_setup.zsh
[1.371s] -- Installing: /home/ubuntu/ros2_ws/install/share/oil_palm_harvester_description/local_setup.dsv
[1.373s] -- Installing: /home/ubuntu/ros2_ws/install/share/oil_palm_harvester_description/package.dsv
[1.376s] -- Up-to-date: /home/ubuntu/ros2_ws/install/share/ament_index/resource_index/packages/oil_palm_harvester_description
[1.378s] -- Up-to-date: /home/ubuntu/ros2_ws/install/share/oil_palm_harvester_description/cmake/oil_palm_harvester_descriptionConfig.cmake
[1.379s] -- Up-to-date: /home/ubuntu/ros2_ws/install/share/oil_palm_harvester_description/cmake/oil_palm_harvester_descriptionConfig-version.cmake
[1.379s] -- Up-to-date: /home/ubuntu/ros2_ws/install/share/oil_palm_harvester_description/package.xml
[1.380s] Invoked command in '/home/ubuntu/ros2_ws/build/oil_palm_harvester_description' returned '0': CMAKE_PREFIX_PATH=/opt/ros/foxy:${CMAKE_PREFIX_PATH} CONDA_PROMPT_MODIFIER=(base) /usr/bin/cmake --install /home/ubuntu/ros2_ws/build/oil_palm_harvester_description
