[0.079s] Invoking command in '/home/ubuntu/ros2_ws/build/oil_palm_harvester_description': CMAKE_PREFIX_PATH=/opt/ros/foxy:/home/ubuntu/ros2_ws/install CONDA_PROMPT_MODIFIER=(base) PKG_CONFIG_PATH=/home/ubuntu/ros2_ws/install/lib/aarch64-linux-gnu/pkgconfig:/home/ubuntu/ros2_ws/install/lib/pkgconfig ROS_PACKAGE_PATH=/home/ubuntu/ros2_ws/install/share /usr/bin/cmake --build /home/ubuntu/ros2_ws/build/oil_palm_harvester_description -- -j8 -l8
[0.278s] -- Found ament_cmake: 0.9.12 (/opt/ros/foxy/share/ament_cmake/cmake)
[0.388s] -- Using PYTHON_EXECUTABLE: /usr/bin/python3
[1.261s] -- Override CMake install command with custom implementation using symlinks instead of copying resources
[1.299s] -- Found gazebo_dev: 3.5.3 (/opt/ros/foxy/share/gazebo_dev/cmake)
[1.548s] -- Found DART: /usr/include (Required is at least version "6.6") found components: dart 
[1.700s] -- Found Protobuf: /usr/lib/aarch64-linux-gnu/libprotobuf.so;-lpthread (found version "3.6.1") 
[1.709s] -- Looking for ignition-math6 -- found version 6.15.1
[1.728s] -- Searching for dependencies of ignition-math6
[1.736s] -- Looking for OGRE...
[1.764s] -- Found Ogre Ghadamon (1.9.0)
[1.765s] -- Found OGRE: optimized;/usr/lib/aarch64-linux-gnu/libOgreMain.so;debug;/usr/lib/aarch64-linux-gnu/libOgreMain.so
[1.799s] -- Looking for OGRE_Paging...
[1.802s] -- Found OGRE_Paging: optimized;/usr/lib/aarch64-linux-gnu/libOgrePaging.so;debug;/usr/lib/aarch64-linux-gnu/libOgrePaging.so
[1.802s] -- Looking for OGRE_Terrain...
[1.803s] -- Found OGRE_Terrain: optimized;/usr/lib/aarch64-linux-gnu/libOgreTerrain.so;debug;/usr/lib/aarch64-linux-gnu/libOgreTerrain.so
[1.803s] -- Looking for OGRE_Property...
[1.804s] -- Found OGRE_Property: optimized;/usr/lib/aarch64-linux-gnu/libOgreProperty.so;debug;/usr/lib/aarch64-linux-gnu/libOgreProperty.so
[1.805s] -- Looking for OGRE_RTShaderSystem...
[1.805s] -- Found OGRE_RTShaderSystem: optimized;/usr/lib/aarch64-linux-gnu/libOgreRTShaderSystem.so;debug;/usr/lib/aarch64-linux-gnu/libOgreRTShaderSystem.so
[1.806s] -- Looking for OGRE_Volume...
[1.807s] -- Found OGRE_Volume: optimized;/usr/lib/aarch64-linux-gnu/libOgreVolume.so;debug;/usr/lib/aarch64-linux-gnu/libOgreVolume.so
[1.808s] -- Looking for OGRE_Overlay...
[1.809s] -- Found OGRE_Overlay: optimized;/usr/lib/aarch64-linux-gnu/libOgreOverlay.so;debug;/usr/lib/aarch64-linux-gnu/libOgreOverlay.so
[2.428s] -- Looking for ignition-math6 -- found version 6.15.1
[2.430s] -- Looking for ignition-transport8 -- found version 8.3.0
[2.432s] -- Searching for dependencies of ignition-transport8
[2.509s] -- Found Protobuf: /usr/lib/aarch64-linux-gnu/libprotobuf.so;-lpthread (found suitable version "3.6.1", minimum required is "3") 
[2.536s] -- Checking for module 'uuid'
[2.642s] --   Found uuid, version 2.34.0
[2.922s] -- Looking for ignition-msgs5 -- found version 5.10.0
[2.927s] -- Searching for dependencies of ignition-msgs5
[3.013s] -- Looking for ignition-math6 -- found version 6.15.1
[3.039s] -- Checking for module 'tinyxml2'
[3.143s] --   Found tinyxml2, version 6.2.0
[3.426s] -- Looking for ignition-msgs5 -- found version 5.10.0
[3.428s] -- Looking for ignition-common3 -- found version 3.14.2
[3.432s] -- Searching for dependencies of ignition-common3
[3.432s] -- Looking for dlfcn.h - found
[3.433s] -- Looking for libdl - found
[3.479s] -- Searching for <ignition-common3> component [graphics]
[3.479s] -- Looking for ignition-common3-graphics -- found version 3.14.2
[3.482s] -- Searching for dependencies of ignition-common3-graphics
[3.485s] -- Looking for ignition-math6 -- found version 6.15.1
[3.491s] -- Looking for ignition-fuel_tools4 -- found version 4.6.0
[3.494s] -- Searching for dependencies of ignition-fuel_tools4
[3.655s] -- Checking for module 'jsoncpp'
[3.757s] --   Found jsoncpp, version 1.7.4
[4.040s] -- Checking for module 'libzip'
[4.143s] --   Found libzip, version 1.5.1
[4.408s] -- Looking for ignition-common3 -- found version 3.14.2
[4.410s] -- Looking for ignition-math6 -- found version 6.15.1
[4.411s] -- Looking for ignition-msgs5 -- found version 5.10.0
[4.417s] -- Gazebo version: 11.11
[4.423s] -- Found gazebo_ros: 3.5.3 (/opt/ros/foxy/share/gazebo_ros/cmake)
[4.555s] -- Using all available rosidl_typesupport_c: rosidl_typesupport_fastrtps_c;rosidl_typesupport_introspection_c
[4.573s] -- Found rosidl_adapter: 1.3.1 (/opt/ros/foxy/share/rosidl_adapter/cmake)
[5.109s] -- Using all available rosidl_typesupport_cpp: rosidl_typesupport_fastrtps_cpp;rosidl_typesupport_introspection_cpp
[5.303s] -- Found rmw_implementation_cmake: 1.0.4 (/opt/ros/foxy/share/rmw_implementation_cmake/cmake)
[5.310s] -- Using RMW implementation 'rmw_fastrtps_cpp' as default
[5.830s] -- Found sensor_msgs: 2.0.5 (/opt/ros/foxy/share/sensor_msgs/cmake)
[6.186s] -- Found tf2_ros: 0.13.14 (/opt/ros/foxy/share/tf2_ros/cmake)
[7.207s] -- Found pluginlib: 2.5.4 (/opt/ros/foxy/share/pluginlib/cmake)
[7.271s] -- Found rviz_common: 8.2.8 (/opt/ros/foxy/share/rviz_common/cmake)
[7.313s] -- Setting OGRE_DIR to: '/opt/ros/foxy/share/rviz_ogre_vendor/cmake/../../../opt/rviz_ogre_vendor/lib/OGRE/cmake'
[7.322s] -- Found OGRE
[7.323s] --   static     : OFF
[7.323s] --   components : HLMS;MeshLodGenerator;Overlay;Paging;Property;RTShaderSystem;Terrain;Volume
[7.328s] --   plugins    : Plugin_BSPSceneManager;Plugin_OctreeSceneManager;Plugin_PCZSceneManager;Plugin_ParticleFX;RenderSystem_GL;RenderSystem_GL3Plus;Codec_STBI
[7.328s] --   media      : /opt/ros/foxy/opt/rviz_ogre_vendor/share/OGRE/Media
[7.329s] -- OGRE_LIBRARIES: OgreHLMS;OgreMeshLodGenerator;OgreOverlay;OgrePaging;OgreProperty;OgreRTShaderSystem;OgreTerrain;OgreVolume;OgreMain
[7.329s] -- OGRE_LIBRARY_DIRS: /opt/ros/foxy/opt/rviz_ogre_vendor/lib
[7.330s] -- OGRE_PLUGINS: Plugin_BSPSceneManager;Plugin_OctreeSceneManager;Plugin_PCZSceneManager;Plugin_ParticleFX;RenderSystem_GL;RenderSystem_GL3Plus;Codec_STBI
[7.330s] -- OGRE_PLUGIN_DIR: /opt/ros/foxy/opt/rviz_ogre_vendor/lib/OGRE
[7.331s] -- rviz_ogre_vendor::OgreOverlay for IMPORTED_LOCATION_RELEASE: /opt/ros/foxy/opt/rviz_ogre_vendor/lib/libOgreOverlay.so
[7.331s] -- rviz_ogre_vendor::OgreOverlay for IMPORTED_LOCATION_DEBUG: /opt/ros/foxy/opt/rviz_ogre_vendor/lib/libOgreOverlay.so
[7.331s] -- rviz_ogre_vendor::OgreMain for IMPORTED_LOCATION_RELEASE: /opt/ros/foxy/opt/rviz_ogre_vendor/lib/libOgreMain.so
[7.332s] -- rviz_ogre_vendor::OgreMain for IMPORTED_LOCATION_DEBUG: /opt/ros/foxy/opt/rviz_ogre_vendor/lib/libOgreMain.so
[7.480s] -- rviz_ogre_vendor::RenderSystem_GL for IMPORTED_LOCATION_RELEASE: _render_system_gl_static_library_abs-NOTFOUND
[7.481s] -- rviz_ogre_vendor::RenderSystem_GL for IMPORTED_LOCATION_DEBUG: _render_system_gl_static_library_abs-NOTFOUND
[7.491s] -- library: libassimp.so.5
[7.585s] -- library: /usr/lib/aarch64-linux-gnu/libcurl.so
[7.943s] -- Setting yaml-cpp_DIR to: '/opt/ros/foxy/share/yaml_cpp_vendor/cmake/../../../opt/yaml_cpp_vendor/lib/cmake/yaml-cpp'
[8.329s] -- Configuring done
[8.741s] -- Generating done
[8.843s] -- Build files have been written to: /home/ubuntu/ros2_ws/build/oil_palm_harvester_description
[9.074s] [ 16%] Automatic MOC for target harvester_range_sensor_panel
[9.234s] [ 50%] Built target harvester_kinematic_gazebo_plugin
[9.969s] [ 50%] Built target harvester_range_sensor_panel_autogen
[10.238s] Scanning dependencies of target harvester_range_sensor_panel
[10.330s] [ 66%] Building CXX object CMakeFiles/harvester_range_sensor_panel.dir/harvester_range_sensor_panel_autogen/mocs_compilation.cpp.o
[21.137s] [ 83%] Linking CXX shared library libharvester_range_sensor_panel.so
[23.739s] [100%] Built target harvester_range_sensor_panel
[30.007s] Invoked command in '/home/ubuntu/ros2_ws/build/oil_palm_harvester_description' returned '0': CMAKE_PREFIX_PATH=/opt/ros/foxy:/home/ubuntu/ros2_ws/install CONDA_PROMPT_MODIFIER=(base) PKG_CONFIG_PATH=/home/ubuntu/ros2_ws/install/lib/aarch64-linux-gnu/pkgconfig:/home/ubuntu/ros2_ws/install/lib/pkgconfig ROS_PACKAGE_PATH=/home/ubuntu/ros2_ws/install/share /usr/bin/cmake --build /home/ubuntu/ros2_ws/build/oil_palm_harvester_description -- -j8 -l8
[30.063s] Invoking command in '/home/ubuntu/ros2_ws/build/oil_palm_harvester_description': CMAKE_PREFIX_PATH=/opt/ros/foxy:/home/ubuntu/ros2_ws/install CONDA_PROMPT_MODIFIER=(base) PKG_CONFIG_PATH=/home/ubuntu/ros2_ws/install/lib/aarch64-linux-gnu/pkgconfig:/home/ubuntu/ros2_ws/install/lib/pkgconfig ROS_PACKAGE_PATH=/home/ubuntu/ros2_ws/install/share /usr/bin/cmake --install /home/ubuntu/ros2_ws/build/oil_palm_harvester_description
[30.115s] -- Install configuration: ""
[30.118s] -- Execute custom install script
[30.122s] -- Up-to-date symlink: /home/ubuntu/ros2_ws/install/share/oil_palm_harvester_description/rviz/range_sensor_panel_plugin.xml
[30.125s] -- Up-to-date symlink: /home/ubuntu/ros2_ws/install/share/oil_palm_harvester_description/urdf/oil_palm_harvester_estimated.urdf
[30.132s] -- Up-to-date symlink: /home/ubuntu/ros2_ws/install/share/oil_palm_harvester_description/urdf/oil_palm_harvester_kinematic.urdf
[30.133s] -- Up-to-date symlink: /home/ubuntu/ros2_ws/install/share/oil_palm_harvester_description/meshes/collision/depth_camera_estimated.stl
[30.133s] -- Up-to-date symlink: /home/ubuntu/ros2_ws/install/share/oil_palm_harvester_description/meshes/collision/lidar_mid360_estimated.stl
[30.135s] -- Up-to-date symlink: /home/ubuntu/ros2_ws/install/share/oil_palm_harvester_description/meshes/collision/range_sensor.stl
[30.136s] -- Up-to-date symlink: /home/ubuntu/ros2_ws/install/share/oil_palm_harvester_description/meshes/collision/wheel.stl
[30.142s] -- Up-to-date symlink: /home/ubuntu/ros2_ws/install/share/oil_palm_harvester_description/meshes/mesh_inventory.csv
[30.143s] -- Up-to-date symlink: /home/ubuntu/ros2_ws/install/share/oil_palm_harvester_description/meshes/visual/boom_stage_0.stl
[30.145s] -- Up-to-date symlink: /home/ubuntu/ros2_ws/install/share/oil_palm_harvester_description/meshes/visual/boom_stage_1.stl
[30.147s] -- Up-to-date symlink: /home/ubuntu/ros2_ws/install/share/oil_palm_harvester_description/meshes/visual/boom_stage_2.stl
[30.151s] -- Up-to-date symlink: /home/ubuntu/ros2_ws/install/share/oil_palm_harvester_description/meshes/visual/boom_stage_3.stl
[30.152s] -- Up-to-date symlink: /home/ubuntu/ros2_ws/install/share/oil_palm_harvester_description/meshes/visual/boom_stage_4.stl
[30.154s] -- Up-to-date symlink: /home/ubuntu/ros2_ws/install/share/oil_palm_harvester_description/meshes/visual/boom_turret.stl
[30.158s] -- Up-to-date symlink: /home/ubuntu/ros2_ws/install/share/oil_palm_harvester_description/meshes/visual/c_channel_platform.stl
[30.160s] -- Up-to-date symlink: /home/ubuntu/ros2_ws/install/share/oil_palm_harvester_description/meshes/visual/cutting_arm_base.stl
[30.163s] -- Up-to-date symlink: /home/ubuntu/ros2_ws/install/share/oil_palm_harvester_description/meshes/visual/cutting_arm_link.stl
[30.164s] -- Up-to-date symlink: /home/ubuntu/ros2_ws/install/share/oil_palm_harvester_description/meshes/visual/cutting_tool.stl
[30.166s] -- Up-to-date symlink: /home/ubuntu/ros2_ws/install/share/oil_palm_harvester_description/meshes/visual/depth_camera_estimated.stl
[30.167s] -- Up-to-date symlink: /home/ubuntu/ros2_ws/install/share/oil_palm_harvester_description/meshes/visual/lidar_mid360_estimated.stl
[30.170s] -- Up-to-date symlink: /home/ubuntu/ros2_ws/install/share/oil_palm_harvester_description/meshes/visual/platform_mount.stl
[30.170s] -- Up-to-date symlink: /home/ubuntu/ros2_ws/install/share/oil_palm_harvester_description/meshes/visual/rail_carriage.stl
[30.173s] -- Up-to-date symlink: /home/ubuntu/ros2_ws/install/share/oil_palm_harvester_description/meshes/visual/range_sensor.stl
[30.173s] -- Up-to-date symlink: /home/ubuntu/ros2_ws/install/share/oil_palm_harvester_description/meshes/visual/vehicle_body.stl
[30.174s] -- Up-to-date symlink: /home/ubuntu/ros2_ws/install/share/oil_palm_harvester_description/meshes/visual/wheel.stl
[30.174s] -- Up-to-date symlink: /home/ubuntu/ros2_ws/install/share/oil_palm_harvester_description/launch/__pycache__/display.launch.cpython-38.pyc
[30.174s] -- Up-to-date symlink: /home/ubuntu/ros2_ws/install/share/oil_palm_harvester_description/launch/__pycache__/display_harvester_and_tree.launch.cpython-38.pyc
[30.175s] -- Up-to-date symlink: /home/ubuntu/ros2_ws/install/share/oil_palm_harvester_description/launch/__pycache__/gazebo_docking.launch.cpython-38.pyc
[30.175s] -- Up-to-date symlink: /home/ubuntu/ros2_ws/install/share/oil_palm_harvester_description/launch/__pycache__/gazebo_harvester_and_tree.launch.cpython-38.pyc
[30.179s] -- Up-to-date symlink: /home/ubuntu/ros2_ws/install/share/oil_palm_harvester_description/launch/display.launch.py
[30.179s] -- Up-to-date symlink: /home/ubuntu/ros2_ws/install/share/oil_palm_harvester_description/launch/display_harvester_and_tree.launch.py
[30.180s] -- Up-to-date symlink: /home/ubuntu/ros2_ws/install/share/oil_palm_harvester_description/launch/gazebo_docking.launch.py
[30.181s] -- Up-to-date symlink: /home/ubuntu/ros2_ws/install/share/oil_palm_harvester_description/launch/gazebo_docking_with_camera_view.launch.py
[30.181s] -- Up-to-date symlink: /home/ubuntu/ros2_ws/install/share/oil_palm_harvester_description/launch/gazebo_harvester_and_tree.launch.py
[30.190s] -- Up-to-date symlink: /home/ubuntu/ros2_ws/install/share/oil_palm_harvester_description/config/controllers.yaml
[30.191s] -- Up-to-date symlink: /home/ubuntu/ros2_ws/install/share/oil_palm_harvester_description/config/example_joint_positions.yaml
[30.191s] -- Up-to-date symlink: /home/ubuntu/ros2_ws/install/share/oil_palm_harvester_description/worlds/docking.world
[30.196s] -- Up-to-date symlink: /home/ubuntu/ros2_ws/install/share/oil_palm_harvester_description/worlds/harvester_tree.world
[30.198s] -- Up-to-date symlink: /home/ubuntu/ros2_ws/install/share/oil_palm_harvester_description/gazebo_model/oil_palm_harvester/model.config
[30.206s] -- Up-to-date symlink: /home/ubuntu/ros2_ws/install/share/oil_palm_harvester_description/gazebo_model/oil_palm_harvester/model.sdf
[30.207s] -- Up-to-date symlink: /home/ubuntu/ros2_ws/install/share/oil_palm_harvester_description/gazebo_model_database/database.config
[30.208s] -- Up-to-date symlink: /home/ubuntu/ros2_ws/install/share/oil_palm_harvester_description/gazebo_model_database/local_placeholder/model.config
[30.209s] -- Up-to-date symlink: /home/ubuntu/ros2_ws/install/share/oil_palm_harvester_description/gazebo_model_database/local_placeholder/model.sdf
[30.209s] -- Up-to-date symlink: /home/ubuntu/ros2_ws/install/share/oil_palm_harvester_description/preview/estimated_model_preview.png
[30.210s] -- Up-to-date symlink: /home/ubuntu/ros2_ws/install/share/oil_palm_harvester_description/preview/oil_palm_harvester_estimated.glb
[30.210s] -- Up-to-date symlink: /home/ubuntu/ros2_ws/install/share/oil_palm_harvester_description/rviz/harvester_camera_lidar.rviz
[30.211s] -- Up-to-date symlink: /home/ubuntu/ros2_ws/install/share/oil_palm_harvester_description/rviz/harvester_tree_combined.rviz
[30.211s] -- Up-to-date symlink: /home/ubuntu/ros2_ws/install/share/oil_palm_harvester_description/rviz/range_sensor_panel_plugin.xml
[30.212s] -- Up-to-date symlink: /home/ubuntu/ros2_ws/install/include/oil_palm_harvester_description/range_sensor_panel.hpp
[30.212s] -- Up-to-date symlink: /home/ubuntu/ros2_ws/install/lib/libharvester_kinematic_gazebo_plugin.so
[30.213s] -- Up-to-date symlink: /home/ubuntu/ros2_ws/install/lib/libharvester_range_sensor_panel.so
[30.215s] -- Up-to-date symlink: /home/ubuntu/ros2_ws/install/share/oil_palm_harvester_description/scripts/publish_urdf.py
[30.217s] -- Up-to-date symlink: /home/ubuntu/ros2_ws/install/share/oil_palm_harvester_description/scripts/gazebo_joint_state_bridge.py
[30.218s] -- Up-to-date symlink: /home/ubuntu/ros2_ws/install/share/oil_palm_harvester_description/scripts/gazebo_base_kinematic_controller.py
[30.218s] -- Up-to-date symlink: /home/ubuntu/ros2_ws/install/share/oil_palm_harvester_description/scripts/lidar_timestamp_bridge.py
[30.221s] -- Up-to-date symlink: /home/ubuntu/ros2_ws/install/share/oil_palm_harvester_description/scripts/range_sensor_label_publisher.py
[30.241s] -- Up-to-date symlink: /home/ubuntu/ros2_ws/install/share/ament_index/resource_index/package_run_dependencies/oil_palm_harvester_description
[30.241s] -- Up-to-date symlink: /home/ubuntu/ros2_ws/install/share/ament_index/resource_index/parent_prefix_path/oil_palm_harvester_description
[30.242s] -- Up-to-date symlink: /home/ubuntu/ros2_ws/install/share/oil_palm_harvester_description/environment/ament_prefix_path.sh
[30.246s] -- Up-to-date symlink: /home/ubuntu/ros2_ws/install/share/oil_palm_harvester_description/environment/ament_prefix_path.dsv
[30.247s] -- Up-to-date symlink: /home/ubuntu/ros2_ws/install/share/oil_palm_harvester_description/environment/path.sh
[30.248s] -- Up-to-date symlink: /home/ubuntu/ros2_ws/install/share/oil_palm_harvester_description/environment/path.dsv
[30.249s] -- Up-to-date symlink: /home/ubuntu/ros2_ws/install/share/oil_palm_harvester_description/local_setup.bash
[30.249s] -- Up-to-date symlink: /home/ubuntu/ros2_ws/install/share/oil_palm_harvester_description/local_setup.sh
[30.250s] -- Up-to-date symlink: /home/ubuntu/ros2_ws/install/share/oil_palm_harvester_description/local_setup.zsh
[30.251s] -- Up-to-date symlink: /home/ubuntu/ros2_ws/install/share/oil_palm_harvester_description/local_setup.dsv
[30.251s] -- Symlinking: /home/ubuntu/ros2_ws/install/share/oil_palm_harvester_description/package.dsv
[30.299s] -- Up-to-date symlink: /home/ubuntu/ros2_ws/install/share/ament_index/resource_index/packages/oil_palm_harvester_description
[30.300s] -- Up-to-date symlink: /home/ubuntu/ros2_ws/install/share/ament_index/resource_index/rviz_common__pluginlib__plugin/oil_palm_harvester_description
[30.300s] -- Up-to-date symlink: /home/ubuntu/ros2_ws/install/share/oil_palm_harvester_description/cmake/oil_palm_harvester_descriptionConfig.cmake
[30.301s] -- Up-to-date symlink: /home/ubuntu/ros2_ws/install/share/oil_palm_harvester_description/cmake/oil_palm_harvester_descriptionConfig-version.cmake
[30.302s] -- Up-to-date symlink: /home/ubuntu/ros2_ws/install/share/oil_palm_harvester_description/package.xml
[30.315s] Invoked command in '/home/ubuntu/ros2_ws/build/oil_palm_harvester_description' returned '0': CMAKE_PREFIX_PATH=/opt/ros/foxy:/home/ubuntu/ros2_ws/install CONDA_PROMPT_MODIFIER=(base) PKG_CONFIG_PATH=/home/ubuntu/ros2_ws/install/lib/aarch64-linux-gnu/pkgconfig:/home/ubuntu/ros2_ws/install/lib/pkgconfig ROS_PACKAGE_PATH=/home/ubuntu/ros2_ws/install/share /usr/bin/cmake --install /home/ubuntu/ros2_ws/build/oil_palm_harvester_description
