[0.046s] Invoking command in '/home/ubuntu/ros2_ws/build/oil_palm_harvester_description': CMAKE_PREFIX_PATH=/home/ubuntu/ros2_ws/install CONDA_PROMPT_MODIFIER=(base) PKG_CONFIG_PATH=/home/ubuntu/ros2_ws/install/lib/aarch64-linux-gnu/pkgconfig:/home/ubuntu/ros2_ws/install/lib/pkgconfig ROS_PACKAGE_PATH=/home/ubuntu/ros2_ws/install/share /usr/bin/cmake /home/ubuntu/ros2_ws/src/oil_palm_harvester_description -DAMENT_CMAKE_SYMLINK_INSTALL=1 -DCMAKE_INSTALL_PREFIX=/home/ubuntu/ros2_ws/install
[0.120s] -- Found ament_cmake: 0.9.12 (/opt/ros/foxy/share/ament_cmake/cmake)
[0.199s] -- Using PYTHON_EXECUTABLE: /usr/bin/python3
[0.617s] Traceback (most recent call last):
[0.618s]   File "/opt/ros/foxy/share/ament_cmake_core/cmake/package_templates/templates_2_cmake.py", line 21, in <module>
[0.618s]     from ament_package.templates import get_environment_hook_template_path
[0.619s] ModuleNotFoundError: No module named 'ament_package'
[0.673s] CMake Error at /opt/ros/foxy/share/ament_cmake_core/cmake/ament_cmake_package_templates-extras.cmake:41 (message):
[0.674s]   execute_process(/usr/bin/python3
[0.675s]   /opt/ros/foxy/share/ament_cmake_core/cmake/package_templates/templates_2_cmake.py
[0.675s]   /home/ubuntu/ros2_ws/build/oil_palm_harvester_description/ament_cmake_package_templates/templates.cmake)
[0.676s]   returned error code 1
[0.676s] Call Stack (most recent call first):
[0.677s]   /opt/ros/foxy/share/ament_cmake_core/cmake/ament_cmake_coreConfig.cmake:41 (include)
[0.678s]   /opt/ros/foxy/share/ament_cmake/cmake/ament_cmake_export_dependencies-extras.cmake:15 (find_package)
[0.678s]   /opt/ros/foxy/share/ament_cmake/cmake/ament_cmakeConfig.cmake:41 (include)
[0.678s]   CMakeLists.txt:3 (find_package)
[0.679s] 
[0.679s] 
[0.680s] -- Configuring incomplete, errors occurred!
[0.681s] See also "/home/ubuntu/ros2_ws/build/oil_palm_harvester_description/CMakeFiles/CMakeOutput.log".
[0.681s] See also "/home/ubuntu/ros2_ws/build/oil_palm_harvester_description/CMakeFiles/CMakeError.log".
[60.063s] Invoked command in '/home/ubuntu/ros2_ws/build/oil_palm_harvester_description' returned '1': CMAKE_PREFIX_PATH=/home/ubuntu/ros2_ws/install CONDA_PROMPT_MODIFIER=(base) PKG_CONFIG_PATH=/home/ubuntu/ros2_ws/install/lib/aarch64-linux-gnu/pkgconfig:/home/ubuntu/ros2_ws/install/lib/pkgconfig ROS_PACKAGE_PATH=/home/ubuntu/ros2_ws/install/share /usr/bin/cmake /home/ubuntu/ros2_ws/src/oil_palm_harvester_description -DAMENT_CMAKE_SYMLINK_INSTALL=1 -DCMAKE_INSTALL_PREFIX=/home/ubuntu/ros2_ws/install
