-- Install configuration: ""
-- Up-to-date: /home/ubuntu/ros2_ws/install/share/oil_palm_tree_description/urdf
-- Up-to-date: /home/ubuntu/ros2_ws/install/share/oil_palm_tree_description/urdf/oil_palm_tree_lowpoly.urdf
-- Up-to-date: /home/ubuntu/ros2_ws/install/share/oil_palm_tree_description/meshes
-- Up-to-date: /home/ubuntu/ros2_ws/install/share/oil_palm_tree_description/meshes/frond_upper.stl
-- Up-to-date: /home/ubuntu/ros2_ws/install/share/oil_palm_tree_description/meshes/cut_target_marker.stl
-- Up-to-date: /home/ubuntu/ros2_ws/install/share/oil_palm_tree_description/meshes/ffb_lowpoly.stl
-- Up-to-date: /home/ubuntu/ros2_ws/install/share/oil_palm_tree_description/meshes/frond_lower.stl
-- Up-to-date: /home/ubuntu/ros2_ws/install/share/oil_palm_tree_description/meshes/frond_mid.stl
-- Up-to-date: /home/ubuntu/ros2_ws/install/share/oil_palm_tree_description/meshes/trunk_lowpoly.stl
-- Up-to-date: /home/ubuntu/ros2_ws/install/share/oil_palm_tree_description/launch
-- Up-to-date: /home/ubuntu/ros2_ws/install/share/oil_palm_tree_description/launch/display_tree.launch.py
-- Up-to-date: /home/ubuntu/ros2_ws/install/share/oil_palm_tree_description/rviz
-- Up-to-date: /home/ubuntu/ros2_ws/install/share/oil_palm_tree_description/rviz/oil_palm_tree.rviz
-- Up-to-date: /home/ubuntu/ros2_ws/install/share/oil_palm_tree_description/config
-- Up-to-date: /home/ubuntu/ros2_ws/install/share/oil_palm_tree_description/config/tree_targets.yaml
-- Up-to-date: /home/ubuntu/ros2_ws/install/share/oil_palm_tree_description/gazebo_model
-- Up-to-date: /home/ubuntu/ros2_ws/install/share/oil_palm_tree_description/gazebo_model/oil_palm_tree
-- Up-to-date: /home/ubuntu/ros2_ws/install/share/oil_palm_tree_description/gazebo_model/oil_palm_tree/model.config
-- Up-to-date: /home/ubuntu/ros2_ws/install/share/oil_palm_tree_description/gazebo_model/oil_palm_tree/meshes
-- Up-to-date: /home/ubuntu/ros2_ws/install/share/oil_palm_tree_description/gazebo_model/oil_palm_tree/meshes/frond_upper.stl
-- Up-to-date: /home/ubuntu/ros2_ws/install/share/oil_palm_tree_description/gazebo_model/oil_palm_tree/meshes/cut_target_marker.stl
-- Up-to-date: /home/ubuntu/ros2_ws/install/share/oil_palm_tree_description/gazebo_model/oil_palm_tree/meshes/ffb_lowpoly.stl
-- Up-to-date: /home/ubuntu/ros2_ws/install/share/oil_palm_tree_description/gazebo_model/oil_palm_tree/meshes/frond_lower.stl
-- Up-to-date: /home/ubuntu/ros2_ws/install/share/oil_palm_tree_description/gazebo_model/oil_palm_tree/meshes/frond_mid.stl
-- Up-to-date: /home/ubuntu/ros2_ws/install/share/oil_palm_tree_description/gazebo_model/oil_palm_tree/meshes/trunk_lowpoly.stl
-- Up-to-date: /home/ubuntu/ros2_ws/install/share/oil_palm_tree_description/gazebo_model/oil_palm_tree/model.sdf
-- Up-to-date: /home/ubuntu/ros2_ws/install/share/ament_index/resource_index/package_run_dependencies/oil_palm_tree_description
-- Up-to-date: /home/ubuntu/ros2_ws/install/share/ament_index/resource_index/parent_prefix_path/oil_palm_tree_description
-- Up-to-date: /home/ubuntu/ros2_ws/install/share/oil_palm_tree_description/environment/ament_prefix_path.sh
-- Up-to-date: /home/ubuntu/ros2_ws/install/share/oil_palm_tree_description/environment/ament_prefix_path.dsv
-- Up-to-date: /home/ubuntu/ros2_ws/install/share/oil_palm_tree_description/environment/path.sh
-- Up-to-date: /home/ubuntu/ros2_ws/install/share/oil_palm_tree_description/environment/path.dsv
-- Up-to-date: /home/ubuntu/ros2_ws/install/share/oil_palm_tree_description/local_setup.bash
-- Up-to-date: /home/ubuntu/ros2_ws/install/share/oil_palm_tree_description/local_setup.sh
-- Up-to-date: /home/ubuntu/ros2_ws/install/share/oil_palm_tree_description/local_setup.zsh
-- Up-to-date: /home/ubuntu/ros2_ws/install/share/oil_palm_tree_description/local_setup.dsv
-- Up-to-date: /home/ubuntu/ros2_ws/install/share/oil_palm_tree_description/package.dsv
-- Up-to-date: /home/ubuntu/ros2_ws/install/share/ament_index/resource_index/packages/oil_palm_tree_description
-- Up-to-date: /home/ubuntu/ros2_ws/install/share/oil_palm_tree_description/cmake/oil_palm_tree_descriptionConfig.cmake
-- Up-to-date: /home/ubuntu/ros2_ws/install/share/oil_palm_tree_description/cmake/oil_palm_tree_descriptionConfig-version.cmake
-- Up-to-date: /home/ubuntu/ros2_ws/install/share/oil_palm_tree_description/package.xml
