[0.097s] Invoking command in '/home/ubuntu/ros2_ws/build/oil_palm_tree_description': CONDA_PROMPT_MODIFIER=(base) /usr/bin/cmake --build /home/ubuntu/ros2_ws/build/oil_palm_tree_description -- -j8 -l8
[0.272s] Invoked command in '/home/ubuntu/ros2_ws/build/oil_palm_tree_description' returned '0': CONDA_PROMPT_MODIFIER=(base) /usr/bin/cmake --build /home/ubuntu/ros2_ws/build/oil_palm_tree_description -- -j8 -l8
[0.328s] Invoking command in '/home/ubuntu/ros2_ws/build/oil_palm_tree_description': CONDA_PROMPT_MODIFIER=(base) /usr/bin/cmake --install /home/ubuntu/ros2_ws/build/oil_palm_tree_description
[0.383s] -- Install configuration: ""
[0.385s] -- Up-to-date: /home/ubuntu/ros2_ws/install/share/oil_palm_tree_description/urdf
[0.385s] -- Up-to-date: /home/ubuntu/ros2_ws/install/share/oil_palm_tree_description/urdf/oil_palm_tree_lowpoly.urdf
[0.385s] -- Up-to-date: /home/ubuntu/ros2_ws/install/share/oil_palm_tree_description/meshes
[0.386s] -- Up-to-date: /home/ubuntu/ros2_ws/install/share/oil_palm_tree_description/meshes/frond_upper.stl
[0.386s] -- Up-to-date: /home/ubuntu/ros2_ws/install/share/oil_palm_tree_description/meshes/cut_target_marker.stl
[0.386s] -- Up-to-date: /home/ubuntu/ros2_ws/install/share/oil_palm_tree_description/meshes/ffb_lowpoly.stl
[0.387s] -- Up-to-date: /home/ubuntu/ros2_ws/install/share/oil_palm_tree_description/meshes/frond_lower.stl
[0.387s] -- Up-to-date: /home/ubuntu/ros2_ws/install/share/oil_palm_tree_description/meshes/frond_mid.stl
[0.387s] -- Up-to-date: /home/ubuntu/ros2_ws/install/share/oil_palm_tree_description/meshes/trunk_lowpoly.stl
[0.388s] -- Up-to-date: /home/ubuntu/ros2_ws/install/share/oil_palm_tree_description/launch
[0.388s] -- Up-to-date: /home/ubuntu/ros2_ws/install/share/oil_palm_tree_description/launch/display_tree.launch.py
[0.388s] -- Up-to-date: /home/ubuntu/ros2_ws/install/share/oil_palm_tree_description/rviz
[0.388s] -- Up-to-date: /home/ubuntu/ros2_ws/install/share/oil_palm_tree_description/rviz/oil_palm_tree.rviz
[0.389s] -- Up-to-date: /home/ubuntu/ros2_ws/install/share/oil_palm_tree_description/config
[0.389s] -- Up-to-date: /home/ubuntu/ros2_ws/install/share/oil_palm_tree_description/config/tree_targets.yaml
[0.389s] -- Up-to-date: /home/ubuntu/ros2_ws/install/share/oil_palm_tree_description/gazebo_model
[0.390s] -- Up-to-date: /home/ubuntu/ros2_ws/install/share/oil_palm_tree_description/gazebo_model/oil_palm_tree
[0.391s] -- Up-to-date: /home/ubuntu/ros2_ws/install/share/oil_palm_tree_description/gazebo_model/oil_palm_tree/model.config
[0.392s] -- Up-to-date: /home/ubuntu/ros2_ws/install/share/oil_palm_tree_description/gazebo_model/oil_palm_tree/meshes
[0.393s] -- Up-to-date: /home/ubuntu/ros2_ws/install/share/oil_palm_tree_description/gazebo_model/oil_palm_tree/meshes/frond_upper.stl
[0.393s] -- Up-to-date: /home/ubuntu/ros2_ws/install/share/oil_palm_tree_description/gazebo_model/oil_palm_tree/meshes/cut_target_marker.stl
[0.393s] -- Up-to-date: /home/ubuntu/ros2_ws/install/share/oil_palm_tree_description/gazebo_model/oil_palm_tree/meshes/ffb_lowpoly.stl
[0.393s] -- Up-to-date: /home/ubuntu/ros2_ws/install/share/oil_palm_tree_description/gazebo_model/oil_palm_tree/meshes/frond_lower.stl
[0.394s] -- Up-to-date: /home/ubuntu/ros2_ws/install/share/oil_palm_tree_description/gazebo_model/oil_palm_tree/meshes/frond_mid.stl
[0.394s] -- Up-to-date: /home/ubuntu/ros2_ws/install/share/oil_palm_tree_description/gazebo_model/oil_palm_tree/meshes/trunk_lowpoly.stl
[0.394s] -- Up-to-date: /home/ubuntu/ros2_ws/install/share/oil_palm_tree_description/gazebo_model/oil_palm_tree/model.sdf
[0.395s] -- Up-to-date: /home/ubuntu/ros2_ws/install/share/ament_index/resource_index/package_run_dependencies/oil_palm_tree_description
[0.395s] -- Up-to-date: /home/ubuntu/ros2_ws/install/share/ament_index/resource_index/parent_prefix_path/oil_palm_tree_description
[0.396s] -- Up-to-date: /home/ubuntu/ros2_ws/install/share/oil_palm_tree_description/environment/ament_prefix_path.sh
[0.396s] -- Up-to-date: /home/ubuntu/ros2_ws/install/share/oil_palm_tree_description/environment/ament_prefix_path.dsv
[0.396s] -- Up-to-date: /home/ubuntu/ros2_ws/install/share/oil_palm_tree_description/environment/path.sh
[0.397s] -- Up-to-date: /home/ubuntu/ros2_ws/install/share/oil_palm_tree_description/environment/path.dsv
[0.397s] -- Up-to-date: /home/ubuntu/ros2_ws/install/share/oil_palm_tree_description/local_setup.bash
[0.397s] -- Up-to-date: /home/ubuntu/ros2_ws/install/share/oil_palm_tree_description/local_setup.sh
[0.397s] -- Up-to-date: /home/ubuntu/ros2_ws/install/share/oil_palm_tree_description/local_setup.zsh
[0.398s] -- Up-to-date: /home/ubuntu/ros2_ws/install/share/oil_palm_tree_description/local_setup.dsv
[0.398s] -- Up-to-date: /home/ubuntu/ros2_ws/install/share/oil_palm_tree_description/package.dsv
[0.398s] -- Up-to-date: /home/ubuntu/ros2_ws/install/share/ament_index/resource_index/packages/oil_palm_tree_description
[0.399s] -- Up-to-date: /home/ubuntu/ros2_ws/install/share/oil_palm_tree_description/cmake/oil_palm_tree_descriptionConfig.cmake
[0.399s] -- Up-to-date: /home/ubuntu/ros2_ws/install/share/oil_palm_tree_description/cmake/oil_palm_tree_descriptionConfig-version.cmake
[0.399s] -- Up-to-date: /home/ubuntu/ros2_ws/install/share/oil_palm_tree_description/package.xml
[0.403s] Invoked command in '/home/ubuntu/ros2_ws/build/oil_palm_tree_description' returned '0': CONDA_PROMPT_MODIFIER=(base) /usr/bin/cmake --install /home/ubuntu/ros2_ws/build/oil_palm_tree_description
