[2.828s] Invoking command in '/home/ubuntu/ros2_ws/build/harvester_telemetry_contract': CONDA_PROMPT_MODIFIER=(base) PYTHONPATH=/home/ubuntu/ros2_ws/build/harvester_telemetry_contract/prefix_override:/usr/lib/python3/dist-packages/colcon_core/task/python/colcon_distutils_commands:/home/ubuntu/ros2_ws/install/lib/python3.8/site-packages: /usr/bin/python3 -W ignore:setup.py install is deprecated -W ignore:easy_install command is deprecated setup.py develop --editable --build-directory /home/ubuntu/ros2_ws/build/harvester_telemetry_contract/build --no-deps symlink_data
[3.519s] running develop
[3.862s] running egg_info
[3.863s] creating harvester_telemetry_contract.egg-info
[3.864s] writing harvester_telemetry_contract.egg-info/PKG-INFO
[3.865s] writing dependency_links to harvester_telemetry_contract.egg-info/dependency_links.txt
[3.865s] writing requirements to harvester_telemetry_contract.egg-info/requires.txt
[3.865s] writing top-level names to harvester_telemetry_contract.egg-info/top_level.txt
[3.870s] writing manifest file 'harvester_telemetry_contract.egg-info/SOURCES.txt'
[3.976s] reading manifest file 'harvester_telemetry_contract.egg-info/SOURCES.txt'
[3.977s] writing manifest file 'harvester_telemetry_contract.egg-info/SOURCES.txt'
[4.099s] running build_ext
[4.100s] Creating /home/ubuntu/ros2_ws/install/lib/python3.8/site-packages/site.py
[4.107s] Creating /home/ubuntu/ros2_ws/install/lib/python3.8/site-packages/harvester-telemetry-contract.egg-link (link to .)
[4.111s] 
[4.111s] Installed /home/ubuntu/ros2_ws/build/harvester_telemetry_contract
[4.112s] running symlink_data
[4.112s] symbolically linking /home/ubuntu/ros2_ws/build/harvester_telemetry_contract/resource/harvester_telemetry_contract -> /home/ubuntu/ros2_ws/install/share/ament_index/resource_index/packages
[4.112s] symbolically linking /home/ubuntu/ros2_ws/build/harvester_telemetry_contract/package.xml -> /home/ubuntu/ros2_ws/install/share/harvester_telemetry_contract
[4.192s] Invoked command in '/home/ubuntu/ros2_ws/build/harvester_telemetry_contract' returned '0': CONDA_PROMPT_MODIFIER=(base) PYTHONPATH=/home/ubuntu/ros2_ws/build/harvester_telemetry_contract/prefix_override:/usr/lib/python3/dist-packages/colcon_core/task/python/colcon_distutils_commands:/home/ubuntu/ros2_ws/install/lib/python3.8/site-packages: /usr/bin/python3 -W ignore:setup.py install is deprecated -W ignore:easy_install command is deprecated setup.py develop --editable --build-directory /home/ubuntu/ros2_ws/build/harvester_telemetry_contract/build --no-deps symlink_data
