-- The C compiler identification is GNU 9.4.0
-- The CXX compiler identification is GNU 9.4.0
-- Check for working C compiler: /usr/bin/cc
-- Check for working C compiler: /usr/bin/cc -- works
-- Detecting C compiler ABI info
-- Detecting C compiler ABI info - done
-- Detecting C compile features
-- Detecting C compile features - done
-- Check for working CXX compiler: /usr/bin/c++
-- Check for working CXX compiler: /usr/bin/c++ -- works
-- Detecting CXX compiler ABI info
-- Detecting CXX compiler ABI info - done
-- Detecting CXX compile features
-- Detecting CXX compile features - done
-- Found ament_cmake: 0.9.12 (/opt/ros/foxy/share/ament_cmake/cmake)
-- Found PythonInterp: /usr/bin/python3 (found suitable version "3.8.10", minimum required is "3") 
-- Using PYTHON_EXECUTABLE: /usr/bin/python3
-- Configuring done
-- Generating done
-- Build files have been written to: /home/ubuntu/ros2_ws/build/oil_palm_harvester_description
-- Install configuration: ""
-- Installing: /home/ubuntu/ros2_ws/install/oil_palm_harvester_description/share/oil_palm_harvester_description/urdf
-- Installing: /home/ubuntu/ros2_ws/install/oil_palm_harvester_description/share/oil_palm_harvester_description/urdf/oil_palm_harvester_estimated.urdf
-- Installing: /home/ubuntu/ros2_ws/install/oil_palm_harvester_description/share/oil_palm_harvester_description/urdf/oil_palm_harvester_kinematic.urdf
-- Installing: /home/ubuntu/ros2_ws/install/oil_palm_harvester_description/share/oil_palm_harvester_description/meshes
-- Installing: /home/ubuntu/ros2_ws/install/oil_palm_harvester_description/share/oil_palm_harvester_description/meshes/collision
-- Installing: /home/ubuntu/ros2_ws/install/oil_palm_harvester_description/share/oil_palm_harvester_description/meshes/collision/wheel.stl
-- Installing: /home/ubuntu/ros2_ws/install/oil_palm_harvester_description/share/oil_palm_harvester_description/meshes/collision/depth_camera_estimated.stl
-- Installing: /home/ubuntu/ros2_ws/install/oil_palm_harvester_description/share/oil_palm_harvester_description/meshes/collision/lidar_mid360_estimated.stl
-- Installing: /home/ubuntu/ros2_ws/install/oil_palm_harvester_description/share/oil_palm_harvester_description/meshes/collision/range_sensor.stl
-- Installing: /home/ubuntu/ros2_ws/install/oil_palm_harvester_description/share/oil_palm_harvester_description/meshes/mesh_inventory.csv
-- Installing: /home/ubuntu/ros2_ws/install/oil_palm_harvester_description/share/oil_palm_harvester_description/meshes/visual
-- Installing: /home/ubuntu/ros2_ws/install/oil_palm_harvester_description/share/oil_palm_harvester_description/meshes/visual/cutting_arm_link.stl
-- Installing: /home/ubuntu/ros2_ws/install/oil_palm_harvester_description/share/oil_palm_harvester_description/meshes/visual/wheel.stl
-- Installing: /home/ubuntu/ros2_ws/install/oil_palm_harvester_description/share/oil_palm_harvester_description/meshes/visual/cutting_tool.stl
-- Installing: /home/ubuntu/ros2_ws/install/oil_palm_harvester_description/share/oil_palm_harvester_description/meshes/visual/cutting_arm_base.stl
-- Installing: /home/ubuntu/ros2_ws/install/oil_palm_harvester_description/share/oil_palm_harvester_description/meshes/visual/boom_stage_0.stl
-- Installing: /home/ubuntu/ros2_ws/install/oil_palm_harvester_description/share/oil_palm_harvester_description/meshes/visual/boom_stage_2.stl
-- Installing: /home/ubuntu/ros2_ws/install/oil_palm_harvester_description/share/oil_palm_harvester_description/meshes/visual/rail_carriage.stl
-- Installing: /home/ubuntu/ros2_ws/install/oil_palm_harvester_description/share/oil_palm_harvester_description/meshes/visual/platform_mount.stl
-- Installing: /home/ubuntu/ros2_ws/install/oil_palm_harvester_description/share/oil_palm_harvester_description/meshes/visual/depth_camera_estimated.stl
-- Installing: /home/ubuntu/ros2_ws/install/oil_palm_harvester_description/share/oil_palm_harvester_description/meshes/visual/lidar_mid360_estimated.stl
-- Installing: /home/ubuntu/ros2_ws/install/oil_palm_harvester_description/share/oil_palm_harvester_description/meshes/visual/boom_stage_4.stl
-- Installing: /home/ubuntu/ros2_ws/install/oil_palm_harvester_description/share/oil_palm_harvester_description/meshes/visual/boom_turret.stl
-- Installing: /home/ubuntu/ros2_ws/install/oil_palm_harvester_description/share/oil_palm_harvester_description/meshes/visual/boom_stage_1.stl
-- Installing: /home/ubuntu/ros2_ws/install/oil_palm_harvester_description/share/oil_palm_harvester_description/meshes/visual/c_channel_platform.stl
-- Installing: /home/ubuntu/ros2_ws/install/oil_palm_harvester_description/share/oil_palm_harvester_description/meshes/visual/range_sensor.stl
-- Installing: /home/ubuntu/ros2_ws/install/oil_palm_harvester_description/share/oil_palm_harvester_description/meshes/visual/vehicle_body.stl
-- Installing: /home/ubuntu/ros2_ws/install/oil_palm_harvester_description/share/oil_palm_harvester_description/meshes/visual/boom_stage_3.stl
-- Installing: /home/ubuntu/ros2_ws/install/oil_palm_harvester_description/share/oil_palm_harvester_description/launch
-- Installing: /home/ubuntu/ros2_ws/install/oil_palm_harvester_description/share/oil_palm_harvester_description/launch/display.launch.py
-- Installing: /home/ubuntu/ros2_ws/install/oil_palm_harvester_description/share/oil_palm_harvester_description/launch/gazebo_docking.launch.py
-- Installing: /home/ubuntu/ros2_ws/install/oil_palm_harvester_description/share/oil_palm_harvester_description/config
-- Installing: /home/ubuntu/ros2_ws/install/oil_palm_harvester_description/share/oil_palm_harvester_description/config/example_joint_positions.yaml
-- Installing: /home/ubuntu/ros2_ws/install/oil_palm_harvester_description/share/oil_palm_harvester_description/config/controllers.yaml
-- Installing: /home/ubuntu/ros2_ws/install/oil_palm_harvester_description/share/oil_palm_harvester_description/worlds
-- Installing: /home/ubuntu/ros2_ws/install/oil_palm_harvester_description/share/oil_palm_harvester_description/worlds/docking.world
-- Installing: /home/ubuntu/ros2_ws/install/oil_palm_harvester_description/share/oil_palm_harvester_description/preview
-- Installing: /home/ubuntu/ros2_ws/install/oil_palm_harvester_description/share/oil_palm_harvester_description/preview/oil_palm_harvester_estimated.glb
-- Installing: /home/ubuntu/ros2_ws/install/oil_palm_harvester_description/share/oil_palm_harvester_description/preview/estimated_model_preview.png
-- Installing: /home/ubuntu/ros2_ws/install/oil_palm_harvester_description/share/ament_index/resource_index/package_run_dependencies/oil_palm_harvester_description
-- Installing: /home/ubuntu/ros2_ws/install/oil_palm_harvester_description/share/ament_index/resource_index/parent_prefix_path/oil_palm_harvester_description
-- Installing: /home/ubuntu/ros2_ws/install/oil_palm_harvester_description/share/oil_palm_harvester_description/environment/ament_prefix_path.sh
-- Installing: /home/ubuntu/ros2_ws/install/oil_palm_harvester_description/share/oil_palm_harvester_description/environment/ament_prefix_path.dsv
-- Installing: /home/ubuntu/ros2_ws/install/oil_palm_harvester_description/share/oil_palm_harvester_description/environment/path.sh
-- Installing: /home/ubuntu/ros2_ws/install/oil_palm_harvester_description/share/oil_palm_harvester_description/environment/path.dsv
-- Installing: /home/ubuntu/ros2_ws/install/oil_palm_harvester_description/share/oil_palm_harvester_description/local_setup.bash
-- Installing: /home/ubuntu/ros2_ws/install/oil_palm_harvester_description/share/oil_palm_harvester_description/local_setup.sh
-- Installing: /home/ubuntu/ros2_ws/install/oil_palm_harvester_description/share/oil_palm_harvester_description/local_setup.zsh
-- Installing: /home/ubuntu/ros2_ws/install/oil_palm_harvester_description/share/oil_palm_harvester_description/local_setup.dsv
-- Installing: /home/ubuntu/ros2_ws/install/oil_palm_harvester_description/share/oil_palm_harvester_description/package.dsv
-- Installing: /home/ubuntu/ros2_ws/install/oil_palm_harvester_description/share/ament_index/resource_index/packages/oil_palm_harvester_description
-- Installing: /home/ubuntu/ros2_ws/install/oil_palm_harvester_description/share/oil_palm_harvester_description/cmake/oil_palm_harvester_descriptionConfig.cmake
-- Installing: /home/ubuntu/ros2_ws/install/oil_palm_harvester_description/share/oil_palm_harvester_description/cmake/oil_palm_harvester_descriptionConfig-version.cmake
-- Installing: /home/ubuntu/ros2_ws/install/oil_palm_harvester_description/share/oil_palm_harvester_description/package.xml
