[0.058s] Invoking command in '/home/ubuntu/ros2_ws/build/oil_palm_harvester_description': CMAKE_PREFIX_PATH=/opt/ros/foxy CONDA_PROMPT_MODIFIER=(base) /usr/bin/cmake --build /home/ubuntu/ros2_ws/build/oil_palm_harvester_description -- -j8 -l8
[0.233s] Invoked command in '/home/ubuntu/ros2_ws/build/oil_palm_harvester_description' returned '0': CMAKE_PREFIX_PATH=/opt/ros/foxy CONDA_PROMPT_MODIFIER=(base) /usr/bin/cmake --build /home/ubuntu/ros2_ws/build/oil_palm_harvester_description -- -j8 -l8
[0.293s] Invoking command in '/home/ubuntu/ros2_ws/build/oil_palm_harvester_description': CMAKE_PREFIX_PATH=/opt/ros/foxy CONDA_PROMPT_MODIFIER=(base) /usr/bin/cmake --install /home/ubuntu/ros2_ws/build/oil_palm_harvester_description
[0.333s] -- Install configuration: ""
[0.334s] -- Up-to-date: /home/ubuntu/ros2_ws/install/share/oil_palm_harvester_description/urdf
[0.335s] -- Up-to-date: /home/ubuntu/ros2_ws/install/share/oil_palm_harvester_description/urdf/oil_palm_harvester_estimated.urdf
[0.336s] -- Up-to-date: /home/ubuntu/ros2_ws/install/share/oil_palm_harvester_description/urdf/oil_palm_harvester_kinematic.urdf
[0.336s] -- Up-to-date: /home/ubuntu/ros2_ws/install/share/oil_palm_harvester_description/meshes
[0.337s] -- Up-to-date: /home/ubuntu/ros2_ws/install/share/oil_palm_harvester_description/meshes/collision
[0.337s] -- Up-to-date: /home/ubuntu/ros2_ws/install/share/oil_palm_harvester_description/meshes/collision/wheel.stl
[0.337s] -- Up-to-date: /home/ubuntu/ros2_ws/install/share/oil_palm_harvester_description/meshes/collision/depth_camera_estimated.stl
[0.338s] -- Up-to-date: /home/ubuntu/ros2_ws/install/share/oil_palm_harvester_description/meshes/collision/lidar_mid360_estimated.stl
[0.338s] -- Up-to-date: /home/ubuntu/ros2_ws/install/share/oil_palm_harvester_description/meshes/collision/range_sensor.stl
[0.339s] -- Up-to-date: /home/ubuntu/ros2_ws/install/share/oil_palm_harvester_description/meshes/mesh_inventory.csv
[0.339s] -- Up-to-date: /home/ubuntu/ros2_ws/install/share/oil_palm_harvester_description/meshes/visual
[0.339s] -- Up-to-date: /home/ubuntu/ros2_ws/install/share/oil_palm_harvester_description/meshes/visual/cutting_arm_link.stl
[0.340s] -- Up-to-date: /home/ubuntu/ros2_ws/install/share/oil_palm_harvester_description/meshes/visual/wheel.stl
[0.340s] -- Up-to-date: /home/ubuntu/ros2_ws/install/share/oil_palm_harvester_description/meshes/visual/cutting_tool.stl
[0.341s] -- Up-to-date: /home/ubuntu/ros2_ws/install/share/oil_palm_harvester_description/meshes/visual/cutting_arm_base.stl
[0.342s] -- Up-to-date: /home/ubuntu/ros2_ws/install/share/oil_palm_harvester_description/meshes/visual/boom_stage_0.stl
[0.342s] -- Up-to-date: /home/ubuntu/ros2_ws/install/share/oil_palm_harvester_description/meshes/visual/boom_stage_2.stl
[0.343s] -- Up-to-date: /home/ubuntu/ros2_ws/install/share/oil_palm_harvester_description/meshes/visual/rail_carriage.stl
[0.344s] -- Up-to-date: /home/ubuntu/ros2_ws/install/share/oil_palm_harvester_description/meshes/visual/platform_mount.stl
[0.344s] -- Up-to-date: /home/ubuntu/ros2_ws/install/share/oil_palm_harvester_description/meshes/visual/depth_camera_estimated.stl
[0.345s] -- Up-to-date: /home/ubuntu/ros2_ws/install/share/oil_palm_harvester_description/meshes/visual/lidar_mid360_estimated.stl
[0.346s] -- Up-to-date: /home/ubuntu/ros2_ws/install/share/oil_palm_harvester_description/meshes/visual/boom_stage_4.stl
[0.347s] -- Up-to-date: /home/ubuntu/ros2_ws/install/share/oil_palm_harvester_description/meshes/visual/boom_turret.stl
[0.349s] -- Up-to-date: /home/ubuntu/ros2_ws/install/share/oil_palm_harvester_description/meshes/visual/boom_stage_1.stl
[0.349s] -- Up-to-date: /home/ubuntu/ros2_ws/install/share/oil_palm_harvester_description/meshes/visual/c_channel_platform.stl
[0.352s] -- Up-to-date: /home/ubuntu/ros2_ws/install/share/oil_palm_harvester_description/meshes/visual/range_sensor.stl
[0.352s] -- Up-to-date: /home/ubuntu/ros2_ws/install/share/oil_palm_harvester_description/meshes/visual/vehicle_body.stl
[0.353s] -- Up-to-date: /home/ubuntu/ros2_ws/install/share/oil_palm_harvester_description/meshes/visual/boom_stage_3.stl
[0.353s] -- Up-to-date: /home/ubuntu/ros2_ws/install/share/oil_palm_harvester_description/launch
[0.353s] -- Up-to-date: /home/ubuntu/ros2_ws/install/share/oil_palm_harvester_description/launch/display.launch.py
[0.354s] -- Installing: /home/ubuntu/ros2_ws/install/share/oil_palm_harvester_description/launch/gazebo_docking_with_camera_view.launch.py
[0.354s] -- Installing: /home/ubuntu/ros2_ws/install/share/oil_palm_harvester_description/launch/gazebo_docking.launch.py
[0.354s] -- Up-to-date: /home/ubuntu/ros2_ws/install/share/oil_palm_harvester_description/launch/display_harvester_and_tree.launch.py
[0.355s] -- Up-to-date: /home/ubuntu/ros2_ws/install/share/oil_palm_harvester_description/config
[0.355s] -- Up-to-date: /home/ubuntu/ros2_ws/install/share/oil_palm_harvester_description/config/example_joint_positions.yaml
[0.355s] -- Up-to-date: /home/ubuntu/ros2_ws/install/share/oil_palm_harvester_description/config/controllers.yaml
[0.356s] -- Up-to-date: /home/ubuntu/ros2_ws/install/share/oil_palm_harvester_description/worlds
[0.356s] -- Installing: /home/ubuntu/ros2_ws/install/share/oil_palm_harvester_description/worlds/docking.world
[0.356s] -- Up-to-date: /home/ubuntu/ros2_ws/install/share/oil_palm_harvester_description/preview
[0.358s] -- Up-to-date: /home/ubuntu/ros2_ws/install/share/oil_palm_harvester_description/preview/oil_palm_harvester_estimated.glb
[0.359s] -- Up-to-date: /home/ubuntu/ros2_ws/install/share/oil_palm_harvester_description/preview/estimated_model_preview.png
[0.359s] -- Up-to-date: /home/ubuntu/ros2_ws/install/share/oil_palm_harvester_description/rviz
[0.360s] -- Up-to-date: /home/ubuntu/ros2_ws/install/share/oil_palm_harvester_description/rviz/harvester_tree_combined.rviz
[0.360s] -- Up-to-date: /home/ubuntu/ros2_ws/install/share/oil_palm_harvester_description/scripts/publish_urdf.py
[0.361s] -- Up-to-date: /home/ubuntu/ros2_ws/install/share/ament_index/resource_index/package_run_dependencies/oil_palm_harvester_description
[0.365s] -- Up-to-date: /home/ubuntu/ros2_ws/install/share/ament_index/resource_index/parent_prefix_path/oil_palm_harvester_description
[0.365s] -- Up-to-date: /home/ubuntu/ros2_ws/install/share/oil_palm_harvester_description/environment/ament_prefix_path.sh
[0.368s] -- Up-to-date: /home/ubuntu/ros2_ws/install/share/oil_palm_harvester_description/environment/ament_prefix_path.dsv
[0.368s] -- Up-to-date: /home/ubuntu/ros2_ws/install/share/oil_palm_harvester_description/environment/path.sh
[0.372s] -- Up-to-date: /home/ubuntu/ros2_ws/install/share/oil_palm_harvester_description/environment/path.dsv
[0.373s] -- Up-to-date: /home/ubuntu/ros2_ws/install/share/oil_palm_harvester_description/local_setup.bash
[0.374s] -- Up-to-date: /home/ubuntu/ros2_ws/install/share/oil_palm_harvester_description/local_setup.sh
[0.376s] -- Up-to-date: /home/ubuntu/ros2_ws/install/share/oil_palm_harvester_description/local_setup.zsh
[0.376s] -- Up-to-date: /home/ubuntu/ros2_ws/install/share/oil_palm_harvester_description/local_setup.dsv
[0.383s] -- Installing: /home/ubuntu/ros2_ws/install/share/oil_palm_harvester_description/package.dsv
[0.384s] -- Up-to-date: /home/ubuntu/ros2_ws/install/share/ament_index/resource_index/packages/oil_palm_harvester_description
[0.386s] -- Up-to-date: /home/ubuntu/ros2_ws/install/share/oil_palm_harvester_description/cmake/oil_palm_harvester_descriptionConfig.cmake
[0.386s] -- Up-to-date: /home/ubuntu/ros2_ws/install/share/oil_palm_harvester_description/cmake/oil_palm_harvester_descriptionConfig-version.cmake
[0.387s] -- Up-to-date: /home/ubuntu/ros2_ws/install/share/oil_palm_harvester_description/package.xml
[0.388s] Invoked command in '/home/ubuntu/ros2_ws/build/oil_palm_harvester_description' returned '0': CMAKE_PREFIX_PATH=/opt/ros/foxy CONDA_PROMPT_MODIFIER=(base) /usr/bin/cmake --install /home/ubuntu/ros2_ws/build/oil_palm_harvester_description
