running develop
running egg_info
creating harvester_telemetry_gateway.egg-info
writing harvester_telemetry_gateway.egg-info/PKG-INFO
writing dependency_links to harvester_telemetry_gateway.egg-info/dependency_links.txt
writing entry points to harvester_telemetry_gateway.egg-info/entry_points.txt
writing requirements to harvester_telemetry_gateway.egg-info/requires.txt
writing top-level names to harvester_telemetry_gateway.egg-info/top_level.txt
writing manifest file 'harvester_telemetry_gateway.egg-info/SOURCES.txt'
reading manifest file 'harvester_telemetry_gateway.egg-info/SOURCES.txt'
writing manifest file 'harvester_telemetry_gateway.egg-info/SOURCES.txt'
running build_ext
Creating /home/ubuntu/ros2_ws/install/lib/python3.8/site-packages/harvester-telemetry-gateway.egg-link (link to .)
Installing gateway_node script to /home/ubuntu/ros2_ws/install/lib/harvester_telemetry_gateway

Installed /home/ubuntu/ros2_ws/build/harvester_telemetry_gateway
running symlink_data
symbolically linking /home/ubuntu/ros2_ws/build/harvester_telemetry_gateway/resource/harvester_telemetry_gateway -> /home/ubuntu/ros2_ws/install/share/ament_index/resource_index/packages
symbolically linking /home/ubuntu/ros2_ws/build/harvester_telemetry_gateway/package.xml -> /home/ubuntu/ros2_ws/install/share/harvester_telemetry_gateway
creating /home/ubuntu/ros2_ws/install/share/harvester_telemetry_gateway/launch
symbolically linking /home/ubuntu/ros2_ws/build/harvester_telemetry_gateway/launch/gateway.launch.py -> /home/ubuntu/ros2_ws/install/share/harvester_telemetry_gateway/launch
creating /home/ubuntu/ros2_ws/install/share/harvester_telemetry_gateway/config
symbolically linking /home/ubuntu/ros2_ws/build/harvester_telemetry_gateway/config/gateway.yaml -> /home/ubuntu/ros2_ws/install/share/harvester_telemetry_gateway/config
