[0.058s] Invoking command in '/home/ubuntu/ros2_ws/build/oil_palm_harvester_description': CMAKE_PREFIX_PATH=/opt/ros/foxy:/home/ubuntu/ros2_ws/install CONDA_PROMPT_MODIFIER=(base) PKG_CONFIG_PATH=/home/ubuntu/ros2_ws/install/lib/aarch64-linux-gnu/pkgconfig:/home/ubuntu/ros2_ws/install/lib/pkgconfig ROS_PACKAGE_PATH=/home/ubuntu/ros2_ws/install/share /usr/bin/cmake --build /home/ubuntu/ros2_ws/build/oil_palm_harvester_description -- -j8 -l8
[0.147s] -- Found ament_cmake: 0.9.12 (/opt/ros/foxy/share/ament_cmake/cmake)
[0.225s] -- Using PYTHON_EXECUTABLE: /usr/bin/python3
[0.831s] -- Override CMake install command with custom implementation using symlinks instead of copying resources
[0.866s] -- Found gazebo_dev: 3.5.3 (/opt/ros/foxy/share/gazebo_dev/cmake)
[0.894s] -- Found PkgConfig: /usr/bin/pkg-config (found version "0.29.1") 
[0.912s] -- Checking for module 'bullet>=2.82'
[0.988s] --   Found bullet, version 2.88
[1.563s] -- Found ccd: /usr/include (found suitable version "2.0", minimum required is "2.0") 
[1.860s] -- Found fcl: /usr/include (found suitable version "0.5.0", minimum required is "0.3.2") 
[2.151s] -- Found assimp: /usr/include (found version "5.0.0") 
[2.245s] -- Found DART: /usr/include (Required is at least version "6.6") found components: dart 
[3.683s] -- Found Boost: /usr/lib/aarch64-linux-gnu/cmake/Boost-1.71.0/BoostConfig.cmake (found suitable version "1.71.0", minimum required is "1.40.0") found components: thread system filesystem program_options regex iostreams date_time 
[3.757s] -- Found Protobuf: /usr/lib/aarch64-linux-gnu/libprotobuf.so;-lpthread (found version "3.6.1") 
[3.787s] -- Looking for ignition-math6 -- found version 6.15.1
[3.815s] -- Searching for dependencies of ignition-math6
[3.822s] -- Looking for OGRE...
[3.824s] -- OGRE_PREFIX_WATCH changed.
[3.842s] -- Checking for module 'OGRE'
[3.912s] --   Found OGRE, version 1.9.0
[4.115s] -- Found Ogre Ghadamon (1.9.0)
[4.153s] -- Found OGRE: optimized;/usr/lib/aarch64-linux-gnu/libOgreMain.so;debug;/usr/lib/aarch64-linux-gnu/libOgreMain.so
[4.190s] -- Looking for OGRE_Paging...
[4.210s] -- Found OGRE_Paging: optimized;/usr/lib/aarch64-linux-gnu/libOgrePaging.so;debug;/usr/lib/aarch64-linux-gnu/libOgrePaging.so
[4.211s] -- Looking for OGRE_Terrain...
[4.232s] -- Found OGRE_Terrain: optimized;/usr/lib/aarch64-linux-gnu/libOgreTerrain.so;debug;/usr/lib/aarch64-linux-gnu/libOgreTerrain.so
[4.232s] -- Looking for OGRE_Property...
[4.251s] -- Found OGRE_Property: optimized;/usr/lib/aarch64-linux-gnu/libOgreProperty.so;debug;/usr/lib/aarch64-linux-gnu/libOgreProperty.so
[4.251s] -- Looking for OGRE_RTShaderSystem...
[4.272s] -- Found OGRE_RTShaderSystem: optimized;/usr/lib/aarch64-linux-gnu/libOgreRTShaderSystem.so;debug;/usr/lib/aarch64-linux-gnu/libOgreRTShaderSystem.so
[4.272s] -- Looking for OGRE_Volume...
[4.291s] -- Found OGRE_Volume: optimized;/usr/lib/aarch64-linux-gnu/libOgreVolume.so;debug;/usr/lib/aarch64-linux-gnu/libOgreVolume.so
[4.292s] -- Looking for OGRE_Overlay...
[4.310s] -- Found OGRE_Overlay: optimized;/usr/lib/aarch64-linux-gnu/libOgreOverlay.so;debug;/usr/lib/aarch64-linux-gnu/libOgreOverlay.so
[4.768s] -- Looking for ignition-math6 -- found version 6.15.1
[4.779s] -- Looking for ignition-transport8 -- found version 8.3.0
[4.781s] -- Searching for dependencies of ignition-transport8
[4.841s] -- Found Protobuf: /usr/lib/aarch64-linux-gnu/libprotobuf.so;-lpthread (found suitable version "3.6.1", minimum required is "3") 
[4.874s] -- Checking for module 'uuid'
[4.943s] --   Found uuid, version 2.34.0
[5.147s] -- Found UUID: TRUE  
[5.159s] -- Looking for ignition-msgs5 -- found version 5.10.0
[5.161s] -- Searching for dependencies of ignition-msgs5
[5.225s] -- Looking for ignition-math6 -- found version 6.15.1
[5.244s] -- Checking for module 'tinyxml2'
[5.315s] --   Found tinyxml2, version 6.2.0
[5.532s] -- Looking for ignition-msgs5 -- found version 5.10.0
[5.543s] -- Looking for ignition-common3 -- found version 3.14.2
[5.544s] -- Searching for dependencies of ignition-common3
[5.546s] -- Looking for dlfcn.h - found
[5.549s] -- Looking for libdl - found
[5.554s] -- Found DL: TRUE  
[5.586s] -- Searching for <ignition-common3> component [graphics]
[5.598s] -- Looking for ignition-common3-graphics -- found version 3.14.2
[5.599s] -- Searching for dependencies of ignition-common3-graphics
[5.600s] -- Looking for ignition-math6 -- found version 6.15.1
[5.617s] -- Looking for ignition-fuel_tools4 -- found version 4.6.0
[5.619s] -- Searching for dependencies of ignition-fuel_tools4
[5.988s] -- Found CURL: /usr/lib/aarch64-linux-gnu/libcurl.so (found version "7.68.0")  
[6.023s] -- Checking for module 'jsoncpp'
[6.094s] --   Found jsoncpp, version 1.7.4
[6.300s] -- Found JSONCPP: TRUE  
[6.323s] -- Checking for module 'libzip'
[6.394s] --   Found libzip, version 1.5.1
[6.603s] -- Found ZIP: TRUE  
[6.605s] -- Looking for ignition-common3 -- found version 3.14.2
[6.606s] -- Looking for ignition-math6 -- found version 6.15.1
[6.607s] -- Looking for ignition-msgs5 -- found version 5.10.0
[6.614s] -- Gazebo version: 11.11
[6.618s] -- Found gazebo_ros: 3.5.3 (/opt/ros/foxy/share/gazebo_ros/cmake)
[6.762s] -- Using all available rosidl_typesupport_c: rosidl_typesupport_fastrtps_c;rosidl_typesupport_introspection_c
[6.786s] -- Found rosidl_adapter: 1.3.1 (/opt/ros/foxy/share/rosidl_adapter/cmake)
[7.146s] -- Found OpenSSL: /usr/lib/aarch64-linux-gnu/libcrypto.so (found version "1.1.1f")  
[7.236s] -- Found FastRTPS: /opt/ros/foxy/include  
[7.515s] -- Using all available rosidl_typesupport_cpp: rosidl_typesupport_fastrtps_cpp;rosidl_typesupport_introspection_cpp
[7.719s] -- Found rmw_implementation_cmake: 1.0.4 (/opt/ros/foxy/share/rmw_implementation_cmake/cmake)
[7.724s] -- Using RMW implementation 'rmw_fastrtps_cpp' as default
[7.729s] -- Found Threads: TRUE  
[8.236s] -- Found sensor_msgs: 2.0.5 (/opt/ros/foxy/share/sensor_msgs/cmake)
[8.560s] -- Found tf2_ros: 0.13.14 (/opt/ros/foxy/share/tf2_ros/cmake)
[9.730s] -- Configuring done
[9.949s] -- Generating done
[10.013s] -- Build files have been written to: /home/ubuntu/ros2_ws/build/oil_palm_harvester_description
[10.803s] Scanning dependencies of target harvester_kinematic_gazebo_plugin
[10.905s] [ 50%] Building CXX object CMakeFiles/harvester_kinematic_gazebo_plugin.dir/src/harvester_kinematic_gazebo_plugin.cpp.o
[32.456s] /home/ubuntu/ros2_ws/src/oil_palm_harvester_description/src/harvester_kinematic_gazebo_plugin.cpp: In member function ‘void oil_palm_harvester_description::HarvesterKinematicGazeboPlugin::OnUpdate(const gazebo::common::UpdateInfo&)’:
[32.456s] /home/ubuntu/ros2_ws/src/oil_palm_harvester_description/src/harvester_kinematic_gazebo_plugin.cpp:86:31: error: ‘class gazebo::common::Time’ has no member named ‘isZero’; did you mean ‘Zero’?
[32.457s]    86 |     if (!this->last_sim_time_.isZero()) {
[32.457s]       |                               ^~~~~~
[32.458s]       |                               Zero
[43.804s] make[2]: *** [CMakeFiles/harvester_kinematic_gazebo_plugin.dir/build.make:63: CMakeFiles/harvester_kinematic_gazebo_plugin.dir/src/harvester_kinematic_gazebo_plugin.cpp.o] Error 1
[43.806s] make[1]: *** [CMakeFiles/Makefile2:78: CMakeFiles/harvester_kinematic_gazebo_plugin.dir/all] Error 2
[43.806s] make: *** [Makefile:141: all] Error 2
[43.817s] Invoked command in '/home/ubuntu/ros2_ws/build/oil_palm_harvester_description' returned '2': CMAKE_PREFIX_PATH=/opt/ros/foxy:/home/ubuntu/ros2_ws/install CONDA_PROMPT_MODIFIER=(base) PKG_CONFIG_PATH=/home/ubuntu/ros2_ws/install/lib/aarch64-linux-gnu/pkgconfig:/home/ubuntu/ros2_ws/install/lib/pkgconfig ROS_PACKAGE_PATH=/home/ubuntu/ros2_ws/install/share /usr/bin/cmake --build /home/ubuntu/ros2_ws/build/oil_palm_harvester_description -- -j8 -l8
