[30.057s] Invoking command in '/home/ubuntu/ros2_ws/build/oil_palm_harvester_description': CMAKE_PREFIX_PATH=/opt/ros/foxy:/home/ubuntu/ros2_ws/install CONDA_PROMPT_MODIFIER=(base) PKG_CONFIG_PATH=/home/ubuntu/ros2_ws/install/lib/aarch64-linux-gnu/pkgconfig:/home/ubuntu/ros2_ws/install/lib/pkgconfig ROS_PACKAGE_PATH=/home/ubuntu/ros2_ws/install/share /usr/bin/cmake --build /home/ubuntu/ros2_ws/build/oil_palm_harvester_description -- -j8 -l8
[30.317s] [ 16%] Automatic MOC for target harvester_range_sensor_panel
[30.402s] [ 16%] Built target harvester_range_sensor_panel_autogen
[30.595s] [ 66%] Built target harvester_range_sensor_panel
[30.880s] Scanning dependencies of target harvester_kinematic_gazebo_plugin
[30.990s] [ 83%] Building CXX object CMakeFiles/harvester_kinematic_gazebo_plugin.dir/src/harvester_kinematic_gazebo_plugin.cpp.o
[86.644s] [100%] Linking CXX shared library libharvester_kinematic_gazebo_plugin.so
[90.270s] Built target harvester_kinematic_gazebo_plugin
[90.337s] Invoked command in '/home/ubuntu/ros2_ws/build/oil_palm_harvester_description' returned '0': CMAKE_PREFIX_PATH=/opt/ros/foxy:/home/ubuntu/ros2_ws/install CONDA_PROMPT_MODIFIER=(base) PKG_CONFIG_PATH=/home/ubuntu/ros2_ws/install/lib/aarch64-linux-gnu/pkgconfig:/home/ubuntu/ros2_ws/install/lib/pkgconfig ROS_PACKAGE_PATH=/home/ubuntu/ros2_ws/install/share /usr/bin/cmake --build /home/ubuntu/ros2_ws/build/oil_palm_harvester_description -- -j8 -l8
[90.397s] Invoking command in '/home/ubuntu/ros2_ws/build/oil_palm_harvester_description': CMAKE_PREFIX_PATH=/opt/ros/foxy:/home/ubuntu/ros2_ws/install CONDA_PROMPT_MODIFIER=(base) PKG_CONFIG_PATH=/home/ubuntu/ros2_ws/install/lib/aarch64-linux-gnu/pkgconfig:/home/ubuntu/ros2_ws/install/lib/pkgconfig ROS_PACKAGE_PATH=/home/ubuntu/ros2_ws/install/share /usr/bin/cmake --install /home/ubuntu/ros2_ws/build/oil_palm_harvester_description
[90.430s] -- Install configuration: ""
[90.435s] -- Execute custom install script
[90.437s] -- Up-to-date symlink: /home/ubuntu/ros2_ws/install/share/oil_palm_harvester_description/rviz/range_sensor_panel_plugin.xml
[90.441s] -- Up-to-date symlink: /home/ubuntu/ros2_ws/install/share/oil_palm_harvester_description/urdf/oil_palm_harvester_estimated.urdf
[90.442s] -- Up-to-date symlink: /home/ubuntu/ros2_ws/install/share/oil_palm_harvester_description/urdf/oil_palm_harvester_kinematic.urdf
[90.451s] -- Up-to-date symlink: /home/ubuntu/ros2_ws/install/share/oil_palm_harvester_description/meshes/collision/depth_camera_estimated.stl
[90.453s] -- Up-to-date symlink: /home/ubuntu/ros2_ws/install/share/oil_palm_harvester_description/meshes/collision/lidar_mid360_estimated.stl
[90.453s] -- Up-to-date symlink: /home/ubuntu/ros2_ws/install/share/oil_palm_harvester_description/meshes/collision/range_sensor.stl
[90.454s] -- Up-to-date symlink: /home/ubuntu/ros2_ws/install/share/oil_palm_harvester_description/meshes/collision/wheel.stl
[90.455s] -- Up-to-date symlink: /home/ubuntu/ros2_ws/install/share/oil_palm_harvester_description/meshes/mesh_inventory.csv
[90.455s] -- Up-to-date symlink: /home/ubuntu/ros2_ws/install/share/oil_palm_harvester_description/meshes/visual/boom_stage_0.stl
[90.456s] -- Up-to-date symlink: /home/ubuntu/ros2_ws/install/share/oil_palm_harvester_description/meshes/visual/boom_stage_1.stl
[90.457s] -- Up-to-date symlink: /home/ubuntu/ros2_ws/install/share/oil_palm_harvester_description/meshes/visual/boom_stage_2.stl
[90.458s] -- Up-to-date symlink: /home/ubuntu/ros2_ws/install/share/oil_palm_harvester_description/meshes/visual/boom_stage_3.stl
[90.459s] -- Up-to-date symlink: /home/ubuntu/ros2_ws/install/share/oil_palm_harvester_description/meshes/visual/boom_stage_4.stl
[90.460s] -- Up-to-date symlink: /home/ubuntu/ros2_ws/install/share/oil_palm_harvester_description/meshes/visual/boom_turret.stl
[90.462s] -- Up-to-date symlink: /home/ubuntu/ros2_ws/install/share/oil_palm_harvester_description/meshes/visual/c_channel_platform.stl
[90.463s] -- Up-to-date symlink: /home/ubuntu/ros2_ws/install/share/oil_palm_harvester_description/meshes/visual/cutting_arm_base.stl
[90.464s] -- Up-to-date symlink: /home/ubuntu/ros2_ws/install/share/oil_palm_harvester_description/meshes/visual/cutting_arm_link.stl
[90.471s] -- Up-to-date symlink: /home/ubuntu/ros2_ws/install/share/oil_palm_harvester_description/meshes/visual/cutting_tool.stl
[90.472s] -- Up-to-date symlink: /home/ubuntu/ros2_ws/install/share/oil_palm_harvester_description/meshes/visual/depth_camera_estimated.stl
[90.473s] -- Up-to-date symlink: /home/ubuntu/ros2_ws/install/share/oil_palm_harvester_description/meshes/visual/lidar_mid360_estimated.stl
[90.473s] -- Up-to-date symlink: /home/ubuntu/ros2_ws/install/share/oil_palm_harvester_description/meshes/visual/platform_mount.stl
[90.474s] -- Up-to-date symlink: /home/ubuntu/ros2_ws/install/share/oil_palm_harvester_description/meshes/visual/rail_carriage.stl
[90.475s] -- Up-to-date symlink: /home/ubuntu/ros2_ws/install/share/oil_palm_harvester_description/meshes/visual/range_sensor.stl
[90.478s] -- Up-to-date symlink: /home/ubuntu/ros2_ws/install/share/oil_palm_harvester_description/meshes/visual/vehicle_body.stl
[90.482s] -- Up-to-date symlink: /home/ubuntu/ros2_ws/install/share/oil_palm_harvester_description/meshes/visual/wheel.stl
[90.483s] -- Up-to-date symlink: /home/ubuntu/ros2_ws/install/share/oil_palm_harvester_description/launch/__pycache__/display.launch.cpython-38.pyc
[90.485s] -- Up-to-date symlink: /home/ubuntu/ros2_ws/install/share/oil_palm_harvester_description/launch/__pycache__/display_harvester_and_tree.launch.cpython-38.pyc
[90.486s] -- Up-to-date symlink: /home/ubuntu/ros2_ws/install/share/oil_palm_harvester_description/launch/__pycache__/gazebo_docking.launch.cpython-38.pyc
[90.487s] -- Symlinking: /home/ubuntu/ros2_ws/install/share/oil_palm_harvester_description/launch/__pycache__/gazebo_harvester_and_tree.launch.cpython-38.pyc
[90.529s] -- Up-to-date symlink: /home/ubuntu/ros2_ws/install/share/oil_palm_harvester_description/launch/display.launch.py
[90.531s] -- Up-to-date symlink: /home/ubuntu/ros2_ws/install/share/oil_palm_harvester_description/launch/display_harvester_and_tree.launch.py
[90.534s] -- Up-to-date symlink: /home/ubuntu/ros2_ws/install/share/oil_palm_harvester_description/launch/gazebo_docking.launch.py
[90.535s] -- Up-to-date symlink: /home/ubuntu/ros2_ws/install/share/oil_palm_harvester_description/launch/gazebo_docking_with_camera_view.launch.py
[90.537s] -- Up-to-date symlink: /home/ubuntu/ros2_ws/install/share/oil_palm_harvester_description/launch/gazebo_harvester_and_tree.launch.py
[90.542s] -- Up-to-date symlink: /home/ubuntu/ros2_ws/install/share/oil_palm_harvester_description/config/camera_lidar_calibration.deployment.template.json
[90.544s] -- Up-to-date symlink: /home/ubuntu/ros2_ws/install/share/oil_palm_harvester_description/config/camera_lidar_calibration.nominal.json
[90.545s] -- Up-to-date symlink: /home/ubuntu/ros2_ws/install/share/oil_palm_harvester_description/config/controllers.yaml
[90.545s] -- Up-to-date symlink: /home/ubuntu/ros2_ws/install/share/oil_palm_harvester_description/config/example_joint_positions.yaml
[90.546s] -- Up-to-date symlink: /home/ubuntu/ros2_ws/install/share/oil_palm_harvester_description/config/range_sensor_calibration.deployment.template.json
[90.547s] -- Up-to-date symlink: /home/ubuntu/ros2_ws/install/share/oil_palm_harvester_description/config/range_sensor_calibration.nominal.json
[90.548s] -- Up-to-date symlink: /home/ubuntu/ros2_ws/install/share/oil_palm_harvester_description/worlds/docking.world
[90.549s] -- Up-to-date symlink: /home/ubuntu/ros2_ws/install/share/oil_palm_harvester_description/worlds/harvester_tree.world
[90.551s] -- Up-to-date symlink: /home/ubuntu/ros2_ws/install/share/oil_palm_harvester_description/gazebo_model/oil_palm_harvester/model.config
[90.559s] -- Up-to-date symlink: /home/ubuntu/ros2_ws/install/share/oil_palm_harvester_description/gazebo_model/oil_palm_harvester/model.sdf
[90.559s] -- Up-to-date symlink: /home/ubuntu/ros2_ws/install/share/oil_palm_harvester_description/gazebo_model_database/database.config
[90.560s] -- Up-to-date symlink: /home/ubuntu/ros2_ws/install/share/oil_palm_harvester_description/gazebo_model_database/local_placeholder/model.config
[90.561s] -- Up-to-date symlink: /home/ubuntu/ros2_ws/install/share/oil_palm_harvester_description/gazebo_model_database/local_placeholder/model.sdf
[90.564s] -- Up-to-date symlink: /home/ubuntu/ros2_ws/install/share/oil_palm_harvester_description/preview/estimated_model_preview.png
[90.565s] -- Up-to-date symlink: /home/ubuntu/ros2_ws/install/share/oil_palm_harvester_description/preview/oil_palm_harvester_estimated.glb
[90.568s] -- Up-to-date symlink: /home/ubuntu/ros2_ws/install/share/oil_palm_harvester_description/rviz/harvester_camera_lidar.rviz
[90.569s] -- Up-to-date symlink: /home/ubuntu/ros2_ws/install/share/oil_palm_harvester_description/rviz/harvester_tree_combined.rviz
[90.570s] -- Up-to-date symlink: /home/ubuntu/ros2_ws/install/share/oil_palm_harvester_description/rviz/range_sensor_panel_plugin.xml
[90.571s] -- Up-to-date symlink: /home/ubuntu/ros2_ws/install/include/oil_palm_harvester_description/range_sensor_panel.hpp
[90.578s] -- Up-to-date symlink: /home/ubuntu/ros2_ws/install/lib/libharvester_kinematic_gazebo_plugin.so
[90.579s] -- Up-to-date symlink: /home/ubuntu/ros2_ws/install/lib/libharvester_range_sensor_panel.so
[90.580s] -- Up-to-date symlink: /home/ubuntu/ros2_ws/install/share/oil_palm_harvester_description/scripts/publish_urdf.py
[90.584s] -- Up-to-date symlink: /home/ubuntu/ros2_ws/install/share/oil_palm_harvester_description/scripts/gazebo_joint_state_bridge.py
[90.588s] -- Up-to-date symlink: /home/ubuntu/ros2_ws/install/share/oil_palm_harvester_description/scripts/gazebo_base_kinematic_controller.py
[90.589s] -- Up-to-date symlink: /home/ubuntu/ros2_ws/install/share/oil_palm_harvester_description/scripts/lidar_timestamp_bridge.py
[90.589s] -- Up-to-date symlink: /home/ubuntu/ros2_ws/install/share/oil_palm_harvester_description/scripts/camera_view_selector.py
[90.592s] -- Up-to-date symlink: /home/ubuntu/ros2_ws/install/share/oil_palm_harvester_description/scripts/camera_lidar_projection.py
[90.595s] -- Up-to-date symlink: /home/ubuntu/ros2_ws/install/share/oil_palm_harvester_description/scripts/range_sensor_label_publisher.py
[90.596s] -- Up-to-date symlink: /home/ubuntu/ros2_ws/install/share/oil_palm_harvester_description/scripts/range_sensor_calibration.py
[90.597s] -- Up-to-date symlink: /home/ubuntu/ros2_ws/install/share/oil_palm_harvester_description/scripts/cutter_range_marker.py
[90.598s] -- Up-to-date symlink: /home/ubuntu/ros2_ws/install/share/oil_palm_harvester_description/scripts/validate_range_sensor_calibration.py
[90.600s] -- Up-to-date symlink: /home/ubuntu/ros2_ws/install/share/oil_palm_harvester_description/scripts/validate_camera_lidar_calibration.py
[90.603s] -- Up-to-date symlink: /home/ubuntu/ros2_ws/install/share/oil_palm_harvester_description/scripts/range_sensor_calibration_common.py
[90.603s] -- Up-to-date symlink: /home/ubuntu/ros2_ws/install/share/oil_palm_harvester_description/scripts/camera_lidar_calibration_common.py
[90.606s] -- Up-to-date symlink: /home/ubuntu/ros2_ws/install/share/ament_index/resource_index/package_run_dependencies/oil_palm_harvester_description
[90.606s] -- Up-to-date symlink: /home/ubuntu/ros2_ws/install/share/ament_index/resource_index/parent_prefix_path/oil_palm_harvester_description
[90.607s] -- Up-to-date symlink: /home/ubuntu/ros2_ws/install/share/oil_palm_harvester_description/environment/ament_prefix_path.sh
[90.608s] -- Up-to-date symlink: /home/ubuntu/ros2_ws/install/share/oil_palm_harvester_description/environment/ament_prefix_path.dsv
[90.608s] -- Up-to-date symlink: /home/ubuntu/ros2_ws/install/share/oil_palm_harvester_description/environment/path.sh
[90.609s] -- Up-to-date symlink: /home/ubuntu/ros2_ws/install/share/oil_palm_harvester_description/environment/path.dsv
[90.611s] -- Up-to-date symlink: /home/ubuntu/ros2_ws/install/share/oil_palm_harvester_description/local_setup.bash
[90.613s] -- Up-to-date symlink: /home/ubuntu/ros2_ws/install/share/oil_palm_harvester_description/local_setup.sh
[90.615s] -- Up-to-date symlink: /home/ubuntu/ros2_ws/install/share/oil_palm_harvester_description/local_setup.zsh
[90.616s] -- Up-to-date symlink: /home/ubuntu/ros2_ws/install/share/oil_palm_harvester_description/local_setup.dsv
[90.617s] -- Symlinking: /home/ubuntu/ros2_ws/install/share/oil_palm_harvester_description/package.dsv
[90.660s] -- Up-to-date symlink: /home/ubuntu/ros2_ws/install/share/ament_index/resource_index/packages/oil_palm_harvester_description
[90.661s] -- Up-to-date symlink: /home/ubuntu/ros2_ws/install/share/ament_index/resource_index/rviz_common__pluginlib__plugin/oil_palm_harvester_description
[90.664s] -- Up-to-date symlink: /home/ubuntu/ros2_ws/install/share/oil_palm_harvester_description/cmake/oil_palm_harvester_descriptionConfig.cmake
[90.666s] -- Up-to-date symlink: /home/ubuntu/ros2_ws/install/share/oil_palm_harvester_description/cmake/oil_palm_harvester_descriptionConfig-version.cmake
[90.669s] -- Up-to-date symlink: /home/ubuntu/ros2_ws/install/share/oil_palm_harvester_description/package.xml
[90.678s] Invoked command in '/home/ubuntu/ros2_ws/build/oil_palm_harvester_description' returned '0': CMAKE_PREFIX_PATH=/opt/ros/foxy:/home/ubuntu/ros2_ws/install CONDA_PROMPT_MODIFIER=(base) PKG_CONFIG_PATH=/home/ubuntu/ros2_ws/install/lib/aarch64-linux-gnu/pkgconfig:/home/ubuntu/ros2_ws/install/lib/pkgconfig ROS_PACKAGE_PATH=/home/ubuntu/ros2_ws/install/share /usr/bin/cmake --install /home/ubuntu/ros2_ws/build/oil_palm_harvester_description
