[0.073s] Invoking command in '/home/ubuntu/ros2_ws/build/oil_palm_harvester_description': CMAKE_PREFIX_PATH=/opt/ros/foxy CONDA_PROMPT_MODIFIER=(base) /usr/bin/cmake --build /home/ubuntu/ros2_ws/build/oil_palm_harvester_description -- -j8 -l8
[0.269s] Invoked command in '/home/ubuntu/ros2_ws/build/oil_palm_harvester_description' returned '0': CMAKE_PREFIX_PATH=/opt/ros/foxy CONDA_PROMPT_MODIFIER=(base) /usr/bin/cmake --build /home/ubuntu/ros2_ws/build/oil_palm_harvester_description -- -j8 -l8
[0.319s] Invoking command in '/home/ubuntu/ros2_ws/build/oil_palm_harvester_description': CMAKE_PREFIX_PATH=/opt/ros/foxy CONDA_PROMPT_MODIFIER=(base) /usr/bin/cmake --install /home/ubuntu/ros2_ws/build/oil_palm_harvester_description
[0.362s] -- Install configuration: ""
[0.363s] -- Up-to-date: /home/ubuntu/ros2_ws/install/share/oil_palm_harvester_description/urdf
[0.364s] -- Up-to-date: /home/ubuntu/ros2_ws/install/share/oil_palm_harvester_description/urdf/oil_palm_harvester_estimated.urdf
[0.364s] -- Up-to-date: /home/ubuntu/ros2_ws/install/share/oil_palm_harvester_description/urdf/oil_palm_harvester_kinematic.urdf
[0.365s] -- Up-to-date: /home/ubuntu/ros2_ws/install/share/oil_palm_harvester_description/meshes
[0.365s] -- Up-to-date: /home/ubuntu/ros2_ws/install/share/oil_palm_harvester_description/meshes/collision
[0.365s] -- Up-to-date: /home/ubuntu/ros2_ws/install/share/oil_palm_harvester_description/meshes/collision/wheel.stl
[0.366s] -- Up-to-date: /home/ubuntu/ros2_ws/install/share/oil_palm_harvester_description/meshes/collision/depth_camera_estimated.stl
[0.369s] -- Up-to-date: /home/ubuntu/ros2_ws/install/share/oil_palm_harvester_description/meshes/collision/lidar_mid360_estimated.stl
[0.370s] -- Up-to-date: /home/ubuntu/ros2_ws/install/share/oil_palm_harvester_description/meshes/collision/range_sensor.stl
[0.371s] -- Up-to-date: /home/ubuntu/ros2_ws/install/share/oil_palm_harvester_description/meshes/mesh_inventory.csv
[0.372s] -- Up-to-date: /home/ubuntu/ros2_ws/install/share/oil_palm_harvester_description/meshes/visual
[0.373s] -- Up-to-date: /home/ubuntu/ros2_ws/install/share/oil_palm_harvester_description/meshes/visual/cutting_arm_link.stl
[0.374s] -- Up-to-date: /home/ubuntu/ros2_ws/install/share/oil_palm_harvester_description/meshes/visual/wheel.stl
[0.375s] -- Up-to-date: /home/ubuntu/ros2_ws/install/share/oil_palm_harvester_description/meshes/visual/cutting_tool.stl
[0.375s] -- Up-to-date: /home/ubuntu/ros2_ws/install/share/oil_palm_harvester_description/meshes/visual/cutting_arm_base.stl
[0.375s] -- Up-to-date: /home/ubuntu/ros2_ws/install/share/oil_palm_harvester_description/meshes/visual/boom_stage_0.stl
[0.376s] -- Up-to-date: /home/ubuntu/ros2_ws/install/share/oil_palm_harvester_description/meshes/visual/boom_stage_2.stl
[0.376s] -- Up-to-date: /home/ubuntu/ros2_ws/install/share/oil_palm_harvester_description/meshes/visual/rail_carriage.stl
[0.376s] -- Up-to-date: /home/ubuntu/ros2_ws/install/share/oil_palm_harvester_description/meshes/visual/platform_mount.stl
[0.377s] -- Up-to-date: /home/ubuntu/ros2_ws/install/share/oil_palm_harvester_description/meshes/visual/depth_camera_estimated.stl
[0.377s] -- Up-to-date: /home/ubuntu/ros2_ws/install/share/oil_palm_harvester_description/meshes/visual/lidar_mid360_estimated.stl
[0.377s] -- Up-to-date: /home/ubuntu/ros2_ws/install/share/oil_palm_harvester_description/meshes/visual/boom_stage_4.stl
[0.378s] -- Up-to-date: /home/ubuntu/ros2_ws/install/share/oil_palm_harvester_description/meshes/visual/boom_turret.stl
[0.378s] -- Up-to-date: /home/ubuntu/ros2_ws/install/share/oil_palm_harvester_description/meshes/visual/boom_stage_1.stl
[0.378s] -- Up-to-date: /home/ubuntu/ros2_ws/install/share/oil_palm_harvester_description/meshes/visual/c_channel_platform.stl
[0.379s] -- Up-to-date: /home/ubuntu/ros2_ws/install/share/oil_palm_harvester_description/meshes/visual/range_sensor.stl
[0.379s] -- Up-to-date: /home/ubuntu/ros2_ws/install/share/oil_palm_harvester_description/meshes/visual/vehicle_body.stl
[0.381s] -- Up-to-date: /home/ubuntu/ros2_ws/install/share/oil_palm_harvester_description/meshes/visual/boom_stage_3.stl
[0.386s] -- Up-to-date: /home/ubuntu/ros2_ws/install/share/oil_palm_harvester_description/launch
[0.387s] -- Up-to-date: /home/ubuntu/ros2_ws/install/share/oil_palm_harvester_description/launch/display.launch.py
[0.389s] -- Up-to-date: /home/ubuntu/ros2_ws/install/share/oil_palm_harvester_description/launch/gazebo_docking.launch.py
[0.391s] -- Installing: /home/ubuntu/ros2_ws/install/share/oil_palm_harvester_description/launch/display_harvester_and_tree.launch.py
[0.392s] -- Up-to-date: /home/ubuntu/ros2_ws/install/share/oil_palm_harvester_description/config
[0.392s] -- Up-to-date: /home/ubuntu/ros2_ws/install/share/oil_palm_harvester_description/config/example_joint_positions.yaml
[0.393s] -- Up-to-date: /home/ubuntu/ros2_ws/install/share/oil_palm_harvester_description/config/controllers.yaml
[0.393s] -- Up-to-date: /home/ubuntu/ros2_ws/install/share/oil_palm_harvester_description/worlds
[0.393s] -- Up-to-date: /home/ubuntu/ros2_ws/install/share/oil_palm_harvester_description/worlds/docking.world
[0.395s] -- Up-to-date: /home/ubuntu/ros2_ws/install/share/oil_palm_harvester_description/preview
[0.395s] -- Up-to-date: /home/ubuntu/ros2_ws/install/share/oil_palm_harvester_description/preview/oil_palm_harvester_estimated.glb
[0.397s] -- Up-to-date: /home/ubuntu/ros2_ws/install/share/oil_palm_harvester_description/preview/estimated_model_preview.png
[0.398s] -- Up-to-date: /home/ubuntu/ros2_ws/install/share/oil_palm_harvester_description/rviz
[0.399s] -- Up-to-date: /home/ubuntu/ros2_ws/install/share/oil_palm_harvester_description/rviz/harvester_tree_combined.rviz
[0.400s] -- Installing: /home/ubuntu/ros2_ws/install/share/oil_palm_harvester_description/scripts/publish_urdf.py
[0.400s] -- Up-to-date: /home/ubuntu/ros2_ws/install/share/ament_index/resource_index/package_run_dependencies/oil_palm_harvester_description
[0.401s] -- Up-to-date: /home/ubuntu/ros2_ws/install/share/ament_index/resource_index/parent_prefix_path/oil_palm_harvester_description
[0.402s] -- Up-to-date: /home/ubuntu/ros2_ws/install/share/oil_palm_harvester_description/environment/ament_prefix_path.sh
[0.405s] -- Up-to-date: /home/ubuntu/ros2_ws/install/share/oil_palm_harvester_description/environment/ament_prefix_path.dsv
[0.405s] -- Up-to-date: /home/ubuntu/ros2_ws/install/share/oil_palm_harvester_description/environment/path.sh
[0.408s] -- Up-to-date: /home/ubuntu/ros2_ws/install/share/oil_palm_harvester_description/environment/path.dsv
[0.409s] -- Up-to-date: /home/ubuntu/ros2_ws/install/share/oil_palm_harvester_description/local_setup.bash
[0.411s] -- Up-to-date: /home/ubuntu/ros2_ws/install/share/oil_palm_harvester_description/local_setup.sh
[0.412s] -- Up-to-date: /home/ubuntu/ros2_ws/install/share/oil_palm_harvester_description/local_setup.zsh
[0.413s] -- Up-to-date: /home/ubuntu/ros2_ws/install/share/oil_palm_harvester_description/local_setup.dsv
[0.413s] -- Installing: /home/ubuntu/ros2_ws/install/share/oil_palm_harvester_description/package.dsv
[0.414s] -- Up-to-date: /home/ubuntu/ros2_ws/install/share/ament_index/resource_index/packages/oil_palm_harvester_description
[0.414s] -- Up-to-date: /home/ubuntu/ros2_ws/install/share/oil_palm_harvester_description/cmake/oil_palm_harvester_descriptionConfig.cmake
[0.415s] -- Up-to-date: /home/ubuntu/ros2_ws/install/share/oil_palm_harvester_description/cmake/oil_palm_harvester_descriptionConfig-version.cmake
[0.415s] -- Up-to-date: /home/ubuntu/ros2_ws/install/share/oil_palm_harvester_description/package.xml
[0.416s] Invoked command in '/home/ubuntu/ros2_ws/build/oil_palm_harvester_description' returned '0': CMAKE_PREFIX_PATH=/opt/ros/foxy CONDA_PROMPT_MODIFIER=(base) /usr/bin/cmake --install /home/ubuntu/ros2_ws/build/oil_palm_harvester_description
