-- The C compiler identification is GNU 9.4.0
-- The CXX compiler identification is GNU 9.4.0
-- Check for working C compiler: /usr/bin/cc
-- Check for working C compiler: /usr/bin/cc -- works
-- Detecting C compiler ABI info
-- Detecting C compiler ABI info - done
-- Detecting C compile features
-- Detecting C compile features - done
-- Check for working CXX compiler: /usr/bin/c++
-- Check for working CXX compiler: /usr/bin/c++ -- works
-- Detecting CXX compiler ABI info
-- Detecting CXX compiler ABI info - done
-- Detecting CXX compile features
-- Detecting CXX compile features - done
-- Found ament_cmake: 0.9.12 (/opt/ros/foxy/share/ament_cmake/cmake)
-- Found PythonInterp: /usr/bin/python3 (found suitable version "3.8.10", minimum required is "3") 
-- Using PYTHON_EXECUTABLE: /usr/bin/python3
-- Configuring done
-- Generating done
-- Build files have been written to: /home/ubuntu/ros2_ws/build/oil_palm_tree_description
-- Install configuration: ""
-- Installing: /home/ubuntu/ros2_ws/install/share/oil_palm_tree_description/urdf
-- Installing: /home/ubuntu/ros2_ws/install/share/oil_palm_tree_description/urdf/oil_palm_tree_lowpoly.urdf
-- Installing: /home/ubuntu/ros2_ws/install/share/oil_palm_tree_description/meshes
-- Installing: /home/ubuntu/ros2_ws/install/share/oil_palm_tree_description/meshes/frond_upper.stl
-- Installing: /home/ubuntu/ros2_ws/install/share/oil_palm_tree_description/meshes/cut_target_marker.stl
-- Installing: /home/ubuntu/ros2_ws/install/share/oil_palm_tree_description/meshes/ffb_lowpoly.stl
-- Installing: /home/ubuntu/ros2_ws/install/share/oil_palm_tree_description/meshes/frond_lower.stl
-- Installing: /home/ubuntu/ros2_ws/install/share/oil_palm_tree_description/meshes/frond_mid.stl
-- Installing: /home/ubuntu/ros2_ws/install/share/oil_palm_tree_description/meshes/trunk_lowpoly.stl
-- Installing: /home/ubuntu/ros2_ws/install/share/oil_palm_tree_description/launch
-- Installing: /home/ubuntu/ros2_ws/install/share/oil_palm_tree_description/launch/display_tree.launch.py
-- Installing: /home/ubuntu/ros2_ws/install/share/oil_palm_tree_description/rviz
-- Installing: /home/ubuntu/ros2_ws/install/share/oil_palm_tree_description/rviz/oil_palm_tree.rviz
-- Installing: /home/ubuntu/ros2_ws/install/share/oil_palm_tree_description/config
-- Installing: /home/ubuntu/ros2_ws/install/share/oil_palm_tree_description/config/tree_targets.yaml
-- Installing: /home/ubuntu/ros2_ws/install/share/oil_palm_tree_description/gazebo_model
-- Installing: /home/ubuntu/ros2_ws/install/share/oil_palm_tree_description/gazebo_model/oil_palm_tree
-- Installing: /home/ubuntu/ros2_ws/install/share/oil_palm_tree_description/gazebo_model/oil_palm_tree/model.config
-- Installing: /home/ubuntu/ros2_ws/install/share/oil_palm_tree_description/gazebo_model/oil_palm_tree/meshes
-- Installing: /home/ubuntu/ros2_ws/install/share/oil_palm_tree_description/gazebo_model/oil_palm_tree/meshes/frond_upper.stl
-- Installing: /home/ubuntu/ros2_ws/install/share/oil_palm_tree_description/gazebo_model/oil_palm_tree/meshes/cut_target_marker.stl
-- Installing: /home/ubuntu/ros2_ws/install/share/oil_palm_tree_description/gazebo_model/oil_palm_tree/meshes/ffb_lowpoly.stl
-- Installing: /home/ubuntu/ros2_ws/install/share/oil_palm_tree_description/gazebo_model/oil_palm_tree/meshes/frond_lower.stl
-- Installing: /home/ubuntu/ros2_ws/install/share/oil_palm_tree_description/gazebo_model/oil_palm_tree/meshes/frond_mid.stl
-- Installing: /home/ubuntu/ros2_ws/install/share/oil_palm_tree_description/gazebo_model/oil_palm_tree/meshes/trunk_lowpoly.stl
-- Installing: /home/ubuntu/ros2_ws/install/share/oil_palm_tree_description/gazebo_model/oil_palm_tree/model.sdf
-- Installing: /home/ubuntu/ros2_ws/install/share/ament_index/resource_index/package_run_dependencies/oil_palm_tree_description
-- Installing: /home/ubuntu/ros2_ws/install/share/ament_index/resource_index/parent_prefix_path/oil_palm_tree_description
-- Installing: /home/ubuntu/ros2_ws/install/share/oil_palm_tree_description/environment/ament_prefix_path.sh
-- Installing: /home/ubuntu/ros2_ws/install/share/oil_palm_tree_description/environment/ament_prefix_path.dsv
-- Installing: /home/ubuntu/ros2_ws/install/share/oil_palm_tree_description/environment/path.sh
-- Installing: /home/ubuntu/ros2_ws/install/share/oil_palm_tree_description/environment/path.dsv
-- Installing: /home/ubuntu/ros2_ws/install/share/oil_palm_tree_description/local_setup.bash
-- Installing: /home/ubuntu/ros2_ws/install/share/oil_palm_tree_description/local_setup.sh
-- Installing: /home/ubuntu/ros2_ws/install/share/oil_palm_tree_description/local_setup.zsh
-- Installing: /home/ubuntu/ros2_ws/install/share/oil_palm_tree_description/local_setup.dsv
-- Installing: /home/ubuntu/ros2_ws/install/share/oil_palm_tree_description/package.dsv
-- Installing: /home/ubuntu/ros2_ws/install/share/ament_index/resource_index/packages/oil_palm_tree_description
-- Installing: /home/ubuntu/ros2_ws/install/share/oil_palm_tree_description/cmake/oil_palm_tree_descriptionConfig.cmake
-- Installing: /home/ubuntu/ros2_ws/install/share/oil_palm_tree_description/cmake/oil_palm_tree_descriptionConfig-version.cmake
-- Installing: /home/ubuntu/ros2_ws/install/share/oil_palm_tree_description/package.xml
