[0.089s] Invoking command in '/home/ubuntu/ros2_ws/build/oil_palm_tree_description': CONDA_PROMPT_MODIFIER=(base) /usr/bin/cmake /home/ubuntu/ros2_ws/src/oil_palm_tree_description -DPYTHON_EXECUTABLE=/usr/bin/python3 -DCATKIN_INSTALL_INTO_PREFIX_ROOT=0 -DCMAKE_INSTALL_PREFIX=/home/ubuntu/ros2_ws/install
[0.343s] -- The C compiler identification is GNU 9.4.0
[0.591s] -- The CXX compiler identification is GNU 9.4.0
[0.611s] -- Check for working C compiler: /usr/bin/cc
[0.938s] -- Check for working C compiler: /usr/bin/cc -- works
[0.944s] -- Detecting C compiler ABI info
[1.278s] -- Detecting C compiler ABI info - done
[1.326s] -- Detecting C compile features
[1.327s] -- Detecting C compile features - done
[1.339s] -- Check for working CXX compiler: /usr/bin/c++
[1.716s] -- Check for working CXX compiler: /usr/bin/c++ -- works
[1.721s] -- Detecting CXX compiler ABI info
[2.082s] -- Detecting CXX compiler ABI info - done
[2.130s] -- Detecting CXX compile features
[2.132s] -- Detecting CXX compile features - done
[2.141s] -- Found ament_cmake: 0.9.12 (/opt/ros/foxy/share/ament_cmake/cmake)
[2.256s] -- Found PythonInterp: /usr/bin/python3 (found suitable version "3.8.10", minimum required is "3") 
[2.257s] -- Using PYTHON_EXECUTABLE: /usr/bin/python3
[3.391s] -- Configuring done
[3.404s] -- Generating done
[3.405s] CMake Warning:
[3.406s]   Manually-specified variables were not used by the project:
[3.407s] 
[3.407s]     CATKIN_INSTALL_INTO_PREFIX_ROOT
[3.407s] 
[3.408s] 
[3.412s] -- Build files have been written to: /home/ubuntu/ros2_ws/build/oil_palm_tree_description
[3.428s] Invoked command in '/home/ubuntu/ros2_ws/build/oil_palm_tree_description' returned '0': CONDA_PROMPT_MODIFIER=(base) /usr/bin/cmake /home/ubuntu/ros2_ws/src/oil_palm_tree_description -DPYTHON_EXECUTABLE=/usr/bin/python3 -DCATKIN_INSTALL_INTO_PREFIX_ROOT=0 -DCMAKE_INSTALL_PREFIX=/home/ubuntu/ros2_ws/install
[3.441s] Invoking command in '/home/ubuntu/ros2_ws/build/oil_palm_tree_description': CONDA_PROMPT_MODIFIER=(base) /usr/bin/cmake --build /home/ubuntu/ros2_ws/build/oil_palm_tree_description -- -j8 -l8
[3.633s] Invoked command in '/home/ubuntu/ros2_ws/build/oil_palm_tree_description' returned '0': CONDA_PROMPT_MODIFIER=(base) /usr/bin/cmake --build /home/ubuntu/ros2_ws/build/oil_palm_tree_description -- -j8 -l8
[3.679s] Invoking command in '/home/ubuntu/ros2_ws/build/oil_palm_tree_description': CONDA_PROMPT_MODIFIER=(base) /usr/bin/cmake --install /home/ubuntu/ros2_ws/build/oil_palm_tree_description
[3.696s] -- Install configuration: ""
[3.701s] -- Installing: /home/ubuntu/ros2_ws/install/share/oil_palm_tree_description/urdf
[3.701s] -- Installing: /home/ubuntu/ros2_ws/install/share/oil_palm_tree_description/urdf/oil_palm_tree_lowpoly.urdf
[3.702s] -- Installing: /home/ubuntu/ros2_ws/install/share/oil_palm_tree_description/meshes
[3.702s] -- Installing: /home/ubuntu/ros2_ws/install/share/oil_palm_tree_description/meshes/frond_upper.stl
[3.702s] -- Installing: /home/ubuntu/ros2_ws/install/share/oil_palm_tree_description/meshes/cut_target_marker.stl
[3.703s] -- Installing: /home/ubuntu/ros2_ws/install/share/oil_palm_tree_description/meshes/ffb_lowpoly.stl
[3.704s] -- Installing: /home/ubuntu/ros2_ws/install/share/oil_palm_tree_description/meshes/frond_lower.stl
[3.705s] -- Installing: /home/ubuntu/ros2_ws/install/share/oil_palm_tree_description/meshes/frond_mid.stl
[3.705s] -- Installing: /home/ubuntu/ros2_ws/install/share/oil_palm_tree_description/meshes/trunk_lowpoly.stl
[3.706s] -- Installing: /home/ubuntu/ros2_ws/install/share/oil_palm_tree_description/launch
[3.707s] -- Installing: /home/ubuntu/ros2_ws/install/share/oil_palm_tree_description/launch/display_tree.launch.py
[3.708s] -- Installing: /home/ubuntu/ros2_ws/install/share/oil_palm_tree_description/rviz
[3.708s] -- Installing: /home/ubuntu/ros2_ws/install/share/oil_palm_tree_description/rviz/oil_palm_tree.rviz
[3.709s] -- Installing: /home/ubuntu/ros2_ws/install/share/oil_palm_tree_description/config
[3.709s] -- Installing: /home/ubuntu/ros2_ws/install/share/oil_palm_tree_description/config/tree_targets.yaml
[3.710s] -- Installing: /home/ubuntu/ros2_ws/install/share/oil_palm_tree_description/gazebo_model
[3.711s] -- Installing: /home/ubuntu/ros2_ws/install/share/oil_palm_tree_description/gazebo_model/oil_palm_tree
[3.712s] -- Installing: /home/ubuntu/ros2_ws/install/share/oil_palm_tree_description/gazebo_model/oil_palm_tree/model.config
[3.712s] -- Installing: /home/ubuntu/ros2_ws/install/share/oil_palm_tree_description/gazebo_model/oil_palm_tree/meshes
[3.713s] -- Installing: /home/ubuntu/ros2_ws/install/share/oil_palm_tree_description/gazebo_model/oil_palm_tree/meshes/frond_upper.stl
[3.713s] -- Installing: /home/ubuntu/ros2_ws/install/share/oil_palm_tree_description/gazebo_model/oil_palm_tree/meshes/cut_target_marker.stl
[3.713s] -- Installing: /home/ubuntu/ros2_ws/install/share/oil_palm_tree_description/gazebo_model/oil_palm_tree/meshes/ffb_lowpoly.stl
[3.714s] -- Installing: /home/ubuntu/ros2_ws/install/share/oil_palm_tree_description/gazebo_model/oil_palm_tree/meshes/frond_lower.stl
[3.719s] -- Installing: /home/ubuntu/ros2_ws/install/share/oil_palm_tree_description/gazebo_model/oil_palm_tree/meshes/frond_mid.stl
[3.720s] -- Installing: /home/ubuntu/ros2_ws/install/share/oil_palm_tree_description/gazebo_model/oil_palm_tree/meshes/trunk_lowpoly.stl
[3.720s] -- Installing: /home/ubuntu/ros2_ws/install/share/oil_palm_tree_description/gazebo_model/oil_palm_tree/model.sdf
[3.722s] -- Installing: /home/ubuntu/ros2_ws/install/share/ament_index/resource_index/package_run_dependencies/oil_palm_tree_description
[3.724s] -- Installing: /home/ubuntu/ros2_ws/install/share/ament_index/resource_index/parent_prefix_path/oil_palm_tree_description
[3.725s] -- Installing: /home/ubuntu/ros2_ws/install/share/oil_palm_tree_description/environment/ament_prefix_path.sh
[3.729s] -- Installing: /home/ubuntu/ros2_ws/install/share/oil_palm_tree_description/environment/ament_prefix_path.dsv
[3.730s] -- Installing: /home/ubuntu/ros2_ws/install/share/oil_palm_tree_description/environment/path.sh
[3.731s] -- Installing: /home/ubuntu/ros2_ws/install/share/oil_palm_tree_description/environment/path.dsv
[3.732s] -- Installing: /home/ubuntu/ros2_ws/install/share/oil_palm_tree_description/local_setup.bash
[3.733s] -- Installing: /home/ubuntu/ros2_ws/install/share/oil_palm_tree_description/local_setup.sh
[3.736s] -- Installing: /home/ubuntu/ros2_ws/install/share/oil_palm_tree_description/local_setup.zsh
[3.739s] -- Installing: /home/ubuntu/ros2_ws/install/share/oil_palm_tree_description/local_setup.dsv
[3.740s] -- Installing: /home/ubuntu/ros2_ws/install/share/oil_palm_tree_description/package.dsv
[3.741s] -- Installing: /home/ubuntu/ros2_ws/install/share/ament_index/resource_index/packages/oil_palm_tree_description
[3.743s] -- Installing: /home/ubuntu/ros2_ws/install/share/oil_palm_tree_description/cmake/oil_palm_tree_descriptionConfig.cmake
[3.752s] -- Installing: /home/ubuntu/ros2_ws/install/share/oil_palm_tree_description/cmake/oil_palm_tree_descriptionConfig-version.cmake
[3.753s] -- Installing: /home/ubuntu/ros2_ws/install/share/oil_palm_tree_description/package.xml
[3.832s] Invoked command in '/home/ubuntu/ros2_ws/build/oil_palm_tree_description' returned '0': CONDA_PROMPT_MODIFIER=(base) /usr/bin/cmake --install /home/ubuntu/ros2_ws/build/oil_palm_tree_description
