[0.000000] (-) TimerEvent: {}
[0.010695] (-) JobUnselected: {'identifier': 'oil_palm_harvester_description'}
[0.010913] (-) JobUnselected: {'identifier': 'oil_palm_tree_description'}
[0.011073] (harvester_telemetry_contract) JobQueued: {'identifier': 'harvester_telemetry_contract', 'dependencies': OrderedDict()}
[0.013151] (harvester_telemetry_gateway) JobQueued: {'identifier': 'harvester_telemetry_gateway', 'dependencies': OrderedDict([('harvester_telemetry_contract', '/home/ubuntu/ros2_ws/install')])}
[0.016334] (harvester_telemetry_contract) JobStarted: {'identifier': 'harvester_telemetry_contract'}
[0.099274] (-) TimerEvent: {}
[0.201801] (-) TimerEvent: {}
[0.302536] (-) TimerEvent: {}
[0.403310] (-) TimerEvent: {}
[0.504036] (-) TimerEvent: {}
[0.604756] (-) TimerEvent: {}
[0.705477] (-) TimerEvent: {}
[0.806301] (-) TimerEvent: {}
[0.907114] (-) TimerEvent: {}
[1.008366] (-) TimerEvent: {}
[1.109855] (-) TimerEvent: {}
[1.210644] (-) TimerEvent: {}
[1.313621] (-) TimerEvent: {}
[1.415700] (-) TimerEvent: {}
[1.517459] (-) TimerEvent: {}
[1.618759] (-) TimerEvent: {}
[1.719613] (-) TimerEvent: {}
[1.820455] (-) TimerEvent: {}
[1.921681] (-) TimerEvent: {}
[2.022664] (-) TimerEvent: {}
[2.123484] (-) TimerEvent: {}
[2.224345] (-) TimerEvent: {}
[2.325103] (-) TimerEvent: {}
[2.425930] (-) TimerEvent: {}
[2.526724] (-) TimerEvent: {}
[2.627782] (-) TimerEvent: {}
[2.728816] (-) TimerEvent: {}
[2.830857] (-) TimerEvent: {}
[2.932119] (-) TimerEvent: {}
[3.033137] (-) TimerEvent: {}
[3.134504] (-) TimerEvent: {}
[3.235657] (-) TimerEvent: {}
[3.336658] (-) TimerEvent: {}
[3.437415] (-) TimerEvent: {}
[3.538257] (-) TimerEvent: {}
[3.639024] (-) TimerEvent: {}
[3.741669] (-) TimerEvent: {}
[3.843222] (-) TimerEvent: {}
[3.944540] (-) TimerEvent: {}
[4.045724] (-) TimerEvent: {}
[4.146536] (-) TimerEvent: {}
[4.247368] (-) TimerEvent: {}
[4.349115] (-) TimerEvent: {}
[4.451528] (-) TimerEvent: {}
[4.553174] (-) TimerEvent: {}
[4.654296] (-) TimerEvent: {}
[4.756338] (-) TimerEvent: {}
[4.858917] (-) TimerEvent: {}
[4.962389] (-) TimerEvent: {}
[5.063827] (-) TimerEvent: {}
[5.165609] (-) TimerEvent: {}
[5.266562] (-) TimerEvent: {}
[5.367472] (-) TimerEvent: {}
[5.468528] (-) TimerEvent: {}
[5.569393] (-) TimerEvent: {}
[5.674223] (-) TimerEvent: {}
[5.775004] (-) TimerEvent: {}
[5.875840] (-) TimerEvent: {}
[5.976763] (-) TimerEvent: {}
[6.077720] (-) TimerEvent: {}
[6.178780] (-) TimerEvent: {}
[6.282110] (-) TimerEvent: {}
[6.382962] (-) TimerEvent: {}
[6.483797] (-) TimerEvent: {}
[6.584847] (-) TimerEvent: {}
[6.688002] (-) TimerEvent: {}
[6.788924] (-) TimerEvent: {}
[6.889939] (-) TimerEvent: {}
[6.991523] (-) TimerEvent: {}
[7.092368] (-) TimerEvent: {}
[7.193234] (-) TimerEvent: {}
[7.294676] (-) TimerEvent: {}
[7.395593] (-) TimerEvent: {}
[7.496520] (-) TimerEvent: {}
[7.597430] (-) TimerEvent: {}
[7.698315] (-) TimerEvent: {}
[7.799125] (-) TimerEvent: {}
[7.900308] (-) TimerEvent: {}
[8.001397] (-) TimerEvent: {}
[8.102373] (-) TimerEvent: {}
[8.203231] (-) TimerEvent: {}
[8.304124] (-) TimerEvent: {}
[8.405281] (-) TimerEvent: {}
[8.506351] (-) TimerEvent: {}
[8.607255] (-) TimerEvent: {}
[8.708069] (-) TimerEvent: {}
[8.808936] (-) TimerEvent: {}
[8.909770] (-) TimerEvent: {}
[9.010799] (-) TimerEvent: {}
[9.111791] (-) TimerEvent: {}
[9.212904] (-) TimerEvent: {}
[9.313957] (-) TimerEvent: {}
[9.416171] (-) TimerEvent: {}
[9.517662] (-) TimerEvent: {}
[9.618421] (-) TimerEvent: {}
[9.719234] (-) TimerEvent: {}
[9.820174] (-) TimerEvent: {}
[9.921051] (-) TimerEvent: {}
[10.022000] (-) TimerEvent: {}
[10.122953] (-) TimerEvent: {}
[10.223819] (-) TimerEvent: {}
[10.324544] (-) TimerEvent: {}
[10.425325] (-) TimerEvent: {}
[10.526286] (-) TimerEvent: {}
[10.627148] (-) TimerEvent: {}
[10.728071] (-) TimerEvent: {}
[10.828975] (-) TimerEvent: {}
[10.930051] (-) TimerEvent: {}
[11.031085] (-) TimerEvent: {}
[11.133339] (-) TimerEvent: {}
[11.234563] (-) TimerEvent: {}
[11.335345] (-) TimerEvent: {}
[11.436220] (-) TimerEvent: {}
[11.537315] (-) TimerEvent: {}
[11.638273] (-) TimerEvent: {}
[11.739110] (-) TimerEvent: {}
[11.839971] (-) TimerEvent: {}
[11.941156] (-) TimerEvent: {}
[12.042305] (-) TimerEvent: {}
[12.143159] (-) TimerEvent: {}
[12.246195] (-) TimerEvent: {}
[12.347907] (-) TimerEvent: {}
[12.448737] (-) TimerEvent: {}
[12.549519] (-) TimerEvent: {}
[12.650391] (-) TimerEvent: {}
[12.752294] (-) TimerEvent: {}
[12.854298] (-) TimerEvent: {}
[12.956581] (-) TimerEvent: {}
[13.058978] (-) TimerEvent: {}
[13.161349] (-) TimerEvent: {}
[13.267422] (-) TimerEvent: {}
[13.368353] (-) TimerEvent: {}
[13.470283] (-) TimerEvent: {}
[13.571603] (-) TimerEvent: {}
[13.672592] (-) TimerEvent: {}
[13.774045] (-) TimerEvent: {}
[13.876702] (-) TimerEvent: {}
[13.978566] (-) TimerEvent: {}
[14.080004] (-) TimerEvent: {}
[14.181121] (-) TimerEvent: {}
[14.284244] (-) TimerEvent: {}
[14.385955] (-) TimerEvent: {}
[14.486857] (-) TimerEvent: {}
[14.588550] (-) TimerEvent: {}
[14.689980] (-) TimerEvent: {}
[14.790861] (-) TimerEvent: {}
[14.891683] (-) TimerEvent: {}
[14.992748] (-) TimerEvent: {}
[15.094220] (-) TimerEvent: {}
[15.195824] (-) TimerEvent: {}
[15.297399] (-) TimerEvent: {}
[15.398577] (-) TimerEvent: {}
[15.499826] (-) TimerEvent: {}
[15.601179] (-) TimerEvent: {}
[15.702653] (-) TimerEvent: {}
[15.803923] (-) TimerEvent: {}
[15.905198] (-) TimerEvent: {}
[16.006040] (-) TimerEvent: {}
[16.106879] (-) TimerEvent: {}
[16.207697] (-) TimerEvent: {}
[16.308582] (-) TimerEvent: {}
[16.409409] (-) TimerEvent: {}
[16.511192] (-) TimerEvent: {}
[16.613229] (-) TimerEvent: {}
[16.714111] (-) TimerEvent: {}
[16.814914] (-) TimerEvent: {}
[16.916362] (-) TimerEvent: {}
[17.018203] (-) TimerEvent: {}
[17.119058] (-) TimerEvent: {}
[17.224066] (-) TimerEvent: {}
[17.326605] (-) TimerEvent: {}
[17.427638] (-) TimerEvent: {}
[17.528485] (-) TimerEvent: {}
[17.629303] (-) TimerEvent: {}
[17.730361] (-) TimerEvent: {}
[17.831611] (-) TimerEvent: {}
[17.932880] (-) TimerEvent: {}
[18.033801] (-) TimerEvent: {}
[18.134743] (-) TimerEvent: {}
[18.237047] (-) TimerEvent: {}
[18.337930] (-) TimerEvent: {}
[18.439048] (-) TimerEvent: {}
[18.539882] (-) TimerEvent: {}
[18.640727] (-) TimerEvent: {}
[18.742308] (-) TimerEvent: {}
[18.843850] (-) TimerEvent: {}
[18.944634] (-) TimerEvent: {}
[19.045512] (-) TimerEvent: {}
[19.146391] (-) TimerEvent: {}
[19.247264] (-) TimerEvent: {}
[19.348010] (-) TimerEvent: {}
[19.448772] (-) TimerEvent: {}
[19.549632] (-) TimerEvent: {}
[19.650395] (-) TimerEvent: {}
[19.751228] (-) TimerEvent: {}
[19.852465] (-) TimerEvent: {}
[19.953698] (-) TimerEvent: {}
[20.055464] (-) TimerEvent: {}
[20.157123] (-) TimerEvent: {}
[20.258228] (-) TimerEvent: {}
[20.359031] (-) TimerEvent: {}
[20.459988] (-) TimerEvent: {}
[20.560829] (-) TimerEvent: {}
[20.661727] (-) TimerEvent: {}
[20.762647] (-) TimerEvent: {}
[20.863525] (-) TimerEvent: {}
[20.964344] (-) TimerEvent: {}
[21.065205] (-) TimerEvent: {}
[21.166818] (-) TimerEvent: {}
[21.267694] (-) TimerEvent: {}
[21.369602] (-) TimerEvent: {}
[21.470615] (-) TimerEvent: {}
[21.573739] (-) TimerEvent: {}
[21.674876] (-) TimerEvent: {}
[21.777203] (-) TimerEvent: {}
[21.878160] (-) TimerEvent: {}
[21.979033] (-) TimerEvent: {}
[22.079985] (-) TimerEvent: {}
[22.181285] (-) TimerEvent: {}
[22.282802] (-) TimerEvent: {}
[22.383757] (-) TimerEvent: {}
[22.484928] (-) TimerEvent: {}
[22.586292] (-) TimerEvent: {}
[22.687510] (-) TimerEvent: {}
[22.788327] (-) TimerEvent: {}
[22.889207] (-) TimerEvent: {}
[22.990127] (-) TimerEvent: {}
[23.095976] (-) TimerEvent: {}
[23.196932] (-) TimerEvent: {}
[23.297830] (-) TimerEvent: {}
[23.398646] (-) TimerEvent: {}
[23.499427] (-) TimerEvent: {}
[23.600262] (-) TimerEvent: {}
[23.701087] (-) TimerEvent: {}
[23.802693] (-) TimerEvent: {}
[23.903461] (-) TimerEvent: {}
[24.004619] (-) TimerEvent: {}
[24.105669] (-) TimerEvent: {}
[24.207024] (-) TimerEvent: {}
[24.307947] (-) TimerEvent: {}
[24.408786] (-) TimerEvent: {}
[24.509662] (-) TimerEvent: {}
[24.610505] (-) TimerEvent: {}
[24.711298] (-) TimerEvent: {}
[24.812131] (-) TimerEvent: {}
[24.914207] (-) TimerEvent: {}
[25.015022] (-) TimerEvent: {}
[25.115853] (-) TimerEvent: {}
[25.217182] (-) TimerEvent: {}
[25.318115] (-) TimerEvent: {}
[25.419028] (-) TimerEvent: {}
[25.519867] (-) TimerEvent: {}
[25.621221] (-) TimerEvent: {}
[25.722201] (-) TimerEvent: {}
[25.823476] (-) TimerEvent: {}
[25.925112] (-) TimerEvent: {}
[26.026557] (-) TimerEvent: {}
[26.127422] (-) TimerEvent: {}
[26.228571] (-) TimerEvent: {}
[26.330022] (-) TimerEvent: {}
[26.431008] (-) TimerEvent: {}
[26.531860] (-) TimerEvent: {}
[26.632802] (-) TimerEvent: {}
[26.733705] (-) TimerEvent: {}
[26.834524] (-) TimerEvent: {}
[26.935293] (-) TimerEvent: {}
[27.036099] (-) TimerEvent: {}
[27.136903] (-) TimerEvent: {}
[27.238190] (-) TimerEvent: {}
[27.339020] (-) TimerEvent: {}
[27.439849] (-) TimerEvent: {}
[27.540708] (-) TimerEvent: {}
[27.643268] (-) TimerEvent: {}
[27.744319] (-) TimerEvent: {}
[27.845474] (-) TimerEvent: {}
[27.946337] (-) TimerEvent: {}
[28.047902] (-) TimerEvent: {}
[28.148704] (-) TimerEvent: {}
[28.249787] (-) TimerEvent: {}
[28.350567] (-) TimerEvent: {}
[28.452186] (-) TimerEvent: {}
[28.552948] (-) TimerEvent: {}
[28.653752] (-) TimerEvent: {}
[28.754539] (-) TimerEvent: {}
[28.855951] (-) TimerEvent: {}
[28.957502] (-) TimerEvent: {}
[29.058381] (-) TimerEvent: {}
[29.159635] (-) TimerEvent: {}
[29.260488] (-) TimerEvent: {}
[29.361742] (-) TimerEvent: {}
[29.462745] (-) TimerEvent: {}
[29.563529] (-) TimerEvent: {}
[29.664778] (-) TimerEvent: {}
[29.766334] (-) TimerEvent: {}
[29.867641] (-) TimerEvent: {}
[29.969078] (-) TimerEvent: {}
[30.072445] (-) TimerEvent: {}
[30.174308] (-) TimerEvent: {}
[30.275164] (-) TimerEvent: {}
[30.375938] (-) TimerEvent: {}
[30.476687] (-) TimerEvent: {}
[30.577458] (-) TimerEvent: {}
[30.678240] (-) TimerEvent: {}
[30.778957] (-) TimerEvent: {}
[30.879731] (-) TimerEvent: {}
[30.980784] (-) TimerEvent: {}
[31.082001] (-) TimerEvent: {}
[31.183401] (-) TimerEvent: {}
[31.284137] (-) TimerEvent: {}
[31.384859] (-) TimerEvent: {}
[31.485629] (-) TimerEvent: {}
[31.586331] (-) TimerEvent: {}
[31.687174] (-) TimerEvent: {}
[31.788038] (-) TimerEvent: {}
[31.888773] (-) TimerEvent: {}
[31.989629] (-) TimerEvent: {}
[32.090449] (-) TimerEvent: {}
[32.191290] (-) TimerEvent: {}
[32.292104] (-) TimerEvent: {}
[32.392927] (-) TimerEvent: {}
[32.493910] (-) TimerEvent: {}
[32.595869] (-) TimerEvent: {}
[32.696721] (-) TimerEvent: {}
[32.797704] (-) TimerEvent: {}
[32.898574] (-) TimerEvent: {}
[32.999397] (-) TimerEvent: {}
[33.100396] (-) TimerEvent: {}
[33.201846] (-) TimerEvent: {}
[33.302720] (-) TimerEvent: {}
[33.403644] (-) TimerEvent: {}
[33.504497] (-) TimerEvent: {}
[33.605419] (-) TimerEvent: {}
[33.706358] (-) TimerEvent: {}
[33.807230] (-) TimerEvent: {}
[33.908090] (-) TimerEvent: {}
[34.009029] (-) TimerEvent: {}
[34.110029] (-) TimerEvent: {}
[34.212073] (-) TimerEvent: {}
[34.312975] (-) TimerEvent: {}
[34.413863] (-) TimerEvent: {}
[34.514636] (-) TimerEvent: {}
[34.615453] (-) TimerEvent: {}
[34.716299] (-) TimerEvent: {}
[34.817311] (-) TimerEvent: {}
[34.918106] (-) TimerEvent: {}
[35.018958] (-) TimerEvent: {}
[35.119980] (-) TimerEvent: {}
[35.220902] (-) TimerEvent: {}
[35.323742] (-) TimerEvent: {}
[35.424998] (-) TimerEvent: {}
[35.525842] (-) TimerEvent: {}
[35.626717] (-) TimerEvent: {}
[35.727541] (-) TimerEvent: {}
[35.828429] (-) TimerEvent: {}
[35.929284] (-) TimerEvent: {}
[36.030133] (-) TimerEvent: {}
[36.130932] (-) TimerEvent: {}
[36.231893] (-) TimerEvent: {}
[36.334023] (-) TimerEvent: {}
[36.434878] (-) TimerEvent: {}
[36.535708] (-) TimerEvent: {}
[36.636813] (-) TimerEvent: {}
[36.737637] (-) TimerEvent: {}
[36.838439] (-) TimerEvent: {}
[36.939218] (-) TimerEvent: {}
[37.039971] (-) TimerEvent: {}
[37.140924] (-) TimerEvent: {}
[37.243926] (-) TimerEvent: {}
[37.344709] (-) TimerEvent: {}
[37.445722] (-) TimerEvent: {}
[37.546491] (-) TimerEvent: {}
[37.647743] (-) TimerEvent: {}
[37.750550] (-) TimerEvent: {}
[37.851390] (-) TimerEvent: {}
[37.952347] (-) TimerEvent: {}
[38.053152] (-) TimerEvent: {}
[38.154150] (-) TimerEvent: {}
[38.255072] (-) TimerEvent: {}
[38.358742] (-) TimerEvent: {}
[38.459551] (-) TimerEvent: {}
[38.560729] (-) TimerEvent: {}
[38.662169] (-) TimerEvent: {}
[38.763005] (-) TimerEvent: {}
[38.864077] (-) TimerEvent: {}
[38.964868] (-) TimerEvent: {}
[39.065650] (-) TimerEvent: {}
[39.167189] (-) TimerEvent: {}
[39.268021] (-) TimerEvent: {}
[39.371977] (-) TimerEvent: {}
[39.473404] (-) TimerEvent: {}
[39.574253] (-) TimerEvent: {}
[39.675057] (-) TimerEvent: {}
[39.775832] (-) TimerEvent: {}
[39.876595] (-) TimerEvent: {}
[39.979929] (-) TimerEvent: {}
[40.080726] (-) TimerEvent: {}
[40.182721] (-) TimerEvent: {}
[40.283825] (-) TimerEvent: {}
[40.385341] (-) TimerEvent: {}
