[0.941s] DEBUG:colcon:Command line arguments: ['/usr/bin/colcon', 'build', '--packages-select', 'harvester_telemetry_contract', 'harvester_telemetry_gateway', '--merge-install', '--symlink-install', '--event-handlers', 'console_direct+']
[0.942s] DEBUG:colcon:Parsed command line arguments: Namespace(allow_overriding=[], ament_cmake_args=None, base_paths=['.'], build_base='build', catkin_cmake_args=None, catkin_skip_building_tests=False, cmake_args=None, cmake_clean_cache=False, cmake_clean_first=False, cmake_force_configure=False, cmake_target=None, cmake_target_skip_unavailable=False, continue_on_error=False, event_handlers=['console_direct+'], executor='parallel', ignore_user_meta=False, install_base='install', log_base=None, log_level=None, main=<bound method BuildVerb.main of <colcon_core.verb.build.BuildVerb object at 0xffffa3c101c0>>, merge_install=True, metas=['./colcon.meta'], packages_above=None, packages_above_and_dependencies=None, packages_above_depth=None, packages_end=None, packages_ignore=None, packages_ignore_regex=None, packages_select=['harvester_telemetry_contract', 'harvester_telemetry_gateway'], packages_select_build_failed=False, packages_select_by_dep=None, packages_select_regex=None, packages_select_test_failures=False, packages_skip=None, packages_skip_build_finished=False, packages_skip_by_dep=None, packages_skip_regex=None, packages_skip_test_passed=False, packages_skip_up_to=None, packages_start=None, packages_up_to=None, packages_up_to_regex=None, parallel_workers=8, paths=None, symlink_install=True, test_result_base=None, verb_extension=<colcon_core.verb.build.BuildVerb object at 0xffffa3c101c0>, verb_name='build', verb_parser=<colcon_defaults.argument_parser.defaults.DefaultArgumentsDecorator object at 0xffffa3abe8e0>)
[1.845s] Level 1:colcon.colcon_core.package_discovery:discover_packages(colcon_meta) check parameters
[1.846s] Level 1:colcon.colcon_core.package_discovery:discover_packages(recursive) check parameters
[1.860s] Level 1:colcon.colcon_core.package_discovery:discover_packages(ignore) check parameters
[1.860s] Level 1:colcon.colcon_core.package_discovery:discover_packages(path) check parameters
[1.860s] Level 1:colcon.colcon_core.package_discovery:discover_packages(colcon_meta) discover
[1.860s] Level 1:colcon.colcon_core.package_discovery:discover_packages(recursive) discover
[1.861s] INFO:colcon.colcon_core.package_discovery:Crawling recursively for packages in '/home/ubuntu/ros2_ws'
[1.861s] Level 1:colcon.colcon_core.package_identification:_identify(.) by extensions ['ignore', 'ignore_ament_install']
[1.862s] Level 1:colcon.colcon_core.package_identification:_identify(.) by extension 'ignore'
[1.862s] Level 1:colcon.colcon_core.package_identification:_identify(.) by extension 'ignore_ament_install'
[1.862s] Level 1:colcon.colcon_core.package_identification:_identify(.) by extensions ['colcon_pkg']
[1.862s] Level 1:colcon.colcon_core.package_identification:_identify(.) by extension 'colcon_pkg'
[1.862s] Level 1:colcon.colcon_core.package_identification:_identify(.) by extensions ['colcon_meta']
[1.863s] Level 1:colcon.colcon_core.package_identification:_identify(.) by extension 'colcon_meta'
[1.863s] Level 1:colcon.colcon_core.package_identification:_identify(.) by extensions ['ros']
[1.866s] Level 1:colcon.colcon_core.package_identification:_identify(.) by extension 'ros'
[1.926s] Level 1:colcon.colcon_core.package_identification:_identify(.) by extensions ['cmake', 'python']
[1.926s] Level 1:colcon.colcon_core.package_identification:_identify(.) by extension 'cmake'
[1.926s] Level 1:colcon.colcon_core.package_identification:_identify(.) by extension 'python'
[1.927s] Level 1:colcon.colcon_core.package_identification:_identify(.) by extensions ['python_setup_py']
[1.927s] Level 1:colcon.colcon_core.package_identification:_identify(.) by extension 'python_setup_py'
[1.927s] Level 1:colcon.colcon_core.package_identification:_identify(build) by extensions ['ignore', 'ignore_ament_install']
[1.928s] Level 1:colcon.colcon_core.package_identification:_identify(build) by extension 'ignore'
[1.928s] Level 1:colcon.colcon_core.package_identification:_identify(build) ignored
[1.929s] Level 1:colcon.colcon_core.package_identification:_identify(docs) by extensions ['ignore', 'ignore_ament_install']
[1.929s] Level 1:colcon.colcon_core.package_identification:_identify(docs) by extension 'ignore'
[1.929s] Level 1:colcon.colcon_core.package_identification:_identify(docs) by extension 'ignore_ament_install'
[1.929s] Level 1:colcon.colcon_core.package_identification:_identify(docs) by extensions ['colcon_pkg']
[1.929s] Level 1:colcon.colcon_core.package_identification:_identify(docs) by extension 'colcon_pkg'
[1.930s] Level 1:colcon.colcon_core.package_identification:_identify(docs) by extensions ['colcon_meta']
[1.930s] Level 1:colcon.colcon_core.package_identification:_identify(docs) by extension 'colcon_meta'
[1.930s] Level 1:colcon.colcon_core.package_identification:_identify(docs) by extensions ['ros']
[1.930s] Level 1:colcon.colcon_core.package_identification:_identify(docs) by extension 'ros'
[1.931s] Level 1:colcon.colcon_core.package_identification:_identify(docs) by extensions ['cmake', 'python']
[1.931s] Level 1:colcon.colcon_core.package_identification:_identify(docs) by extension 'cmake'
[1.931s] Level 1:colcon.colcon_core.package_identification:_identify(docs) by extension 'python'
[1.931s] Level 1:colcon.colcon_core.package_identification:_identify(docs) by extensions ['python_setup_py']
[1.931s] Level 1:colcon.colcon_core.package_identification:_identify(docs) by extension 'python_setup_py'
[1.932s] Level 1:colcon.colcon_core.package_identification:_identify(install) by extensions ['ignore', 'ignore_ament_install']
[1.932s] Level 1:colcon.colcon_core.package_identification:_identify(install) by extension 'ignore'
[1.932s] Level 1:colcon.colcon_core.package_identification:_identify(install) ignored
[1.933s] Level 1:colcon.colcon_core.package_identification:_identify(log) by extensions ['ignore', 'ignore_ament_install']
[1.933s] Level 1:colcon.colcon_core.package_identification:_identify(log) by extension 'ignore'
[1.934s] Level 1:colcon.colcon_core.package_identification:_identify(log) ignored
[1.935s] Level 1:colcon.colcon_core.package_identification:_identify(src) by extensions ['ignore', 'ignore_ament_install']
[1.935s] Level 1:colcon.colcon_core.package_identification:_identify(src) by extension 'ignore'
[1.935s] Level 1:colcon.colcon_core.package_identification:_identify(src) by extension 'ignore_ament_install'
[1.936s] Level 1:colcon.colcon_core.package_identification:_identify(src) by extensions ['colcon_pkg']
[1.936s] Level 1:colcon.colcon_core.package_identification:_identify(src) by extension 'colcon_pkg'
[1.936s] Level 1:colcon.colcon_core.package_identification:_identify(src) by extensions ['colcon_meta']
[1.936s] Level 1:colcon.colcon_core.package_identification:_identify(src) by extension 'colcon_meta'
[1.936s] Level 1:colcon.colcon_core.package_identification:_identify(src) by extensions ['ros']
[1.936s] Level 1:colcon.colcon_core.package_identification:_identify(src) by extension 'ros'
[1.938s] Level 1:colcon.colcon_core.package_identification:_identify(src) by extensions ['cmake', 'python']
[1.938s] Level 1:colcon.colcon_core.package_identification:_identify(src) by extension 'cmake'
[1.938s] Level 1:colcon.colcon_core.package_identification:_identify(src) by extension 'python'
[1.938s] Level 1:colcon.colcon_core.package_identification:_identify(src) by extensions ['python_setup_py']
[1.939s] Level 1:colcon.colcon_core.package_identification:_identify(src) by extension 'python_setup_py'
[1.939s] Level 1:colcon.colcon_core.package_identification:_identify(src/harvester_telemetry_contract) by extensions ['ignore', 'ignore_ament_install']
[1.939s] Level 1:colcon.colcon_core.package_identification:_identify(src/harvester_telemetry_contract) by extension 'ignore'
[1.940s] Level 1:colcon.colcon_core.package_identification:_identify(src/harvester_telemetry_contract) by extension 'ignore_ament_install'
[1.940s] Level 1:colcon.colcon_core.package_identification:_identify(src/harvester_telemetry_contract) by extensions ['colcon_pkg']
[1.940s] Level 1:colcon.colcon_core.package_identification:_identify(src/harvester_telemetry_contract) by extension 'colcon_pkg'
[1.940s] Level 1:colcon.colcon_core.package_identification:_identify(src/harvester_telemetry_contract) by extensions ['colcon_meta']
[1.940s] Level 1:colcon.colcon_core.package_identification:_identify(src/harvester_telemetry_contract) by extension 'colcon_meta'
[1.941s] Level 1:colcon.colcon_core.package_identification:_identify(src/harvester_telemetry_contract) by extensions ['ros']
[1.941s] Level 1:colcon.colcon_core.package_identification:_identify(src/harvester_telemetry_contract) by extension 'ros'
[1.950s] DEBUG:colcon.colcon_core.package_identification:Package 'src/harvester_telemetry_contract' with type 'ros.ament_python' and name 'harvester_telemetry_contract'
[1.951s] Level 1:colcon.colcon_core.package_identification:_identify(src/harvester_telemetry_gateway) by extensions ['ignore', 'ignore_ament_install']
[1.951s] Level 1:colcon.colcon_core.package_identification:_identify(src/harvester_telemetry_gateway) by extension 'ignore'
[1.952s] Level 1:colcon.colcon_core.package_identification:_identify(src/harvester_telemetry_gateway) by extension 'ignore_ament_install'
[1.952s] Level 1:colcon.colcon_core.package_identification:_identify(src/harvester_telemetry_gateway) by extensions ['colcon_pkg']
[1.952s] Level 1:colcon.colcon_core.package_identification:_identify(src/harvester_telemetry_gateway) by extension 'colcon_pkg'
[1.952s] Level 1:colcon.colcon_core.package_identification:_identify(src/harvester_telemetry_gateway) by extensions ['colcon_meta']
[1.952s] Level 1:colcon.colcon_core.package_identification:_identify(src/harvester_telemetry_gateway) by extension 'colcon_meta'
[1.953s] Level 1:colcon.colcon_core.package_identification:_identify(src/harvester_telemetry_gateway) by extensions ['ros']
[1.953s] Level 1:colcon.colcon_core.package_identification:_identify(src/harvester_telemetry_gateway) by extension 'ros'
[1.957s] DEBUG:colcon.colcon_core.package_identification:Package 'src/harvester_telemetry_gateway' with type 'ros.ament_python' and name 'harvester_telemetry_gateway'
[1.958s] Level 1:colcon.colcon_core.package_identification:_identify(src/oil_palm_harvester_description) by extensions ['ignore', 'ignore_ament_install']
[1.958s] Level 1:colcon.colcon_core.package_identification:_identify(src/oil_palm_harvester_description) by extension 'ignore'
[1.959s] Level 1:colcon.colcon_core.package_identification:_identify(src/oil_palm_harvester_description) by extension 'ignore_ament_install'
[1.959s] Level 1:colcon.colcon_core.package_identification:_identify(src/oil_palm_harvester_description) by extensions ['colcon_pkg']
[1.960s] Level 1:colcon.colcon_core.package_identification:_identify(src/oil_palm_harvester_description) by extension 'colcon_pkg'
[1.960s] Level 1:colcon.colcon_core.package_identification:_identify(src/oil_palm_harvester_description) by extensions ['colcon_meta']
[1.960s] Level 1:colcon.colcon_core.package_identification:_identify(src/oil_palm_harvester_description) by extension 'colcon_meta'
[1.960s] Level 1:colcon.colcon_core.package_identification:_identify(src/oil_palm_harvester_description) by extensions ['ros']
[1.960s] Level 1:colcon.colcon_core.package_identification:_identify(src/oil_palm_harvester_description) by extension 'ros'
[1.967s] DEBUG:colcon.colcon_core.package_identification:Package 'src/oil_palm_harvester_description' with type 'ros.ament_cmake' and name 'oil_palm_harvester_description'
[1.967s] Level 1:colcon.colcon_core.package_identification:_identify(src/oil_palm_tree_description) by extensions ['ignore', 'ignore_ament_install']
[1.968s] Level 1:colcon.colcon_core.package_identification:_identify(src/oil_palm_tree_description) by extension 'ignore'
[1.968s] Level 1:colcon.colcon_core.package_identification:_identify(src/oil_palm_tree_description) by extension 'ignore_ament_install'
[1.968s] Level 1:colcon.colcon_core.package_identification:_identify(src/oil_palm_tree_description) by extensions ['colcon_pkg']
[1.968s] Level 1:colcon.colcon_core.package_identification:_identify(src/oil_palm_tree_description) by extension 'colcon_pkg'
[1.969s] Level 1:colcon.colcon_core.package_identification:_identify(src/oil_palm_tree_description) by extensions ['colcon_meta']
[1.969s] Level 1:colcon.colcon_core.package_identification:_identify(src/oil_palm_tree_description) by extension 'colcon_meta'
[1.969s] Level 1:colcon.colcon_core.package_identification:_identify(src/oil_palm_tree_description) by extensions ['ros']
[1.969s] Level 1:colcon.colcon_core.package_identification:_identify(src/oil_palm_tree_description) by extension 'ros'
[1.971s] DEBUG:colcon.colcon_core.package_identification:Package 'src/oil_palm_tree_description' with type 'ros.catkin' and name 'oil_palm_tree_description'
[1.972s] Level 1:colcon.colcon_core.package_discovery:discover_packages(recursive) using defaults
[1.972s] Level 1:colcon.colcon_core.package_discovery:discover_packages(ignore) discover
[1.972s] Level 1:colcon.colcon_core.package_discovery:discover_packages(ignore) using defaults
[1.972s] Level 1:colcon.colcon_core.package_discovery:discover_packages(path) discover
[1.972s] Level 1:colcon.colcon_core.package_discovery:discover_packages(path) using defaults
[2.044s] INFO:colcon.colcon_core.package_selection:Skipping not selected package 'oil_palm_tree_description' in 'src/oil_palm_tree_description'
[2.044s] INFO:colcon.colcon_core.package_selection:Skipping not selected package 'oil_palm_harvester_description' in 'src/oil_palm_harvester_description'
[2.047s] Level 1:colcon.colcon_core.package_discovery:discover_packages(prefix_path) check parameters
[2.047s] Level 1:colcon.colcon_core.package_discovery:discover_packages(prefix_path) discover
[2.064s] DEBUG:colcon.colcon_installed_package_information.package_discovery:Found 286 installed packages in /opt/ros/foxy
[2.075s] Level 1:colcon.colcon_core.package_discovery:discover_packages(prefix_path) using defaults
[2.506s] Level 5:colcon.colcon_core.verb:set package 'harvester_telemetry_contract' build argument 'cmake_args' from command line to 'None'
[2.506s] Level 5:colcon.colcon_core.verb:set package 'harvester_telemetry_contract' build argument 'cmake_target' from command line to 'None'
[2.506s] Level 5:colcon.colcon_core.verb:set package 'harvester_telemetry_contract' build argument 'cmake_target_skip_unavailable' from command line to 'False'
[2.507s] Level 5:colcon.colcon_core.verb:set package 'harvester_telemetry_contract' build argument 'cmake_clean_cache' from command line to 'False'
[2.508s] Level 5:colcon.colcon_core.verb:set package 'harvester_telemetry_contract' build argument 'cmake_clean_first' from command line to 'False'
[2.508s] Level 5:colcon.colcon_core.verb:set package 'harvester_telemetry_contract' build argument 'cmake_force_configure' from command line to 'False'
[2.508s] Level 5:colcon.colcon_core.verb:set package 'harvester_telemetry_contract' build argument 'ament_cmake_args' from command line to 'None'
[2.508s] Level 5:colcon.colcon_core.verb:set package 'harvester_telemetry_contract' build argument 'catkin_cmake_args' from command line to 'None'
[2.508s] Level 5:colcon.colcon_core.verb:set package 'harvester_telemetry_contract' build argument 'catkin_skip_building_tests' from command line to 'False'
[2.509s] DEBUG:colcon.colcon_core.verb:Building package 'harvester_telemetry_contract' with the following arguments: {'ament_cmake_args': None, 'build_base': '/home/ubuntu/ros2_ws/build/harvester_telemetry_contract', 'catkin_cmake_args': None, 'catkin_skip_building_tests': False, 'cmake_args': None, 'cmake_clean_cache': False, 'cmake_clean_first': False, 'cmake_force_configure': False, 'cmake_target': None, 'cmake_target_skip_unavailable': False, 'install_base': '/home/ubuntu/ros2_ws/install', 'merge_install': True, 'path': '/home/ubuntu/ros2_ws/src/harvester_telemetry_contract', 'symlink_install': True, 'test_result_base': None}
[2.510s] Level 5:colcon.colcon_core.verb:set package 'harvester_telemetry_gateway' build argument 'cmake_args' from command line to 'None'
[2.511s] Level 5:colcon.colcon_core.verb:set package 'harvester_telemetry_gateway' build argument 'cmake_target' from command line to 'None'
[2.511s] Level 5:colcon.colcon_core.verb:set package 'harvester_telemetry_gateway' build argument 'cmake_target_skip_unavailable' from command line to 'False'
[2.511s] Level 5:colcon.colcon_core.verb:set package 'harvester_telemetry_gateway' build argument 'cmake_clean_cache' from command line to 'False'
[2.511s] Level 5:colcon.colcon_core.verb:set package 'harvester_telemetry_gateway' build argument 'cmake_clean_first' from command line to 'False'
[2.511s] Level 5:colcon.colcon_core.verb:set package 'harvester_telemetry_gateway' build argument 'cmake_force_configure' from command line to 'False'
[2.511s] Level 5:colcon.colcon_core.verb:set package 'harvester_telemetry_gateway' build argument 'ament_cmake_args' from command line to 'None'
[2.511s] Level 5:colcon.colcon_core.verb:set package 'harvester_telemetry_gateway' build argument 'catkin_cmake_args' from command line to 'None'
[2.511s] Level 5:colcon.colcon_core.verb:set package 'harvester_telemetry_gateway' build argument 'catkin_skip_building_tests' from command line to 'False'
[2.512s] DEBUG:colcon.colcon_core.verb:Building package 'harvester_telemetry_gateway' with the following arguments: {'ament_cmake_args': None, 'build_base': '/home/ubuntu/ros2_ws/build/harvester_telemetry_gateway', 'catkin_cmake_args': None, 'catkin_skip_building_tests': False, 'cmake_args': None, 'cmake_clean_cache': False, 'cmake_clean_first': False, 'cmake_force_configure': False, 'cmake_target': None, 'cmake_target_skip_unavailable': False, 'install_base': '/home/ubuntu/ros2_ws/install', 'merge_install': True, 'path': '/home/ubuntu/ros2_ws/src/harvester_telemetry_gateway', 'symlink_install': True, 'test_result_base': None}
[2.512s] INFO:colcon.colcon_core.executor:Executing jobs using 'parallel' executor
[2.520s] DEBUG:colcon.colcon_parallel_executor.executor.parallel:run_until_complete
[2.524s] INFO:colcon.colcon_ros.task.ament_python.build:Building ROS package in '/home/ubuntu/ros2_ws/src/harvester_telemetry_contract' with build type 'ament_python'
[2.525s] Level 1:colcon.colcon_core.shell:create_environment_hook('harvester_telemetry_contract', 'ament_prefix_path')
[2.541s] INFO:colcon.colcon_core.plugin_system:Skipping extension 'colcon_core.shell.bat': Not used on non-Windows systems
[2.542s] INFO:colcon.colcon_core.shell:Creating environment hook '/home/ubuntu/ros2_ws/install/share/harvester_telemetry_contract/hook/ament_prefix_path.ps1'
[2.546s] INFO:colcon.colcon_core.shell:Creating environment descriptor '/home/ubuntu/ros2_ws/install/share/harvester_telemetry_contract/hook/ament_prefix_path.dsv'
[2.549s] INFO:colcon.colcon_core.shell:Creating environment hook '/home/ubuntu/ros2_ws/install/share/harvester_telemetry_contract/hook/ament_prefix_path.sh'
[2.553s] INFO:colcon.colcon_core.shell:Skip shell extension 'powershell' for command environment: Not usable outside of PowerShell
[2.553s] DEBUG:colcon.colcon_core.shell:Skip shell extension 'dsv' for command environment
[3.893s] INFO:colcon.colcon_core.task.python.build:Building Python package in '/home/ubuntu/ros2_ws/src/harvester_telemetry_contract'
[3.896s] INFO:colcon.colcon_core.shell:Skip shell extension 'powershell' for command environment: Not usable outside of PowerShell
[3.897s] DEBUG:colcon.colcon_core.shell:Skip shell extension 'dsv' for command environment
