[30.045s] Invoking command in '/home/ubuntu/ros2_ws/build/oil_palm_harvester_description': CMAKE_PREFIX_PATH=/home/ubuntu/ros2_ws/install CONDA_PROMPT_MODIFIER=(base) PKG_CONFIG_PATH=/home/ubuntu/ros2_ws/install/lib/aarch64-linux-gnu/pkgconfig:/home/ubuntu/ros2_ws/install/lib/pkgconfig ROS_PACKAGE_PATH=/home/ubuntu/ros2_ws/install/share /usr/bin/cmake /home/ubuntu/ros2_ws/src/oil_palm_harvester_description -DAMENT_CMAKE_SYMLINK_INSTALL=1 -DCMAKE_INSTALL_PREFIX=/home/ubuntu/ros2_ws/install
[30.108s] -- Found ament_cmake: 0.9.12 (/opt/ros/foxy/share/ament_cmake/cmake)
[30.191s] -- Using PYTHON_EXECUTABLE: /usr/bin/python3
[30.610s] Traceback (most recent call last):
[30.611s]   File "/opt/ros/foxy/share/ament_cmake_core/cmake/package_templates/templates_2_cmake.py", line 21, in <module>
[30.612s]     from ament_package.templates import get_environment_hook_template_path
[30.612s] ModuleNotFoundError: No module named 'ament_package'
[30.663s] CMake Error at /opt/ros/foxy/share/ament_cmake_core/cmake/ament_cmake_package_templates-extras.cmake:41 (message):
[30.663s]   execute_process(/usr/bin/python3
[30.664s]   /opt/ros/foxy/share/ament_cmake_core/cmake/package_templates/templates_2_cmake.py
[30.664s]   /home/ubuntu/ros2_ws/build/oil_palm_harvester_description/ament_cmake_package_templates/templates.cmake)
[30.664s]   returned error code 1
[30.665s] Call Stack (most recent call first):
[30.665s]   /opt/ros/foxy/share/ament_cmake_core/cmake/ament_cmake_coreConfig.cmake:41 (include)
[30.666s]   /opt/ros/foxy/share/ament_cmake/cmake/ament_cmake_export_dependencies-extras.cmake:15 (find_package)
[30.667s]   /opt/ros/foxy/share/ament_cmake/cmake/ament_cmakeConfig.cmake:41 (include)
[30.667s]   CMakeLists.txt:3 (find_package)
[30.667s] 
[30.668s] 
[30.668s] -- Configuring incomplete, errors occurred!
[30.669s] See also "/home/ubuntu/ros2_ws/build/oil_palm_harvester_description/CMakeFiles/CMakeOutput.log".
[30.669s] See also "/home/ubuntu/ros2_ws/build/oil_palm_harvester_description/CMakeFiles/CMakeError.log".
[30.682s] Invoked command in '/home/ubuntu/ros2_ws/build/oil_palm_harvester_description' returned '1': CMAKE_PREFIX_PATH=/home/ubuntu/ros2_ws/install CONDA_PROMPT_MODIFIER=(base) PKG_CONFIG_PATH=/home/ubuntu/ros2_ws/install/lib/aarch64-linux-gnu/pkgconfig:/home/ubuntu/ros2_ws/install/lib/pkgconfig ROS_PACKAGE_PATH=/home/ubuntu/ros2_ws/install/share /usr/bin/cmake /home/ubuntu/ros2_ws/src/oil_palm_harvester_description -DAMENT_CMAKE_SYMLINK_INSTALL=1 -DCMAKE_INSTALL_PREFIX=/home/ubuntu/ros2_ws/install
