[0.990s] DEBUG:colcon:Command line arguments: ['/usr/bin/colcon', 'build', '--packages-select', 'harvester_telemetry_contract', 'harvester_telemetry_gateway', '--merge-install', '--symlink-install']
[0.991s] DEBUG:colcon:Parsed command line arguments: Namespace(allow_overriding=[], ament_cmake_args=None, base_paths=['.'], build_base='build', catkin_cmake_args=None, catkin_skip_building_tests=False, cmake_args=None, cmake_clean_cache=False, cmake_clean_first=False, cmake_force_configure=False, cmake_target=None, cmake_target_skip_unavailable=False, continue_on_error=False, event_handlers=None, executor='parallel', ignore_user_meta=False, install_base='install', log_base=None, log_level=None, main=<bound method BuildVerb.main of <colcon_core.verb.build.BuildVerb object at 0xffff8cbc41c0>>, merge_install=True, metas=['./colcon.meta'], packages_above=None, packages_above_and_dependencies=None, packages_above_depth=None, packages_end=None, packages_ignore=None, packages_ignore_regex=None, packages_select=['harvester_telemetry_contract', 'harvester_telemetry_gateway'], packages_select_build_failed=False, packages_select_by_dep=None, packages_select_regex=None, packages_select_test_failures=False, packages_skip=None, packages_skip_build_finished=False, packages_skip_by_dep=None, packages_skip_regex=None, packages_skip_test_passed=False, packages_skip_up_to=None, packages_start=None, packages_up_to=None, packages_up_to_regex=None, parallel_workers=8, paths=None, symlink_install=True, test_result_base=None, verb_extension=<colcon_core.verb.build.BuildVerb object at 0xffff8cbc41c0>, verb_name='build', verb_parser=<colcon_defaults.argument_parser.defaults.DefaultArgumentsDecorator object at 0xffff8ca728e0>)
[1.710s] Level 1:colcon.colcon_core.package_discovery:discover_packages(colcon_meta) check parameters
[1.711s] Level 1:colcon.colcon_core.package_discovery:discover_packages(recursive) check parameters
[1.711s] Level 1:colcon.colcon_core.package_discovery:discover_packages(ignore) check parameters
[1.711s] Level 1:colcon.colcon_core.package_discovery:discover_packages(path) check parameters
[1.711s] Level 1:colcon.colcon_core.package_discovery:discover_packages(colcon_meta) discover
[1.712s] Level 1:colcon.colcon_core.package_discovery:discover_packages(recursive) discover
[1.712s] INFO:colcon.colcon_core.package_discovery:Crawling recursively for packages in '/home/ubuntu/ros2_ws'
[1.712s] Level 1:colcon.colcon_core.package_identification:_identify(.) by extensions ['ignore', 'ignore_ament_install']
[1.713s] Level 1:colcon.colcon_core.package_identification:_identify(.) by extension 'ignore'
[1.713s] Level 1:colcon.colcon_core.package_identification:_identify(.) by extension 'ignore_ament_install'
[1.713s] Level 1:colcon.colcon_core.package_identification:_identify(.) by extensions ['colcon_pkg']
[1.713s] Level 1:colcon.colcon_core.package_identification:_identify(.) by extension 'colcon_pkg'
[1.713s] Level 1:colcon.colcon_core.package_identification:_identify(.) by extensions ['colcon_meta']
[1.714s] Level 1:colcon.colcon_core.package_identification:_identify(.) by extension 'colcon_meta'
[1.714s] Level 1:colcon.colcon_core.package_identification:_identify(.) by extensions ['ros']
[1.714s] Level 1:colcon.colcon_core.package_identification:_identify(.) by extension 'ros'
[1.765s] Level 1:colcon.colcon_core.package_identification:_identify(.) by extensions ['cmake', 'python']
[1.765s] Level 1:colcon.colcon_core.package_identification:_identify(.) by extension 'cmake'
[1.766s] Level 1:colcon.colcon_core.package_identification:_identify(.) by extension 'python'
[1.766s] Level 1:colcon.colcon_core.package_identification:_identify(.) by extensions ['python_setup_py']
[1.766s] Level 1:colcon.colcon_core.package_identification:_identify(.) by extension 'python_setup_py'
[1.768s] Level 1:colcon.colcon_core.package_identification:_identify(build) by extensions ['ignore', 'ignore_ament_install']
[1.768s] Level 1:colcon.colcon_core.package_identification:_identify(build) by extension 'ignore'
[1.769s] Level 1:colcon.colcon_core.package_identification:_identify(build) ignored
[1.770s] Level 1:colcon.colcon_core.package_identification:_identify(docs) by extensions ['ignore', 'ignore_ament_install']
[1.771s] Level 1:colcon.colcon_core.package_identification:_identify(docs) by extension 'ignore'
[1.771s] Level 1:colcon.colcon_core.package_identification:_identify(docs) by extension 'ignore_ament_install'
[1.772s] Level 1:colcon.colcon_core.package_identification:_identify(docs) by extensions ['colcon_pkg']
[1.772s] Level 1:colcon.colcon_core.package_identification:_identify(docs) by extension 'colcon_pkg'
[1.772s] Level 1:colcon.colcon_core.package_identification:_identify(docs) by extensions ['colcon_meta']
[1.772s] Level 1:colcon.colcon_core.package_identification:_identify(docs) by extension 'colcon_meta'
[1.772s] Level 1:colcon.colcon_core.package_identification:_identify(docs) by extensions ['ros']
[1.772s] Level 1:colcon.colcon_core.package_identification:_identify(docs) by extension 'ros'
[1.773s] Level 1:colcon.colcon_core.package_identification:_identify(docs) by extensions ['cmake', 'python']
[1.773s] Level 1:colcon.colcon_core.package_identification:_identify(docs) by extension 'cmake'
[1.773s] Level 1:colcon.colcon_core.package_identification:_identify(docs) by extension 'python'
[1.773s] Level 1:colcon.colcon_core.package_identification:_identify(docs) by extensions ['python_setup_py']
[1.773s] Level 1:colcon.colcon_core.package_identification:_identify(docs) by extension 'python_setup_py'
[1.774s] Level 1:colcon.colcon_core.package_identification:_identify(install) by extensions ['ignore', 'ignore_ament_install']
[1.774s] Level 1:colcon.colcon_core.package_identification:_identify(install) by extension 'ignore'
[1.775s] Level 1:colcon.colcon_core.package_identification:_identify(install) ignored
[1.775s] Level 1:colcon.colcon_core.package_identification:_identify(log) by extensions ['ignore', 'ignore_ament_install']
[1.776s] Level 1:colcon.colcon_core.package_identification:_identify(log) by extension 'ignore'
[1.776s] Level 1:colcon.colcon_core.package_identification:_identify(log) ignored
[1.776s] Level 1:colcon.colcon_core.package_identification:_identify(src) by extensions ['ignore', 'ignore_ament_install']
[1.777s] Level 1:colcon.colcon_core.package_identification:_identify(src) by extension 'ignore'
[1.777s] Level 1:colcon.colcon_core.package_identification:_identify(src) by extension 'ignore_ament_install'
[1.777s] Level 1:colcon.colcon_core.package_identification:_identify(src) by extensions ['colcon_pkg']
[1.777s] Level 1:colcon.colcon_core.package_identification:_identify(src) by extension 'colcon_pkg'
[1.778s] Level 1:colcon.colcon_core.package_identification:_identify(src) by extensions ['colcon_meta']
[1.778s] Level 1:colcon.colcon_core.package_identification:_identify(src) by extension 'colcon_meta'
[1.778s] Level 1:colcon.colcon_core.package_identification:_identify(src) by extensions ['ros']
[1.778s] Level 1:colcon.colcon_core.package_identification:_identify(src) by extension 'ros'
[1.778s] Level 1:colcon.colcon_core.package_identification:_identify(src) by extensions ['cmake', 'python']
[1.779s] Level 1:colcon.colcon_core.package_identification:_identify(src) by extension 'cmake'
[1.779s] Level 1:colcon.colcon_core.package_identification:_identify(src) by extension 'python'
[1.779s] Level 1:colcon.colcon_core.package_identification:_identify(src) by extensions ['python_setup_py']
[1.779s] Level 1:colcon.colcon_core.package_identification:_identify(src) by extension 'python_setup_py'
[1.780s] Level 1:colcon.colcon_core.package_identification:_identify(src/harvester_telemetry_contract) by extensions ['ignore', 'ignore_ament_install']
[1.780s] Level 1:colcon.colcon_core.package_identification:_identify(src/harvester_telemetry_contract) by extension 'ignore'
[1.780s] Level 1:colcon.colcon_core.package_identification:_identify(src/harvester_telemetry_contract) by extension 'ignore_ament_install'
[1.781s] Level 1:colcon.colcon_core.package_identification:_identify(src/harvester_telemetry_contract) by extensions ['colcon_pkg']
[1.781s] Level 1:colcon.colcon_core.package_identification:_identify(src/harvester_telemetry_contract) by extension 'colcon_pkg'
[1.781s] Level 1:colcon.colcon_core.package_identification:_identify(src/harvester_telemetry_contract) by extensions ['colcon_meta']
[1.781s] Level 1:colcon.colcon_core.package_identification:_identify(src/harvester_telemetry_contract) by extension 'colcon_meta'
[1.781s] Level 1:colcon.colcon_core.package_identification:_identify(src/harvester_telemetry_contract) by extensions ['ros']
[1.782s] Level 1:colcon.colcon_core.package_identification:_identify(src/harvester_telemetry_contract) by extension 'ros'
[1.793s] DEBUG:colcon.colcon_core.package_identification:Package 'src/harvester_telemetry_contract' with type 'ros.ament_python' and name 'harvester_telemetry_contract'
[1.795s] Level 1:colcon.colcon_core.package_identification:_identify(src/harvester_telemetry_gateway) by extensions ['ignore', 'ignore_ament_install']
[1.795s] Level 1:colcon.colcon_core.package_identification:_identify(src/harvester_telemetry_gateway) by extension 'ignore'
[1.795s] Level 1:colcon.colcon_core.package_identification:_identify(src/harvester_telemetry_gateway) by extension 'ignore_ament_install'
[1.796s] Level 1:colcon.colcon_core.package_identification:_identify(src/harvester_telemetry_gateway) by extensions ['colcon_pkg']
[1.796s] Level 1:colcon.colcon_core.package_identification:_identify(src/harvester_telemetry_gateway) by extension 'colcon_pkg'
[1.796s] Level 1:colcon.colcon_core.package_identification:_identify(src/harvester_telemetry_gateway) by extensions ['colcon_meta']
[1.796s] Level 1:colcon.colcon_core.package_identification:_identify(src/harvester_telemetry_gateway) by extension 'colcon_meta'
[1.796s] Level 1:colcon.colcon_core.package_identification:_identify(src/harvester_telemetry_gateway) by extensions ['ros']
[1.796s] Level 1:colcon.colcon_core.package_identification:_identify(src/harvester_telemetry_gateway) by extension 'ros'
[1.799s] DEBUG:colcon.colcon_core.package_identification:Package 'src/harvester_telemetry_gateway' with type 'ros.ament_python' and name 'harvester_telemetry_gateway'
[1.800s] Level 1:colcon.colcon_core.package_identification:_identify(src/oil_palm_harvester_description) by extensions ['ignore', 'ignore_ament_install']
[1.800s] Level 1:colcon.colcon_core.package_identification:_identify(src/oil_palm_harvester_description) by extension 'ignore'
[1.802s] Level 1:colcon.colcon_core.package_identification:_identify(src/oil_palm_harvester_description) by extension 'ignore_ament_install'
[1.802s] Level 1:colcon.colcon_core.package_identification:_identify(src/oil_palm_harvester_description) by extensions ['colcon_pkg']
[1.802s] Level 1:colcon.colcon_core.package_identification:_identify(src/oil_palm_harvester_description) by extension 'colcon_pkg'
[1.803s] Level 1:colcon.colcon_core.package_identification:_identify(src/oil_palm_harvester_description) by extensions ['colcon_meta']
[1.803s] Level 1:colcon.colcon_core.package_identification:_identify(src/oil_palm_harvester_description) by extension 'colcon_meta'
[1.803s] Level 1:colcon.colcon_core.package_identification:_identify(src/oil_palm_harvester_description) by extensions ['ros']
[1.803s] Level 1:colcon.colcon_core.package_identification:_identify(src/oil_palm_harvester_description) by extension 'ros'
[1.810s] DEBUG:colcon.colcon_core.package_identification:Package 'src/oil_palm_harvester_description' with type 'ros.ament_cmake' and name 'oil_palm_harvester_description'
[1.811s] Level 1:colcon.colcon_core.package_identification:_identify(src/oil_palm_tree_description) by extensions ['ignore', 'ignore_ament_install']
[1.811s] Level 1:colcon.colcon_core.package_identification:_identify(src/oil_palm_tree_description) by extension 'ignore'
[1.812s] Level 1:colcon.colcon_core.package_identification:_identify(src/oil_palm_tree_description) by extension 'ignore_ament_install'
[1.812s] Level 1:colcon.colcon_core.package_identification:_identify(src/oil_palm_tree_description) by extensions ['colcon_pkg']
[1.812s] Level 1:colcon.colcon_core.package_identification:_identify(src/oil_palm_tree_description) by extension 'colcon_pkg'
[1.812s] Level 1:colcon.colcon_core.package_identification:_identify(src/oil_palm_tree_description) by extensions ['colcon_meta']
[1.813s] Level 1:colcon.colcon_core.package_identification:_identify(src/oil_palm_tree_description) by extension 'colcon_meta'
[1.813s] Level 1:colcon.colcon_core.package_identification:_identify(src/oil_palm_tree_description) by extensions ['ros']
[1.813s] Level 1:colcon.colcon_core.package_identification:_identify(src/oil_palm_tree_description) by extension 'ros'
[1.815s] DEBUG:colcon.colcon_core.package_identification:Package 'src/oil_palm_tree_description' with type 'ros.catkin' and name 'oil_palm_tree_description'
[1.815s] Level 1:colcon.colcon_core.package_discovery:discover_packages(recursive) using defaults
[1.816s] Level 1:colcon.colcon_core.package_discovery:discover_packages(ignore) discover
[1.816s] Level 1:colcon.colcon_core.package_discovery:discover_packages(ignore) using defaults
[1.816s] Level 1:colcon.colcon_core.package_discovery:discover_packages(path) discover
[1.816s] Level 1:colcon.colcon_core.package_discovery:discover_packages(path) using defaults
[1.885s] INFO:colcon.colcon_core.package_selection:Skipping not selected package 'oil_palm_tree_description' in 'src/oil_palm_tree_description'
[1.885s] INFO:colcon.colcon_core.package_selection:Skipping not selected package 'oil_palm_harvester_description' in 'src/oil_palm_harvester_description'
[1.887s] Level 1:colcon.colcon_core.package_discovery:discover_packages(prefix_path) check parameters
[1.887s] Level 1:colcon.colcon_core.package_discovery:discover_packages(prefix_path) discover
[1.902s] DEBUG:colcon.colcon_installed_package_information.package_discovery:Found 286 installed packages in /opt/ros/foxy
[1.911s] Level 1:colcon.colcon_core.package_discovery:discover_packages(prefix_path) using defaults
[2.339s] Level 5:colcon.colcon_core.verb:set package 'harvester_telemetry_contract' build argument 'cmake_args' from command line to 'None'
[2.340s] Level 5:colcon.colcon_core.verb:set package 'harvester_telemetry_contract' build argument 'cmake_target' from command line to 'None'
[2.340s] Level 5:colcon.colcon_core.verb:set package 'harvester_telemetry_contract' build argument 'cmake_target_skip_unavailable' from command line to 'False'
[2.340s] Level 5:colcon.colcon_core.verb:set package 'harvester_telemetry_contract' build argument 'cmake_clean_cache' from command line to 'False'
[2.340s] Level 5:colcon.colcon_core.verb:set package 'harvester_telemetry_contract' build argument 'cmake_clean_first' from command line to 'False'
[2.340s] Level 5:colcon.colcon_core.verb:set package 'harvester_telemetry_contract' build argument 'cmake_force_configure' from command line to 'False'
[2.340s] Level 5:colcon.colcon_core.verb:set package 'harvester_telemetry_contract' build argument 'ament_cmake_args' from command line to 'None'
[2.340s] Level 5:colcon.colcon_core.verb:set package 'harvester_telemetry_contract' build argument 'catkin_cmake_args' from command line to 'None'
[2.340s] Level 5:colcon.colcon_core.verb:set package 'harvester_telemetry_contract' build argument 'catkin_skip_building_tests' from command line to 'False'
[2.342s] DEBUG:colcon.colcon_core.verb:Building package 'harvester_telemetry_contract' with the following arguments: {'ament_cmake_args': None, 'build_base': '/home/ubuntu/ros2_ws/build/harvester_telemetry_contract', 'catkin_cmake_args': None, 'catkin_skip_building_tests': False, 'cmake_args': None, 'cmake_clean_cache': False, 'cmake_clean_first': False, 'cmake_force_configure': False, 'cmake_target': None, 'cmake_target_skip_unavailable': False, 'install_base': '/home/ubuntu/ros2_ws/install', 'merge_install': True, 'path': '/home/ubuntu/ros2_ws/src/harvester_telemetry_contract', 'symlink_install': True, 'test_result_base': None}
[2.344s] Level 5:colcon.colcon_core.verb:set package 'harvester_telemetry_gateway' build argument 'cmake_args' from command line to 'None'
[2.344s] Level 5:colcon.colcon_core.verb:set package 'harvester_telemetry_gateway' build argument 'cmake_target' from command line to 'None'
[2.344s] Level 5:colcon.colcon_core.verb:set package 'harvester_telemetry_gateway' build argument 'cmake_target_skip_unavailable' from command line to 'False'
[2.344s] Level 5:colcon.colcon_core.verb:set package 'harvester_telemetry_gateway' build argument 'cmake_clean_cache' from command line to 'False'
[2.344s] Level 5:colcon.colcon_core.verb:set package 'harvester_telemetry_gateway' build argument 'cmake_clean_first' from command line to 'False'
[2.345s] Level 5:colcon.colcon_core.verb:set package 'harvester_telemetry_gateway' build argument 'cmake_force_configure' from command line to 'False'
[2.345s] Level 5:colcon.colcon_core.verb:set package 'harvester_telemetry_gateway' build argument 'ament_cmake_args' from command line to 'None'
[2.345s] Level 5:colcon.colcon_core.verb:set package 'harvester_telemetry_gateway' build argument 'catkin_cmake_args' from command line to 'None'
[2.345s] Level 5:colcon.colcon_core.verb:set package 'harvester_telemetry_gateway' build argument 'catkin_skip_building_tests' from command line to 'False'
[2.345s] DEBUG:colcon.colcon_core.verb:Building package 'harvester_telemetry_gateway' with the following arguments: {'ament_cmake_args': None, 'build_base': '/home/ubuntu/ros2_ws/build/harvester_telemetry_gateway', 'catkin_cmake_args': None, 'catkin_skip_building_tests': False, 'cmake_args': None, 'cmake_clean_cache': False, 'cmake_clean_first': False, 'cmake_force_configure': False, 'cmake_target': None, 'cmake_target_skip_unavailable': False, 'install_base': '/home/ubuntu/ros2_ws/install', 'merge_install': True, 'path': '/home/ubuntu/ros2_ws/src/harvester_telemetry_gateway', 'symlink_install': True, 'test_result_base': None}
[2.346s] INFO:colcon.colcon_core.executor:Executing jobs using 'parallel' executor
[2.358s] DEBUG:colcon.colcon_parallel_executor.executor.parallel:run_until_complete
[2.359s] INFO:colcon.colcon_ros.task.ament_python.build:Building ROS package in '/home/ubuntu/ros2_ws/src/harvester_telemetry_contract' with build type 'ament_python'
[2.360s] Level 1:colcon.colcon_core.shell:create_environment_hook('harvester_telemetry_contract', 'ament_prefix_path')
[2.375s] INFO:colcon.colcon_core.plugin_system:Skipping extension 'colcon_core.shell.bat': Not used on non-Windows systems
[2.376s] INFO:colcon.colcon_core.shell:Creating environment hook '/home/ubuntu/ros2_ws/install/share/harvester_telemetry_contract/hook/ament_prefix_path.ps1'
[2.382s] INFO:colcon.colcon_core.shell:Creating environment descriptor '/home/ubuntu/ros2_ws/install/share/harvester_telemetry_contract/hook/ament_prefix_path.dsv'
[2.389s] INFO:colcon.colcon_core.shell:Creating environment hook '/home/ubuntu/ros2_ws/install/share/harvester_telemetry_contract/hook/ament_prefix_path.sh'
[2.397s] INFO:colcon.colcon_core.shell:Skip shell extension 'powershell' for command environment: Not usable outside of PowerShell
[2.397s] DEBUG:colcon.colcon_core.shell:Skip shell extension 'dsv' for command environment
[33.529s] INFO:colcon.colcon_core.task.python.build:Building Python package in '/home/ubuntu/ros2_ws/src/harvester_telemetry_contract'
[33.535s] INFO:colcon.colcon_core.shell:Skip shell extension 'powershell' for command environment: Not usable outside of PowerShell
[33.535s] DEBUG:colcon.colcon_core.shell:Skip shell extension 'dsv' for command environment
[92.445s] DEBUG:colcon.colcon_core.task.python.build:Available setuptools commands: upload, dist_info, build_scripts, egg_info, bdist, flake8, bdist_rpm, bdist_dumb, clean, build, easy_install, develop, install_data, sdist, bdist_wheel, build_ext, saveopts, check, install_headers, setopt, bdist_egg, symlink_data, upload_docs, rotate, install_lib, test, build_clib, register, install_scripts, bdist_wininst, install, build_py, alias, install_egg_info
[122.473s] DEBUG:colcon.colcon_core.task.python.build:Available setuptools 'develop' options: --no-find-links, --build-directory, --multi-version, --dry-run, --help, --optimize, --user, --site-dirs, --prefix, --quiet, --install-dir, --zip-ok, --uninstall, --upgrade, --editable, --version, --install-layout, --no-user-cfg, --always-copy, --exclude-scripts, --egg-path, --index-url, --find-links, --allow-hosts, --record, --force-installation-into-system-dir, --verbose, --no-deps, --local-snapshots-ok, --always-unzip, --script-dir
[122.494s] DEBUG:colcon.colcon_core.event_handler.log_command:Invoking command in '/home/ubuntu/ros2_ws/build/harvester_telemetry_contract': CONDA_PROMPT_MODIFIER=(base) PYTHONPATH=/home/ubuntu/ros2_ws/build/harvester_telemetry_contract/prefix_override:/usr/lib/python3/dist-packages/colcon_core/task/python/colcon_distutils_commands:/home/ubuntu/ros2_ws/install/lib/python3.8/site-packages:${PYTHONPATH} /usr/bin/python3 -W ignore:setup.py install is deprecated -W ignore:easy_install command is deprecated setup.py develop --editable --build-directory /home/ubuntu/ros2_ws/build/harvester_telemetry_contract/build --no-deps symlink_data
[125.109s] Level 1:colcon.colcon_core.shell:create_environment_hook('harvester_telemetry_contract', 'pythonpath_develop')
[125.111s] INFO:colcon.colcon_core.shell:Creating environment hook '/home/ubuntu/ros2_ws/build/harvester_telemetry_contract/share/harvester_telemetry_contract/hook/pythonpath_develop.ps1'
[125.115s] DEBUG:colcon.colcon_core.event_handler.log_command:Invoked command in '/home/ubuntu/ros2_ws/build/harvester_telemetry_contract' returned '0': CONDA_PROMPT_MODIFIER=(base) PYTHONPATH=/home/ubuntu/ros2_ws/build/harvester_telemetry_contract/prefix_override:/usr/lib/python3/dist-packages/colcon_core/task/python/colcon_distutils_commands:/home/ubuntu/ros2_ws/install/lib/python3.8/site-packages:${PYTHONPATH} /usr/bin/python3 -W ignore:setup.py install is deprecated -W ignore:easy_install command is deprecated setup.py develop --editable --build-directory /home/ubuntu/ros2_ws/build/harvester_telemetry_contract/build --no-deps symlink_data
[125.120s] INFO:colcon.colcon_core.shell:Creating environment descriptor '/home/ubuntu/ros2_ws/build/harvester_telemetry_contract/share/harvester_telemetry_contract/hook/pythonpath_develop.dsv'
[125.123s] INFO:colcon.colcon_core.shell:Creating environment hook '/home/ubuntu/ros2_ws/build/harvester_telemetry_contract/share/harvester_telemetry_contract/hook/pythonpath_develop.sh'
[125.144s] Level 1:colcon.colcon_core.environment:checking '/home/ubuntu/ros2_ws/install' for CMake module files
[125.148s] Level 1:colcon.colcon_core.environment:checking '/home/ubuntu/ros2_ws/install' for CMake config files
[125.153s] Level 1:colcon.colcon_core.shell:create_environment_hook('harvester_telemetry_contract', 'cmake_prefix_path')
[125.157s] INFO:colcon.colcon_core.shell:Creating environment hook '/home/ubuntu/ros2_ws/install/share/harvester_telemetry_contract/hook/cmake_prefix_path.ps1'
[125.160s] INFO:colcon.colcon_core.shell:Creating environment descriptor '/home/ubuntu/ros2_ws/install/share/harvester_telemetry_contract/hook/cmake_prefix_path.dsv'
[125.162s] INFO:colcon.colcon_core.shell:Creating environment hook '/home/ubuntu/ros2_ws/install/share/harvester_telemetry_contract/hook/cmake_prefix_path.sh'
[125.168s] Level 1:colcon.colcon_core.environment:checking '/home/ubuntu/ros2_ws/install/lib'
[125.170s] Level 1:colcon.colcon_core.shell:create_environment_hook('harvester_telemetry_contract', 'ld_library_path_lib')
[125.176s] INFO:colcon.colcon_core.shell:Creating environment hook '/home/ubuntu/ros2_ws/install/share/harvester_telemetry_contract/hook/ld_library_path_lib.ps1'
[125.180s] INFO:colcon.colcon_core.shell:Creating environment descriptor '/home/ubuntu/ros2_ws/install/share/harvester_telemetry_contract/hook/ld_library_path_lib.dsv'
[125.184s] INFO:colcon.colcon_core.shell:Creating environment hook '/home/ubuntu/ros2_ws/install/share/harvester_telemetry_contract/hook/ld_library_path_lib.sh'
[125.192s] Level 1:colcon.colcon_core.environment:checking '/home/ubuntu/ros2_ws/install/bin'
[125.193s] Level 1:colcon.colcon_core.environment:checking '/home/ubuntu/ros2_ws/install/lib/pkgconfig/harvester_telemetry_contract.pc'
[125.197s] Level 1:colcon.colcon_core.environment:checking '/home/ubuntu/ros2_ws/install/lib/python3.8/site-packages'
[125.199s] Level 1:colcon.colcon_core.shell:create_environment_hook('harvester_telemetry_contract', 'pythonpath')
[125.202s] INFO:colcon.colcon_core.shell:Creating environment hook '/home/ubuntu/ros2_ws/install/share/harvester_telemetry_contract/hook/pythonpath.ps1'
[125.206s] INFO:colcon.colcon_core.shell:Creating environment descriptor '/home/ubuntu/ros2_ws/install/share/harvester_telemetry_contract/hook/pythonpath.dsv'
[125.213s] INFO:colcon.colcon_core.shell:Creating environment hook '/home/ubuntu/ros2_ws/install/share/harvester_telemetry_contract/hook/pythonpath.sh'
[125.222s] Level 1:colcon.colcon_core.environment:checking '/home/ubuntu/ros2_ws/install/bin'
[125.223s] Level 1:colcon.colcon_core.environment:create_environment_scripts_only(harvester_telemetry_contract)
[125.227s] INFO:colcon.colcon_core.shell:Creating package script '/home/ubuntu/ros2_ws/install/share/harvester_telemetry_contract/package.ps1'
[125.238s] INFO:colcon.colcon_core.shell:Creating package descriptor '/home/ubuntu/ros2_ws/install/share/harvester_telemetry_contract/package.dsv'
[125.243s] INFO:colcon.colcon_core.shell:Creating package script '/home/ubuntu/ros2_ws/install/share/harvester_telemetry_contract/package.sh'
[125.251s] INFO:colcon.colcon_core.shell:Creating package script '/home/ubuntu/ros2_ws/install/share/harvester_telemetry_contract/package.bash'
[125.256s] INFO:colcon.colcon_core.shell:Creating package script '/home/ubuntu/ros2_ws/install/share/harvester_telemetry_contract/package.zsh'
[125.261s] Level 1:colcon.colcon_core.environment:create_file_with_runtime_dependencies(/home/ubuntu/ros2_ws/install/share/colcon-core/packages/harvester_telemetry_contract)
[125.269s] INFO:colcon.colcon_ros.task.ament_python.build:Building ROS package in '/home/ubuntu/ros2_ws/src/harvester_telemetry_gateway' with build type 'ament_python'
[125.271s] Level 1:colcon.colcon_core.shell:create_environment_hook('harvester_telemetry_gateway', 'ament_prefix_path')
[125.276s] INFO:colcon.colcon_core.shell:Creating environment hook '/home/ubuntu/ros2_ws/install/share/harvester_telemetry_gateway/hook/ament_prefix_path.ps1'
[125.280s] INFO:colcon.colcon_core.shell:Creating environment descriptor '/home/ubuntu/ros2_ws/install/share/harvester_telemetry_gateway/hook/ament_prefix_path.dsv'
[125.286s] INFO:colcon.colcon_core.shell:Creating environment hook '/home/ubuntu/ros2_ws/install/share/harvester_telemetry_gateway/hook/ament_prefix_path.sh'
[125.288s] INFO:colcon.colcon_core.shell:Skip shell extension 'powershell' for command environment: Not usable outside of PowerShell
[125.289s] DEBUG:colcon.colcon_core.shell:Skip shell extension 'dsv' for command environment
[126.474s] INFO:colcon.colcon_core.task.python.build:Building Python package in '/home/ubuntu/ros2_ws/src/harvester_telemetry_gateway'
[126.478s] INFO:colcon.colcon_core.shell:Skip shell extension 'powershell' for command environment: Not usable outside of PowerShell
[126.479s] DEBUG:colcon.colcon_core.shell:Skip shell extension 'dsv' for command environment
[128.321s] DEBUG:colcon.colcon_core.task.python.build:Available setuptools commands: upload, dist_info, build_scripts, egg_info, bdist, flake8, bdist_rpm, bdist_dumb, clean, build, easy_install, develop, install_data, sdist, bdist_wheel, build_ext, saveopts, check, install_headers, setopt, bdist_egg, symlink_data, upload_docs, rotate, install_lib, test, build_clib, register, install_scripts, bdist_wininst, install, build_py, alias, install_egg_info
[129.665s] DEBUG:colcon.colcon_core.task.python.build:Available setuptools 'develop' options: --no-find-links, --build-directory, --multi-version, --dry-run, --help, --optimize, --user, --site-dirs, --prefix, --quiet, --install-dir, --zip-ok, --uninstall, --upgrade, --editable, --version, --install-layout, --no-user-cfg, --always-copy, --exclude-scripts, --egg-path, --index-url, --find-links, --allow-hosts, --record, --force-installation-into-system-dir, --verbose, --no-deps, --local-snapshots-ok, --always-unzip, --script-dir
[129.687s] DEBUG:colcon.colcon_core.event_handler.log_command:Invoking command in '/home/ubuntu/ros2_ws/build/harvester_telemetry_gateway': AMENT_PREFIX_PATH=/home/ubuntu/ros2_ws/install:${AMENT_PREFIX_PATH} CMAKE_PREFIX_PATH=/home/ubuntu/ros2_ws/install CONDA_PROMPT_MODIFIER=(base) LD_LIBRARY_PATH=/home/ubuntu/ros2_ws/install/lib:/usr/lib/aarch64-linux-gnu/gazebo-11/plugins:/opt/ros/foxy/opt/yaml_cpp_vendor/lib:/opt/ros/foxy/opt/rviz_ogre_vendor/lib:/opt/ros/foxy/lib/aarch64-linux-gnu:/opt/ros/foxy/lib:/usr/local/cuda-11.4/lib64 PYTHONPATH=/home/ubuntu/ros2_ws/build/harvester_telemetry_gateway/prefix_override:/usr/lib/python3/dist-packages/colcon_core/task/python/colcon_distutils_commands:/home/ubuntu/ros2_ws/install/lib/python3.8/site-packages:/home/ubuntu/ros2_ws/build/harvester_telemetry_contract:/home/ubuntu/ros2_ws/install/lib/python3.8/site-packages:${PYTHONPATH} /usr/bin/python3 -W ignore:setup.py install is deprecated -W ignore:easy_install command is deprecated setup.py develop --editable --build-directory /home/ubuntu/ros2_ws/build/harvester_telemetry_gateway/build --no-deps symlink_data
[132.254s] Level 1:colcon.colcon_core.shell:create_environment_hook('harvester_telemetry_gateway', 'pythonpath_develop')
[132.257s] INFO:colcon.colcon_core.shell:Creating environment hook '/home/ubuntu/ros2_ws/build/harvester_telemetry_gateway/share/harvester_telemetry_gateway/hook/pythonpath_develop.ps1'
[132.266s] DEBUG:colcon.colcon_core.event_handler.log_command:Invoked command in '/home/ubuntu/ros2_ws/build/harvester_telemetry_gateway' returned '0': AMENT_PREFIX_PATH=/home/ubuntu/ros2_ws/install:${AMENT_PREFIX_PATH} CMAKE_PREFIX_PATH=/home/ubuntu/ros2_ws/install CONDA_PROMPT_MODIFIER=(base) LD_LIBRARY_PATH=/home/ubuntu/ros2_ws/install/lib:/usr/lib/aarch64-linux-gnu/gazebo-11/plugins:/opt/ros/foxy/opt/yaml_cpp_vendor/lib:/opt/ros/foxy/opt/rviz_ogre_vendor/lib:/opt/ros/foxy/lib/aarch64-linux-gnu:/opt/ros/foxy/lib:/usr/local/cuda-11.4/lib64 PYTHONPATH=/home/ubuntu/ros2_ws/build/harvester_telemetry_gateway/prefix_override:/usr/lib/python3/dist-packages/colcon_core/task/python/colcon_distutils_commands:/home/ubuntu/ros2_ws/install/lib/python3.8/site-packages:/home/ubuntu/ros2_ws/build/harvester_telemetry_contract:/home/ubuntu/ros2_ws/install/lib/python3.8/site-packages:${PYTHONPATH} /usr/bin/python3 -W ignore:setup.py install is deprecated -W ignore:easy_install command is deprecated setup.py develop --editable --build-directory /home/ubuntu/ros2_ws/build/harvester_telemetry_gateway/build --no-deps symlink_data
[132.275s] INFO:colcon.colcon_core.shell:Creating environment descriptor '/home/ubuntu/ros2_ws/build/harvester_telemetry_gateway/share/harvester_telemetry_gateway/hook/pythonpath_develop.dsv'
[132.278s] INFO:colcon.colcon_core.shell:Creating environment hook '/home/ubuntu/ros2_ws/build/harvester_telemetry_gateway/share/harvester_telemetry_gateway/hook/pythonpath_develop.sh'
[132.293s] Level 1:colcon.colcon_core.environment:checking '/home/ubuntu/ros2_ws/install' for CMake module files
[132.295s] Level 1:colcon.colcon_core.environment:checking '/home/ubuntu/ros2_ws/install' for CMake config files
[132.299s] Level 1:colcon.colcon_core.shell:create_environment_hook('harvester_telemetry_gateway', 'cmake_prefix_path')
[132.303s] INFO:colcon.colcon_core.shell:Creating environment hook '/home/ubuntu/ros2_ws/install/share/harvester_telemetry_gateway/hook/cmake_prefix_path.ps1'
[132.306s] INFO:colcon.colcon_core.shell:Creating environment descriptor '/home/ubuntu/ros2_ws/install/share/harvester_telemetry_gateway/hook/cmake_prefix_path.dsv'
[132.309s] INFO:colcon.colcon_core.shell:Creating environment hook '/home/ubuntu/ros2_ws/install/share/harvester_telemetry_gateway/hook/cmake_prefix_path.sh'
[132.312s] Level 1:colcon.colcon_core.environment:checking '/home/ubuntu/ros2_ws/install/lib'
[132.313s] Level 1:colcon.colcon_core.shell:create_environment_hook('harvester_telemetry_gateway', 'ld_library_path_lib')
[132.314s] INFO:colcon.colcon_core.shell:Creating environment hook '/home/ubuntu/ros2_ws/install/share/harvester_telemetry_gateway/hook/ld_library_path_lib.ps1'
[132.322s] INFO:colcon.colcon_core.shell:Creating environment descriptor '/home/ubuntu/ros2_ws/install/share/harvester_telemetry_gateway/hook/ld_library_path_lib.dsv'
[132.328s] INFO:colcon.colcon_core.shell:Creating environment hook '/home/ubuntu/ros2_ws/install/share/harvester_telemetry_gateway/hook/ld_library_path_lib.sh'
[132.332s] Level 1:colcon.colcon_core.environment:checking '/home/ubuntu/ros2_ws/install/bin'
[132.334s] Level 1:colcon.colcon_core.environment:checking '/home/ubuntu/ros2_ws/install/lib/pkgconfig/harvester_telemetry_gateway.pc'
[132.337s] Level 1:colcon.colcon_core.environment:checking '/home/ubuntu/ros2_ws/install/lib/python3.8/site-packages'
[132.337s] Level 1:colcon.colcon_core.shell:create_environment_hook('harvester_telemetry_gateway', 'pythonpath')
[132.338s] INFO:colcon.colcon_core.shell:Creating environment hook '/home/ubuntu/ros2_ws/install/share/harvester_telemetry_gateway/hook/pythonpath.ps1'
[132.342s] INFO:colcon.colcon_core.shell:Creating environment descriptor '/home/ubuntu/ros2_ws/install/share/harvester_telemetry_gateway/hook/pythonpath.dsv'
[132.344s] INFO:colcon.colcon_core.shell:Creating environment hook '/home/ubuntu/ros2_ws/install/share/harvester_telemetry_gateway/hook/pythonpath.sh'
[132.347s] Level 1:colcon.colcon_core.environment:checking '/home/ubuntu/ros2_ws/install/bin'
[132.348s] Level 1:colcon.colcon_core.environment:create_environment_scripts_only(harvester_telemetry_gateway)
[132.350s] INFO:colcon.colcon_core.shell:Creating package script '/home/ubuntu/ros2_ws/install/share/harvester_telemetry_gateway/package.ps1'
[132.355s] INFO:colcon.colcon_core.shell:Creating package descriptor '/home/ubuntu/ros2_ws/install/share/harvester_telemetry_gateway/package.dsv'
[132.359s] INFO:colcon.colcon_core.shell:Creating package script '/home/ubuntu/ros2_ws/install/share/harvester_telemetry_gateway/package.sh'
[132.362s] INFO:colcon.colcon_core.shell:Creating package script '/home/ubuntu/ros2_ws/install/share/harvester_telemetry_gateway/package.bash'
[132.365s] INFO:colcon.colcon_core.shell:Creating package script '/home/ubuntu/ros2_ws/install/share/harvester_telemetry_gateway/package.zsh'
[132.367s] Level 1:colcon.colcon_core.environment:create_file_with_runtime_dependencies(/home/ubuntu/ros2_ws/install/share/colcon-core/packages/harvester_telemetry_gateway)
[132.373s] DEBUG:colcon.colcon_parallel_executor.executor.parallel:closing loop
[132.377s] DEBUG:colcon.colcon_parallel_executor.executor.parallel:loop closed
[132.378s] DEBUG:colcon.colcon_parallel_executor.executor.parallel:run_until_complete finished with '0'
[132.378s] DEBUG:colcon.colcon_core.event_reactor:joining thread
[132.426s] INFO:colcon.colcon_core.plugin_system:Skipping extension 'colcon_notification.desktop_notification.terminal_notifier': Not used on non-Darwin systems
[132.427s] INFO:colcon.colcon_core.plugin_system:Skipping extension 'colcon_notification.desktop_notification.win32': Not used on non-Windows systems
[132.428s] INFO:colcon.colcon_notification.desktop_notification:Sending desktop notification using 'notify2'
[132.428s] DEBUG:colcon.colcon_notification.desktop_notification.notify2:Failed to initialize notify2: org.freedesktop.DBus.Error.AccessDenied: Failed to connect to socket /run/user/1000/bus: Operation not permitted
[132.429s] DEBUG:colcon.colcon_core.event_reactor:joined thread
[132.430s] INFO:colcon.colcon_core.shell:Creating prefix script '/home/ubuntu/ros2_ws/install/local_setup.ps1'
[132.434s] INFO:colcon.colcon_core.shell:Creating prefix util module '/home/ubuntu/ros2_ws/install/_local_setup_util_ps1.py'
[132.441s] INFO:colcon.colcon_core.shell:Creating prefix chain script '/home/ubuntu/ros2_ws/install/setup.ps1'
[132.446s] INFO:colcon.colcon_core.shell:Creating prefix script '/home/ubuntu/ros2_ws/install/local_setup.sh'
[132.450s] INFO:colcon.colcon_core.shell:Creating prefix util module '/home/ubuntu/ros2_ws/install/_local_setup_util_sh.py'
[132.453s] INFO:colcon.colcon_core.shell:Creating prefix chain script '/home/ubuntu/ros2_ws/install/setup.sh'
[132.459s] INFO:colcon.colcon_core.shell:Creating prefix script '/home/ubuntu/ros2_ws/install/local_setup.bash'
[132.461s] INFO:colcon.colcon_core.shell:Creating prefix chain script '/home/ubuntu/ros2_ws/install/setup.bash'
[132.465s] INFO:colcon.colcon_core.shell:Creating prefix script '/home/ubuntu/ros2_ws/install/local_setup.zsh'
[132.468s] INFO:colcon.colcon_core.shell:Creating prefix chain script '/home/ubuntu/ros2_ws/install/setup.zsh'
