[0.056s] Invoking command in '/home/ubuntu/ros2_ws/build/oil_palm_harvester_description': CMAKE_PREFIX_PATH=/opt/ros/foxy:/home/ubuntu/ros2_ws/install CONDA_PROMPT_MODIFIER=(base) PKG_CONFIG_PATH=/home/ubuntu/ros2_ws/install/lib/aarch64-linux-gnu/pkgconfig:/home/ubuntu/ros2_ws/install/lib/pkgconfig ROS_PACKAGE_PATH=/home/ubuntu/ros2_ws/install/share /usr/bin/cmake --build /home/ubuntu/ros2_ws/build/oil_palm_harvester_description -- -j8 -l8
[0.361s] [100%] Built target harvester_kinematic_gazebo_plugin
[0.404s] Invoked command in '/home/ubuntu/ros2_ws/build/oil_palm_harvester_description' returned '0': CMAKE_PREFIX_PATH=/opt/ros/foxy:/home/ubuntu/ros2_ws/install CONDA_PROMPT_MODIFIER=(base) PKG_CONFIG_PATH=/home/ubuntu/ros2_ws/install/lib/aarch64-linux-gnu/pkgconfig:/home/ubuntu/ros2_ws/install/lib/pkgconfig ROS_PACKAGE_PATH=/home/ubuntu/ros2_ws/install/share /usr/bin/cmake --build /home/ubuntu/ros2_ws/build/oil_palm_harvester_description -- -j8 -l8
[0.466s] Invoking command in '/home/ubuntu/ros2_ws/build/oil_palm_harvester_description': CMAKE_PREFIX_PATH=/opt/ros/foxy:/home/ubuntu/ros2_ws/install CONDA_PROMPT_MODIFIER=(base) PKG_CONFIG_PATH=/home/ubuntu/ros2_ws/install/lib/aarch64-linux-gnu/pkgconfig:/home/ubuntu/ros2_ws/install/lib/pkgconfig ROS_PACKAGE_PATH=/home/ubuntu/ros2_ws/install/share /usr/bin/cmake --install /home/ubuntu/ros2_ws/build/oil_palm_harvester_description
[0.499s] -- Install configuration: ""
[0.500s] -- Execute custom install script
[0.504s] -- Up-to-date symlink: /home/ubuntu/ros2_ws/install/share/oil_palm_harvester_description/urdf/oil_palm_harvester_estimated.urdf
[0.504s] -- Up-to-date symlink: /home/ubuntu/ros2_ws/install/share/oil_palm_harvester_description/urdf/oil_palm_harvester_kinematic.urdf
[0.507s] -- Up-to-date symlink: /home/ubuntu/ros2_ws/install/share/oil_palm_harvester_description/meshes/collision/depth_camera_estimated.stl
[0.508s] -- Up-to-date symlink: /home/ubuntu/ros2_ws/install/share/oil_palm_harvester_description/meshes/collision/lidar_mid360_estimated.stl
[0.509s] -- Up-to-date symlink: /home/ubuntu/ros2_ws/install/share/oil_palm_harvester_description/meshes/collision/range_sensor.stl
[0.510s] -- Up-to-date symlink: /home/ubuntu/ros2_ws/install/share/oil_palm_harvester_description/meshes/collision/wheel.stl
[0.511s] -- Up-to-date symlink: /home/ubuntu/ros2_ws/install/share/oil_palm_harvester_description/meshes/mesh_inventory.csv
[0.511s] -- Up-to-date symlink: /home/ubuntu/ros2_ws/install/share/oil_palm_harvester_description/meshes/visual/boom_stage_0.stl
[0.512s] -- Up-to-date symlink: /home/ubuntu/ros2_ws/install/share/oil_palm_harvester_description/meshes/visual/boom_stage_1.stl
[0.513s] -- Up-to-date symlink: /home/ubuntu/ros2_ws/install/share/oil_palm_harvester_description/meshes/visual/boom_stage_2.stl
[0.514s] -- Up-to-date symlink: /home/ubuntu/ros2_ws/install/share/oil_palm_harvester_description/meshes/visual/boom_stage_3.stl
[0.515s] -- Up-to-date symlink: /home/ubuntu/ros2_ws/install/share/oil_palm_harvester_description/meshes/visual/boom_stage_4.stl
[0.516s] -- Up-to-date symlink: /home/ubuntu/ros2_ws/install/share/oil_palm_harvester_description/meshes/visual/boom_turret.stl
[0.516s] -- Up-to-date symlink: /home/ubuntu/ros2_ws/install/share/oil_palm_harvester_description/meshes/visual/c_channel_platform.stl
[0.517s] -- Up-to-date symlink: /home/ubuntu/ros2_ws/install/share/oil_palm_harvester_description/meshes/visual/cutting_arm_base.stl
[0.518s] -- Up-to-date symlink: /home/ubuntu/ros2_ws/install/share/oil_palm_harvester_description/meshes/visual/cutting_arm_link.stl
[0.519s] -- Up-to-date symlink: /home/ubuntu/ros2_ws/install/share/oil_palm_harvester_description/meshes/visual/cutting_tool.stl
[0.519s] -- Up-to-date symlink: /home/ubuntu/ros2_ws/install/share/oil_palm_harvester_description/meshes/visual/depth_camera_estimated.stl
[0.520s] -- Up-to-date symlink: /home/ubuntu/ros2_ws/install/share/oil_palm_harvester_description/meshes/visual/lidar_mid360_estimated.stl
[0.521s] -- Up-to-date symlink: /home/ubuntu/ros2_ws/install/share/oil_palm_harvester_description/meshes/visual/platform_mount.stl
[0.522s] -- Up-to-date symlink: /home/ubuntu/ros2_ws/install/share/oil_palm_harvester_description/meshes/visual/rail_carriage.stl
[0.522s] -- Up-to-date symlink: /home/ubuntu/ros2_ws/install/share/oil_palm_harvester_description/meshes/visual/range_sensor.stl
[0.523s] -- Up-to-date symlink: /home/ubuntu/ros2_ws/install/share/oil_palm_harvester_description/meshes/visual/vehicle_body.stl
[0.524s] -- Up-to-date symlink: /home/ubuntu/ros2_ws/install/share/oil_palm_harvester_description/meshes/visual/wheel.stl
[0.526s] -- Up-to-date symlink: /home/ubuntu/ros2_ws/install/share/oil_palm_harvester_description/launch/__pycache__/display.launch.cpython-38.pyc
[0.527s] -- Up-to-date symlink: /home/ubuntu/ros2_ws/install/share/oil_palm_harvester_description/launch/__pycache__/display_harvester_and_tree.launch.cpython-38.pyc
[0.528s] -- Up-to-date symlink: /home/ubuntu/ros2_ws/install/share/oil_palm_harvester_description/launch/__pycache__/gazebo_docking.launch.cpython-38.pyc
[0.529s] -- Up-to-date symlink: /home/ubuntu/ros2_ws/install/share/oil_palm_harvester_description/launch/__pycache__/gazebo_harvester_and_tree.launch.cpython-38.pyc
[0.529s] -- Up-to-date symlink: /home/ubuntu/ros2_ws/install/share/oil_palm_harvester_description/launch/display.launch.py
[0.530s] -- Up-to-date symlink: /home/ubuntu/ros2_ws/install/share/oil_palm_harvester_description/launch/display_harvester_and_tree.launch.py
[0.531s] -- Up-to-date symlink: /home/ubuntu/ros2_ws/install/share/oil_palm_harvester_description/launch/gazebo_docking.launch.py
[0.532s] -- Up-to-date symlink: /home/ubuntu/ros2_ws/install/share/oil_palm_harvester_description/launch/gazebo_docking_with_camera_view.launch.py
[0.532s] -- Up-to-date symlink: /home/ubuntu/ros2_ws/install/share/oil_palm_harvester_description/launch/gazebo_harvester_and_tree.launch.py
[0.534s] -- Up-to-date symlink: /home/ubuntu/ros2_ws/install/share/oil_palm_harvester_description/config/controllers.yaml
[0.535s] -- Up-to-date symlink: /home/ubuntu/ros2_ws/install/share/oil_palm_harvester_description/config/example_joint_positions.yaml
[0.536s] -- Up-to-date symlink: /home/ubuntu/ros2_ws/install/share/oil_palm_harvester_description/worlds/docking.world
[0.537s] -- Up-to-date symlink: /home/ubuntu/ros2_ws/install/share/oil_palm_harvester_description/worlds/harvester_tree.world
[0.539s] -- Up-to-date symlink: /home/ubuntu/ros2_ws/install/share/oil_palm_harvester_description/gazebo_model/oil_palm_harvester/model.config
[0.539s] -- Up-to-date symlink: /home/ubuntu/ros2_ws/install/share/oil_palm_harvester_description/gazebo_model/oil_palm_harvester/model.sdf
[0.541s] -- Up-to-date symlink: /home/ubuntu/ros2_ws/install/share/oil_palm_harvester_description/preview/estimated_model_preview.png
[0.542s] -- Up-to-date symlink: /home/ubuntu/ros2_ws/install/share/oil_palm_harvester_description/preview/oil_palm_harvester_estimated.glb
[0.543s] -- Up-to-date symlink: /home/ubuntu/ros2_ws/install/share/oil_palm_harvester_description/rviz/harvester_tree_combined.rviz
[0.545s] -- Up-to-date symlink: /home/ubuntu/ros2_ws/install/lib/libharvester_kinematic_gazebo_plugin.so
[0.546s] -- Up-to-date symlink: /home/ubuntu/ros2_ws/install/share/oil_palm_harvester_description/scripts/publish_urdf.py
[0.547s] -- Up-to-date symlink: /home/ubuntu/ros2_ws/install/share/oil_palm_harvester_description/scripts/gazebo_joint_state_bridge.py
[0.548s] -- Up-to-date symlink: /home/ubuntu/ros2_ws/install/share/oil_palm_harvester_description/scripts/gazebo_base_kinematic_controller.py
[0.549s] -- Up-to-date symlink: /home/ubuntu/ros2_ws/install/share/ament_index/resource_index/package_run_dependencies/oil_palm_harvester_description
[0.550s] -- Up-to-date symlink: /home/ubuntu/ros2_ws/install/share/ament_index/resource_index/parent_prefix_path/oil_palm_harvester_description
[0.551s] -- Up-to-date symlink: /home/ubuntu/ros2_ws/install/share/oil_palm_harvester_description/environment/ament_prefix_path.sh
[0.552s] -- Up-to-date symlink: /home/ubuntu/ros2_ws/install/share/oil_palm_harvester_description/environment/ament_prefix_path.dsv
[0.553s] -- Up-to-date symlink: /home/ubuntu/ros2_ws/install/share/oil_palm_harvester_description/environment/path.sh
[0.555s] -- Up-to-date symlink: /home/ubuntu/ros2_ws/install/share/oil_palm_harvester_description/environment/path.dsv
[0.556s] -- Up-to-date symlink: /home/ubuntu/ros2_ws/install/share/oil_palm_harvester_description/local_setup.bash
[0.557s] -- Up-to-date symlink: /home/ubuntu/ros2_ws/install/share/oil_palm_harvester_description/local_setup.sh
[0.558s] -- Up-to-date symlink: /home/ubuntu/ros2_ws/install/share/oil_palm_harvester_description/local_setup.zsh
[0.559s] -- Up-to-date symlink: /home/ubuntu/ros2_ws/install/share/oil_palm_harvester_description/local_setup.dsv
[0.560s] -- Symlinking: /home/ubuntu/ros2_ws/install/share/oil_palm_harvester_description/package.dsv
[0.596s] -- Up-to-date symlink: /home/ubuntu/ros2_ws/install/share/ament_index/resource_index/packages/oil_palm_harvester_description
[0.597s] -- Up-to-date symlink: /home/ubuntu/ros2_ws/install/share/oil_palm_harvester_description/cmake/oil_palm_harvester_descriptionConfig.cmake
[0.598s] -- Up-to-date symlink: /home/ubuntu/ros2_ws/install/share/oil_palm_harvester_description/cmake/oil_palm_harvester_descriptionConfig-version.cmake
[0.599s] -- Up-to-date symlink: /home/ubuntu/ros2_ws/install/share/oil_palm_harvester_description/package.xml
[0.607s] Invoked command in '/home/ubuntu/ros2_ws/build/oil_palm_harvester_description' returned '0': CMAKE_PREFIX_PATH=/opt/ros/foxy:/home/ubuntu/ros2_ws/install CONDA_PROMPT_MODIFIER=(base) PKG_CONFIG_PATH=/home/ubuntu/ros2_ws/install/lib/aarch64-linux-gnu/pkgconfig:/home/ubuntu/ros2_ws/install/lib/pkgconfig ROS_PACKAGE_PATH=/home/ubuntu/ros2_ws/install/share /usr/bin/cmake --install /home/ubuntu/ros2_ws/build/oil_palm_harvester_description
