[0.059s] Invoking command in '/home/ubuntu/ros2_ws/build/oil_palm_harvester_description': CMAKE_PREFIX_PATH=${CMAKE_PREFIX_PATH}:/opt/ros/foxy CONDA_PROMPT_MODIFIER=(base) /usr/bin/cmake --build /home/ubuntu/ros2_ws/build/oil_palm_harvester_description -- -j8 -l8
[0.213s] Invoked command in '/home/ubuntu/ros2_ws/build/oil_palm_harvester_description' returned '0': CMAKE_PREFIX_PATH=${CMAKE_PREFIX_PATH}:/opt/ros/foxy CONDA_PROMPT_MODIFIER=(base) /usr/bin/cmake --build /home/ubuntu/ros2_ws/build/oil_palm_harvester_description -- -j8 -l8
[0.272s] Invoking command in '/home/ubuntu/ros2_ws/build/oil_palm_harvester_description': CMAKE_PREFIX_PATH=${CMAKE_PREFIX_PATH}:/opt/ros/foxy CONDA_PROMPT_MODIFIER=(base) /usr/bin/cmake --install /home/ubuntu/ros2_ws/build/oil_palm_harvester_description
[0.305s] -- Install configuration: ""
[0.305s] -- Up-to-date: /home/ubuntu/ros2_ws/install/oil_palm_harvester_description/share/oil_palm_harvester_description/urdf
[0.306s] -- Up-to-date: /home/ubuntu/ros2_ws/install/oil_palm_harvester_description/share/oil_palm_harvester_description/urdf/oil_palm_harvester_estimated.urdf
[0.306s] -- Up-to-date: /home/ubuntu/ros2_ws/install/oil_palm_harvester_description/share/oil_palm_harvester_description/urdf/oil_palm_harvester_kinematic.urdf
[0.307s] -- Up-to-date: /home/ubuntu/ros2_ws/install/oil_palm_harvester_description/share/oil_palm_harvester_description/meshes
[0.308s] -- Up-to-date: /home/ubuntu/ros2_ws/install/oil_palm_harvester_description/share/oil_palm_harvester_description/meshes/collision
[0.309s] -- Up-to-date: /home/ubuntu/ros2_ws/install/oil_palm_harvester_description/share/oil_palm_harvester_description/meshes/collision/wheel.stl
[0.310s] -- Up-to-date: /home/ubuntu/ros2_ws/install/oil_palm_harvester_description/share/oil_palm_harvester_description/meshes/collision/depth_camera_estimated.stl
[0.310s] -- Up-to-date: /home/ubuntu/ros2_ws/install/oil_palm_harvester_description/share/oil_palm_harvester_description/meshes/collision/lidar_mid360_estimated.stl
[0.310s] -- Up-to-date: /home/ubuntu/ros2_ws/install/oil_palm_harvester_description/share/oil_palm_harvester_description/meshes/collision/range_sensor.stl
[0.310s] -- Up-to-date: /home/ubuntu/ros2_ws/install/oil_palm_harvester_description/share/oil_palm_harvester_description/meshes/mesh_inventory.csv
[0.311s] -- Up-to-date: /home/ubuntu/ros2_ws/install/oil_palm_harvester_description/share/oil_palm_harvester_description/meshes/visual
[0.312s] -- Up-to-date: /home/ubuntu/ros2_ws/install/oil_palm_harvester_description/share/oil_palm_harvester_description/meshes/visual/cutting_arm_link.stl
[0.312s] -- Up-to-date: /home/ubuntu/ros2_ws/install/oil_palm_harvester_description/share/oil_palm_harvester_description/meshes/visual/wheel.stl
[0.312s] -- Up-to-date: /home/ubuntu/ros2_ws/install/oil_palm_harvester_description/share/oil_palm_harvester_description/meshes/visual/cutting_tool.stl
[0.313s] -- Up-to-date: /home/ubuntu/ros2_ws/install/oil_palm_harvester_description/share/oil_palm_harvester_description/meshes/visual/cutting_arm_base.stl
[0.313s] -- Up-to-date: /home/ubuntu/ros2_ws/install/oil_palm_harvester_description/share/oil_palm_harvester_description/meshes/visual/boom_stage_0.stl
[0.314s] -- Up-to-date: /home/ubuntu/ros2_ws/install/oil_palm_harvester_description/share/oil_palm_harvester_description/meshes/visual/boom_stage_2.stl
[0.314s] -- Up-to-date: /home/ubuntu/ros2_ws/install/oil_palm_harvester_description/share/oil_palm_harvester_description/meshes/visual/rail_carriage.stl
[0.314s] -- Up-to-date: /home/ubuntu/ros2_ws/install/oil_palm_harvester_description/share/oil_palm_harvester_description/meshes/visual/platform_mount.stl
[0.315s] -- Up-to-date: /home/ubuntu/ros2_ws/install/oil_palm_harvester_description/share/oil_palm_harvester_description/meshes/visual/depth_camera_estimated.stl
[0.315s] -- Up-to-date: /home/ubuntu/ros2_ws/install/oil_palm_harvester_description/share/oil_palm_harvester_description/meshes/visual/lidar_mid360_estimated.stl
[0.315s] -- Up-to-date: /home/ubuntu/ros2_ws/install/oil_palm_harvester_description/share/oil_palm_harvester_description/meshes/visual/boom_stage_4.stl
[0.316s] -- Up-to-date: /home/ubuntu/ros2_ws/install/oil_palm_harvester_description/share/oil_palm_harvester_description/meshes/visual/boom_turret.stl
[0.316s] -- Up-to-date: /home/ubuntu/ros2_ws/install/oil_palm_harvester_description/share/oil_palm_harvester_description/meshes/visual/boom_stage_1.stl
[0.316s] -- Up-to-date: /home/ubuntu/ros2_ws/install/oil_palm_harvester_description/share/oil_palm_harvester_description/meshes/visual/c_channel_platform.stl
[0.316s] -- Up-to-date: /home/ubuntu/ros2_ws/install/oil_palm_harvester_description/share/oil_palm_harvester_description/meshes/visual/range_sensor.stl
[0.317s] -- Up-to-date: /home/ubuntu/ros2_ws/install/oil_palm_harvester_description/share/oil_palm_harvester_description/meshes/visual/vehicle_body.stl
[0.317s] -- Up-to-date: /home/ubuntu/ros2_ws/install/oil_palm_harvester_description/share/oil_palm_harvester_description/meshes/visual/boom_stage_3.stl
[0.317s] -- Up-to-date: /home/ubuntu/ros2_ws/install/oil_palm_harvester_description/share/oil_palm_harvester_description/launch
[0.317s] -- Installing: /home/ubuntu/ros2_ws/install/oil_palm_harvester_description/share/oil_palm_harvester_description/launch/display.launch.py
[0.318s] -- Up-to-date: /home/ubuntu/ros2_ws/install/oil_palm_harvester_description/share/oil_palm_harvester_description/launch/gazebo_docking.launch.py
[0.318s] -- Up-to-date: /home/ubuntu/ros2_ws/install/oil_palm_harvester_description/share/oil_palm_harvester_description/config
[0.318s] -- Up-to-date: /home/ubuntu/ros2_ws/install/oil_palm_harvester_description/share/oil_palm_harvester_description/config/example_joint_positions.yaml
[0.318s] -- Up-to-date: /home/ubuntu/ros2_ws/install/oil_palm_harvester_description/share/oil_palm_harvester_description/config/controllers.yaml
[0.320s] -- Up-to-date: /home/ubuntu/ros2_ws/install/oil_palm_harvester_description/share/oil_palm_harvester_description/worlds
[0.329s] -- Up-to-date: /home/ubuntu/ros2_ws/install/oil_palm_harvester_description/share/oil_palm_harvester_description/worlds/docking.world
[0.332s] -- Up-to-date: /home/ubuntu/ros2_ws/install/oil_palm_harvester_description/share/oil_palm_harvester_description/preview
[0.334s] -- Up-to-date: /home/ubuntu/ros2_ws/install/oil_palm_harvester_description/share/oil_palm_harvester_description/preview/oil_palm_harvester_estimated.glb
[0.334s] -- Up-to-date: /home/ubuntu/ros2_ws/install/oil_palm_harvester_description/share/oil_palm_harvester_description/preview/estimated_model_preview.png
[0.335s] -- Up-to-date: /home/ubuntu/ros2_ws/install/oil_palm_harvester_description/share/ament_index/resource_index/package_run_dependencies/oil_palm_harvester_description
[0.336s] -- Up-to-date: /home/ubuntu/ros2_ws/install/oil_palm_harvester_description/share/ament_index/resource_index/parent_prefix_path/oil_palm_harvester_description
[0.338s] -- Up-to-date: /home/ubuntu/ros2_ws/install/oil_palm_harvester_description/share/oil_palm_harvester_description/environment/ament_prefix_path.sh
[0.340s] -- Up-to-date: /home/ubuntu/ros2_ws/install/oil_palm_harvester_description/share/oil_palm_harvester_description/environment/ament_prefix_path.dsv
[0.341s] -- Up-to-date: /home/ubuntu/ros2_ws/install/oil_palm_harvester_description/share/oil_palm_harvester_description/environment/path.sh
[0.341s] -- Up-to-date: /home/ubuntu/ros2_ws/install/oil_palm_harvester_description/share/oil_palm_harvester_description/environment/path.dsv
[0.341s] -- Up-to-date: /home/ubuntu/ros2_ws/install/oil_palm_harvester_description/share/oil_palm_harvester_description/local_setup.bash
[0.342s] -- Up-to-date: /home/ubuntu/ros2_ws/install/oil_palm_harvester_description/share/oil_palm_harvester_description/local_setup.sh
[0.343s] -- Up-to-date: /home/ubuntu/ros2_ws/install/oil_palm_harvester_description/share/oil_palm_harvester_description/local_setup.zsh
[0.344s] -- Up-to-date: /home/ubuntu/ros2_ws/install/oil_palm_harvester_description/share/oil_palm_harvester_description/local_setup.dsv
[0.345s] -- Installing: /home/ubuntu/ros2_ws/install/oil_palm_harvester_description/share/oil_palm_harvester_description/package.dsv
[0.346s] -- Up-to-date: /home/ubuntu/ros2_ws/install/oil_palm_harvester_description/share/ament_index/resource_index/packages/oil_palm_harvester_description
[0.347s] -- Up-to-date: /home/ubuntu/ros2_ws/install/oil_palm_harvester_description/share/oil_palm_harvester_description/cmake/oil_palm_harvester_descriptionConfig.cmake
[0.348s] -- Up-to-date: /home/ubuntu/ros2_ws/install/oil_palm_harvester_description/share/oil_palm_harvester_description/cmake/oil_palm_harvester_descriptionConfig-version.cmake
[0.348s] -- Up-to-date: /home/ubuntu/ros2_ws/install/oil_palm_harvester_description/share/oil_palm_harvester_description/package.xml
[0.353s] Invoked command in '/home/ubuntu/ros2_ws/build/oil_palm_harvester_description' returned '0': CMAKE_PREFIX_PATH=${CMAKE_PREFIX_PATH}:/opt/ros/foxy CONDA_PROMPT_MODIFIER=(base) /usr/bin/cmake --install /home/ubuntu/ros2_ws/build/oil_palm_harvester_description
