-- Install configuration: ""
-- Up-to-date: /home/ubuntu/ros2_ws/install/oil_palm_harvester_description/share/oil_palm_harvester_description/urdf
-- Up-to-date: /home/ubuntu/ros2_ws/install/oil_palm_harvester_description/share/oil_palm_harvester_description/urdf/oil_palm_harvester_estimated.urdf
-- Up-to-date: /home/ubuntu/ros2_ws/install/oil_palm_harvester_description/share/oil_palm_harvester_description/urdf/oil_palm_harvester_kinematic.urdf
-- Up-to-date: /home/ubuntu/ros2_ws/install/oil_palm_harvester_description/share/oil_palm_harvester_description/meshes
-- Up-to-date: /home/ubuntu/ros2_ws/install/oil_palm_harvester_description/share/oil_palm_harvester_description/meshes/collision
-- Up-to-date: /home/ubuntu/ros2_ws/install/oil_palm_harvester_description/share/oil_palm_harvester_description/meshes/collision/wheel.stl
-- Up-to-date: /home/ubuntu/ros2_ws/install/oil_palm_harvester_description/share/oil_palm_harvester_description/meshes/collision/depth_camera_estimated.stl
-- Up-to-date: /home/ubuntu/ros2_ws/install/oil_palm_harvester_description/share/oil_palm_harvester_description/meshes/collision/lidar_mid360_estimated.stl
-- Up-to-date: /home/ubuntu/ros2_ws/install/oil_palm_harvester_description/share/oil_palm_harvester_description/meshes/collision/range_sensor.stl
-- Up-to-date: /home/ubuntu/ros2_ws/install/oil_palm_harvester_description/share/oil_palm_harvester_description/meshes/mesh_inventory.csv
-- Up-to-date: /home/ubuntu/ros2_ws/install/oil_palm_harvester_description/share/oil_palm_harvester_description/meshes/visual
-- Up-to-date: /home/ubuntu/ros2_ws/install/oil_palm_harvester_description/share/oil_palm_harvester_description/meshes/visual/cutting_arm_link.stl
-- Up-to-date: /home/ubuntu/ros2_ws/install/oil_palm_harvester_description/share/oil_palm_harvester_description/meshes/visual/wheel.stl
-- Up-to-date: /home/ubuntu/ros2_ws/install/oil_palm_harvester_description/share/oil_palm_harvester_description/meshes/visual/cutting_tool.stl
-- Up-to-date: /home/ubuntu/ros2_ws/install/oil_palm_harvester_description/share/oil_palm_harvester_description/meshes/visual/cutting_arm_base.stl
-- Up-to-date: /home/ubuntu/ros2_ws/install/oil_palm_harvester_description/share/oil_palm_harvester_description/meshes/visual/boom_stage_0.stl
-- Up-to-date: /home/ubuntu/ros2_ws/install/oil_palm_harvester_description/share/oil_palm_harvester_description/meshes/visual/boom_stage_2.stl
-- Up-to-date: /home/ubuntu/ros2_ws/install/oil_palm_harvester_description/share/oil_palm_harvester_description/meshes/visual/rail_carriage.stl
-- Up-to-date: /home/ubuntu/ros2_ws/install/oil_palm_harvester_description/share/oil_palm_harvester_description/meshes/visual/platform_mount.stl
-- Up-to-date: /home/ubuntu/ros2_ws/install/oil_palm_harvester_description/share/oil_palm_harvester_description/meshes/visual/depth_camera_estimated.stl
-- Up-to-date: /home/ubuntu/ros2_ws/install/oil_palm_harvester_description/share/oil_palm_harvester_description/meshes/visual/lidar_mid360_estimated.stl
-- Up-to-date: /home/ubuntu/ros2_ws/install/oil_palm_harvester_description/share/oil_palm_harvester_description/meshes/visual/boom_stage_4.stl
-- Up-to-date: /home/ubuntu/ros2_ws/install/oil_palm_harvester_description/share/oil_palm_harvester_description/meshes/visual/boom_turret.stl
-- Up-to-date: /home/ubuntu/ros2_ws/install/oil_palm_harvester_description/share/oil_palm_harvester_description/meshes/visual/boom_stage_1.stl
-- Up-to-date: /home/ubuntu/ros2_ws/install/oil_palm_harvester_description/share/oil_palm_harvester_description/meshes/visual/c_channel_platform.stl
-- Up-to-date: /home/ubuntu/ros2_ws/install/oil_palm_harvester_description/share/oil_palm_harvester_description/meshes/visual/range_sensor.stl
-- Up-to-date: /home/ubuntu/ros2_ws/install/oil_palm_harvester_description/share/oil_palm_harvester_description/meshes/visual/vehicle_body.stl
-- Up-to-date: /home/ubuntu/ros2_ws/install/oil_palm_harvester_description/share/oil_palm_harvester_description/meshes/visual/boom_stage_3.stl
-- Up-to-date: /home/ubuntu/ros2_ws/install/oil_palm_harvester_description/share/oil_palm_harvester_description/launch
-- Installing: /home/ubuntu/ros2_ws/install/oil_palm_harvester_description/share/oil_palm_harvester_description/launch/display.launch.py
-- Up-to-date: /home/ubuntu/ros2_ws/install/oil_palm_harvester_description/share/oil_palm_harvester_description/launch/gazebo_docking.launch.py
-- Up-to-date: /home/ubuntu/ros2_ws/install/oil_palm_harvester_description/share/oil_palm_harvester_description/config
-- Up-to-date: /home/ubuntu/ros2_ws/install/oil_palm_harvester_description/share/oil_palm_harvester_description/config/example_joint_positions.yaml
-- Up-to-date: /home/ubuntu/ros2_ws/install/oil_palm_harvester_description/share/oil_palm_harvester_description/config/controllers.yaml
-- Up-to-date: /home/ubuntu/ros2_ws/install/oil_palm_harvester_description/share/oil_palm_harvester_description/worlds
-- Up-to-date: /home/ubuntu/ros2_ws/install/oil_palm_harvester_description/share/oil_palm_harvester_description/worlds/docking.world
-- Up-to-date: /home/ubuntu/ros2_ws/install/oil_palm_harvester_description/share/oil_palm_harvester_description/preview
-- Up-to-date: /home/ubuntu/ros2_ws/install/oil_palm_harvester_description/share/oil_palm_harvester_description/preview/oil_palm_harvester_estimated.glb
-- Up-to-date: /home/ubuntu/ros2_ws/install/oil_palm_harvester_description/share/oil_palm_harvester_description/preview/estimated_model_preview.png
-- Up-to-date: /home/ubuntu/ros2_ws/install/oil_palm_harvester_description/share/ament_index/resource_index/package_run_dependencies/oil_palm_harvester_description
-- Up-to-date: /home/ubuntu/ros2_ws/install/oil_palm_harvester_description/share/ament_index/resource_index/parent_prefix_path/oil_palm_harvester_description
-- Up-to-date: /home/ubuntu/ros2_ws/install/oil_palm_harvester_description/share/oil_palm_harvester_description/environment/ament_prefix_path.sh
-- Up-to-date: /home/ubuntu/ros2_ws/install/oil_palm_harvester_description/share/oil_palm_harvester_description/environment/ament_prefix_path.dsv
-- Up-to-date: /home/ubuntu/ros2_ws/install/oil_palm_harvester_description/share/oil_palm_harvester_description/environment/path.sh
-- Up-to-date: /home/ubuntu/ros2_ws/install/oil_palm_harvester_description/share/oil_palm_harvester_description/environment/path.dsv
-- Up-to-date: /home/ubuntu/ros2_ws/install/oil_palm_harvester_description/share/oil_palm_harvester_description/local_setup.bash
-- Up-to-date: /home/ubuntu/ros2_ws/install/oil_palm_harvester_description/share/oil_palm_harvester_description/local_setup.sh
-- Up-to-date: /home/ubuntu/ros2_ws/install/oil_palm_harvester_description/share/oil_palm_harvester_description/local_setup.zsh
-- Up-to-date: /home/ubuntu/ros2_ws/install/oil_palm_harvester_description/share/oil_palm_harvester_description/local_setup.dsv
-- Up-to-date: /home/ubuntu/ros2_ws/install/oil_palm_harvester_description/share/oil_palm_harvester_description/package.dsv
-- Up-to-date: /home/ubuntu/ros2_ws/install/oil_palm_harvester_description/share/ament_index/resource_index/packages/oil_palm_harvester_description
-- Up-to-date: /home/ubuntu/ros2_ws/install/oil_palm_harvester_description/share/oil_palm_harvester_description/cmake/oil_palm_harvester_descriptionConfig.cmake
-- Up-to-date: /home/ubuntu/ros2_ws/install/oil_palm_harvester_description/share/oil_palm_harvester_description/cmake/oil_palm_harvester_descriptionConfig-version.cmake
-- Up-to-date: /home/ubuntu/ros2_ws/install/oil_palm_harvester_description/share/oil_palm_harvester_description/package.xml
