[0.052s] Invoking command in '/home/ubuntu/ros2_ws/build/oil_palm_harvester_description': CONDA_PROMPT_MODIFIER=(base) /usr/bin/cmake --build /home/ubuntu/ros2_ws/build/oil_palm_harvester_description -- -j8 -l8
[0.202s] Invoked command in '/home/ubuntu/ros2_ws/build/oil_palm_harvester_description' returned '0': CONDA_PROMPT_MODIFIER=(base) /usr/bin/cmake --build /home/ubuntu/ros2_ws/build/oil_palm_harvester_description -- -j8 -l8
[0.257s] Invoking command in '/home/ubuntu/ros2_ws/build/oil_palm_harvester_description': CONDA_PROMPT_MODIFIER=(base) /usr/bin/cmake --install /home/ubuntu/ros2_ws/build/oil_palm_harvester_description
[0.286s] -- Install configuration: ""
[0.287s] -- Up-to-date: /home/ubuntu/ros2_ws/install/oil_palm_harvester_description/share/oil_palm_harvester_description/urdf
[0.287s] -- Up-to-date: /home/ubuntu/ros2_ws/install/oil_palm_harvester_description/share/oil_palm_harvester_description/urdf/oil_palm_harvester_estimated.urdf
[0.287s] -- Up-to-date: /home/ubuntu/ros2_ws/install/oil_palm_harvester_description/share/oil_palm_harvester_description/urdf/oil_palm_harvester_kinematic.urdf
[0.288s] -- Up-to-date: /home/ubuntu/ros2_ws/install/oil_palm_harvester_description/share/oil_palm_harvester_description/meshes
[0.288s] -- Up-to-date: /home/ubuntu/ros2_ws/install/oil_palm_harvester_description/share/oil_palm_harvester_description/meshes/collision
[0.289s] -- Up-to-date: /home/ubuntu/ros2_ws/install/oil_palm_harvester_description/share/oil_palm_harvester_description/meshes/collision/wheel.stl
[0.289s] -- Up-to-date: /home/ubuntu/ros2_ws/install/oil_palm_harvester_description/share/oil_palm_harvester_description/meshes/collision/depth_camera_estimated.stl
[0.290s] -- Up-to-date: /home/ubuntu/ros2_ws/install/oil_palm_harvester_description/share/oil_palm_harvester_description/meshes/collision/lidar_mid360_estimated.stl
[0.290s] -- Up-to-date: /home/ubuntu/ros2_ws/install/oil_palm_harvester_description/share/oil_palm_harvester_description/meshes/collision/range_sensor.stl
[0.291s] -- Up-to-date: /home/ubuntu/ros2_ws/install/oil_palm_harvester_description/share/oil_palm_harvester_description/meshes/mesh_inventory.csv
[0.291s] -- Up-to-date: /home/ubuntu/ros2_ws/install/oil_palm_harvester_description/share/oil_palm_harvester_description/meshes/visual
[0.291s] -- Up-to-date: /home/ubuntu/ros2_ws/install/oil_palm_harvester_description/share/oil_palm_harvester_description/meshes/visual/cutting_arm_link.stl
[0.292s] -- Up-to-date: /home/ubuntu/ros2_ws/install/oil_palm_harvester_description/share/oil_palm_harvester_description/meshes/visual/wheel.stl
[0.292s] -- Up-to-date: /home/ubuntu/ros2_ws/install/oil_palm_harvester_description/share/oil_palm_harvester_description/meshes/visual/cutting_tool.stl
[0.293s] -- Up-to-date: /home/ubuntu/ros2_ws/install/oil_palm_harvester_description/share/oil_palm_harvester_description/meshes/visual/cutting_arm_base.stl
[0.293s] -- Up-to-date: /home/ubuntu/ros2_ws/install/oil_palm_harvester_description/share/oil_palm_harvester_description/meshes/visual/boom_stage_0.stl
[0.294s] -- Up-to-date: /home/ubuntu/ros2_ws/install/oil_palm_harvester_description/share/oil_palm_harvester_description/meshes/visual/boom_stage_2.stl
[0.294s] -- Up-to-date: /home/ubuntu/ros2_ws/install/oil_palm_harvester_description/share/oil_palm_harvester_description/meshes/visual/rail_carriage.stl
[0.294s] -- Up-to-date: /home/ubuntu/ros2_ws/install/oil_palm_harvester_description/share/oil_palm_harvester_description/meshes/visual/platform_mount.stl
[0.295s] -- Up-to-date: /home/ubuntu/ros2_ws/install/oil_palm_harvester_description/share/oil_palm_harvester_description/meshes/visual/depth_camera_estimated.stl
[0.295s] -- Up-to-date: /home/ubuntu/ros2_ws/install/oil_palm_harvester_description/share/oil_palm_harvester_description/meshes/visual/lidar_mid360_estimated.stl
[0.295s] -- Up-to-date: /home/ubuntu/ros2_ws/install/oil_palm_harvester_description/share/oil_palm_harvester_description/meshes/visual/boom_stage_4.stl
[0.296s] -- Up-to-date: /home/ubuntu/ros2_ws/install/oil_palm_harvester_description/share/oil_palm_harvester_description/meshes/visual/boom_turret.stl
[0.296s] -- Up-to-date: /home/ubuntu/ros2_ws/install/oil_palm_harvester_description/share/oil_palm_harvester_description/meshes/visual/boom_stage_1.stl
[0.296s] -- Up-to-date: /home/ubuntu/ros2_ws/install/oil_palm_harvester_description/share/oil_palm_harvester_description/meshes/visual/c_channel_platform.stl
[0.297s] -- Up-to-date: /home/ubuntu/ros2_ws/install/oil_palm_harvester_description/share/oil_palm_harvester_description/meshes/visual/range_sensor.stl
[0.297s] -- Up-to-date: /home/ubuntu/ros2_ws/install/oil_palm_harvester_description/share/oil_palm_harvester_description/meshes/visual/vehicle_body.stl
[0.297s] -- Up-to-date: /home/ubuntu/ros2_ws/install/oil_palm_harvester_description/share/oil_palm_harvester_description/meshes/visual/boom_stage_3.stl
[0.298s] -- Up-to-date: /home/ubuntu/ros2_ws/install/oil_palm_harvester_description/share/oil_palm_harvester_description/launch
[0.298s] -- Installing: /home/ubuntu/ros2_ws/install/oil_palm_harvester_description/share/oil_palm_harvester_description/launch/display.launch.py
[0.299s] -- Up-to-date: /home/ubuntu/ros2_ws/install/oil_palm_harvester_description/share/oil_palm_harvester_description/launch/gazebo_docking.launch.py
[0.300s] -- Up-to-date: /home/ubuntu/ros2_ws/install/oil_palm_harvester_description/share/oil_palm_harvester_description/config
[0.301s] -- Up-to-date: /home/ubuntu/ros2_ws/install/oil_palm_harvester_description/share/oil_palm_harvester_description/config/example_joint_positions.yaml
[0.305s] -- Up-to-date: /home/ubuntu/ros2_ws/install/oil_palm_harvester_description/share/oil_palm_harvester_description/config/controllers.yaml
[0.310s] -- Up-to-date: /home/ubuntu/ros2_ws/install/oil_palm_harvester_description/share/oil_palm_harvester_description/worlds
[0.311s] -- Up-to-date: /home/ubuntu/ros2_ws/install/oil_palm_harvester_description/share/oil_palm_harvester_description/worlds/docking.world
[0.312s] -- Up-to-date: /home/ubuntu/ros2_ws/install/oil_palm_harvester_description/share/oil_palm_harvester_description/preview
[0.313s] -- Up-to-date: /home/ubuntu/ros2_ws/install/oil_palm_harvester_description/share/oil_palm_harvester_description/preview/oil_palm_harvester_estimated.glb
[0.314s] -- Up-to-date: /home/ubuntu/ros2_ws/install/oil_palm_harvester_description/share/oil_palm_harvester_description/preview/estimated_model_preview.png
[0.318s] -- Up-to-date: /home/ubuntu/ros2_ws/install/oil_palm_harvester_description/share/ament_index/resource_index/package_run_dependencies/oil_palm_harvester_description
[0.319s] -- Up-to-date: /home/ubuntu/ros2_ws/install/oil_palm_harvester_description/share/ament_index/resource_index/parent_prefix_path/oil_palm_harvester_description
[0.320s] -- Up-to-date: /home/ubuntu/ros2_ws/install/oil_palm_harvester_description/share/oil_palm_harvester_description/environment/ament_prefix_path.sh
[0.321s] -- Up-to-date: /home/ubuntu/ros2_ws/install/oil_palm_harvester_description/share/oil_palm_harvester_description/environment/ament_prefix_path.dsv
[0.322s] -- Up-to-date: /home/ubuntu/ros2_ws/install/oil_palm_harvester_description/share/oil_palm_harvester_description/environment/path.sh
[0.323s] -- Up-to-date: /home/ubuntu/ros2_ws/install/oil_palm_harvester_description/share/oil_palm_harvester_description/environment/path.dsv
[0.324s] -- Up-to-date: /home/ubuntu/ros2_ws/install/oil_palm_harvester_description/share/oil_palm_harvester_description/local_setup.bash
[0.325s] -- Up-to-date: /home/ubuntu/ros2_ws/install/oil_palm_harvester_description/share/oil_palm_harvester_description/local_setup.sh
[0.326s] -- Up-to-date: /home/ubuntu/ros2_ws/install/oil_palm_harvester_description/share/oil_palm_harvester_description/local_setup.zsh
[0.327s] -- Up-to-date: /home/ubuntu/ros2_ws/install/oil_palm_harvester_description/share/oil_palm_harvester_description/local_setup.dsv
[0.328s] -- Up-to-date: /home/ubuntu/ros2_ws/install/oil_palm_harvester_description/share/oil_palm_harvester_description/package.dsv
[0.328s] -- Up-to-date: /home/ubuntu/ros2_ws/install/oil_palm_harvester_description/share/ament_index/resource_index/packages/oil_palm_harvester_description
[0.335s] -- Up-to-date: /home/ubuntu/ros2_ws/install/oil_palm_harvester_description/share/oil_palm_harvester_description/cmake/oil_palm_harvester_descriptionConfig.cmake
[0.337s] -- Up-to-date: /home/ubuntu/ros2_ws/install/oil_palm_harvester_description/share/oil_palm_harvester_description/cmake/oil_palm_harvester_descriptionConfig-version.cmake
[0.338s] -- Up-to-date: /home/ubuntu/ros2_ws/install/oil_palm_harvester_description/share/oil_palm_harvester_description/package.xml
[0.340s] Invoked command in '/home/ubuntu/ros2_ws/build/oil_palm_harvester_description' returned '0': CONDA_PROMPT_MODIFIER=(base) /usr/bin/cmake --install /home/ubuntu/ros2_ws/build/oil_palm_harvester_description
