[0.048s] Invoking command in '/home/ubuntu/ros2_ws/build/oil_palm_harvester_description': CMAKE_PREFIX_PATH=/home/ubuntu/ros2_ws/install CONDA_PROMPT_MODIFIER=(base) PKG_CONFIG_PATH=/home/ubuntu/ros2_ws/install/lib/aarch64-linux-gnu/pkgconfig:/home/ubuntu/ros2_ws/install/lib/pkgconfig ROS_PACKAGE_PATH=/home/ubuntu/ros2_ws/install/share /usr/bin/cmake /home/ubuntu/ros2_ws/src/oil_palm_harvester_description -DCMAKE_INSTALL_PREFIX=/home/ubuntu/ros2_ws/install
[0.098s] -- Found ament_cmake: 0.9.12 (/opt/ros/foxy/share/ament_cmake/cmake)
[0.166s] -- Using PYTHON_EXECUTABLE: /usr/bin/python3
[0.525s] Traceback (most recent call last):
[0.525s]   File "/opt/ros/foxy/share/ament_cmake_core/cmake/package_templates/templates_2_cmake.py", line 21, in <module>
[0.526s]     from ament_package.templates import get_environment_hook_template_path
[0.526s] ModuleNotFoundError: No module named 'ament_package'
[0.571s] CMake Error at /opt/ros/foxy/share/ament_cmake_core/cmake/ament_cmake_package_templates-extras.cmake:41 (message):
[0.572s]   execute_process(/usr/bin/python3
[0.572s]   /opt/ros/foxy/share/ament_cmake_core/cmake/package_templates/templates_2_cmake.py
[0.572s]   /home/ubuntu/ros2_ws/build/oil_palm_harvester_description/ament_cmake_package_templates/templates.cmake)
[0.572s]   returned error code 1
[0.573s] Call Stack (most recent call first):
[0.574s]   /opt/ros/foxy/share/ament_cmake_core/cmake/ament_cmake_coreConfig.cmake:41 (include)
[0.574s]   /opt/ros/foxy/share/ament_cmake/cmake/ament_cmake_export_dependencies-extras.cmake:15 (find_package)
[0.574s]   /opt/ros/foxy/share/ament_cmake/cmake/ament_cmakeConfig.cmake:41 (include)
[0.574s]   CMakeLists.txt:3 (find_package)
[0.575s] 
[0.575s] 
[0.575s] -- Configuring incomplete, errors occurred!
[0.575s] See also "/home/ubuntu/ros2_ws/build/oil_palm_harvester_description/CMakeFiles/CMakeOutput.log".
[0.576s] See also "/home/ubuntu/ros2_ws/build/oil_palm_harvester_description/CMakeFiles/CMakeError.log".
[0.585s] Invoked command in '/home/ubuntu/ros2_ws/build/oil_palm_harvester_description' returned '1': CMAKE_PREFIX_PATH=/home/ubuntu/ros2_ws/install CONDA_PROMPT_MODIFIER=(base) PKG_CONFIG_PATH=/home/ubuntu/ros2_ws/install/lib/aarch64-linux-gnu/pkgconfig:/home/ubuntu/ros2_ws/install/lib/pkgconfig ROS_PACKAGE_PATH=/home/ubuntu/ros2_ws/install/share /usr/bin/cmake /home/ubuntu/ros2_ws/src/oil_palm_harvester_description -DCMAKE_INSTALL_PREFIX=/home/ubuntu/ros2_ws/install
