[0.071s] Invoking command in '/home/ubuntu/ros2_ws/build/oil_palm_harvester_description': CMAKE_PREFIX_PATH=/opt/ros/foxy:/home/ubuntu/ros2_ws/install CONDA_PROMPT_MODIFIER=(base) PKG_CONFIG_PATH=/home/ubuntu/ros2_ws/install/lib/aarch64-linux-gnu/pkgconfig:/home/ubuntu/ros2_ws/install/lib/pkgconfig ROS_PACKAGE_PATH=/home/ubuntu/ros2_ws/install/share /usr/bin/cmake --build /home/ubuntu/ros2_ws/build/oil_palm_harvester_description -- -j8 -l8
[0.318s] [ 16%] Automatic MOC for target harvester_range_sensor_panel
[0.405s] [ 16%] Built target harvester_range_sensor_panel_autogen
[0.586s] [ 66%] Built target harvester_range_sensor_panel
[0.818s] Scanning dependencies of target harvester_kinematic_gazebo_plugin
[0.920s] [ 83%] Building CXX object CMakeFiles/harvester_kinematic_gazebo_plugin.dir/src/harvester_kinematic_gazebo_plugin.cpp.o
[54.707s] [100%] Linking CXX shared library libharvester_kinematic_gazebo_plugin.so
[58.126s] [100%] Built target harvester_kinematic_gazebo_plugin
[58.175s] Invoked command in '/home/ubuntu/ros2_ws/build/oil_palm_harvester_description' returned '0': CMAKE_PREFIX_PATH=/opt/ros/foxy:/home/ubuntu/ros2_ws/install CONDA_PROMPT_MODIFIER=(base) PKG_CONFIG_PATH=/home/ubuntu/ros2_ws/install/lib/aarch64-linux-gnu/pkgconfig:/home/ubuntu/ros2_ws/install/lib/pkgconfig ROS_PACKAGE_PATH=/home/ubuntu/ros2_ws/install/share /usr/bin/cmake --build /home/ubuntu/ros2_ws/build/oil_palm_harvester_description -- -j8 -l8
[58.240s] Invoking command in '/home/ubuntu/ros2_ws/build/oil_palm_harvester_description': CMAKE_PREFIX_PATH=/opt/ros/foxy:/home/ubuntu/ros2_ws/install CONDA_PROMPT_MODIFIER=(base) PKG_CONFIG_PATH=/home/ubuntu/ros2_ws/install/lib/aarch64-linux-gnu/pkgconfig:/home/ubuntu/ros2_ws/install/lib/pkgconfig ROS_PACKAGE_PATH=/home/ubuntu/ros2_ws/install/share /usr/bin/cmake --install /home/ubuntu/ros2_ws/build/oil_palm_harvester_description
[58.272s] -- Install configuration: ""
[58.274s] -- Execute custom install script
[58.277s] -- Up-to-date symlink: /home/ubuntu/ros2_ws/install/share/oil_palm_harvester_description/rviz/range_sensor_panel_plugin.xml
[58.279s] -- Up-to-date symlink: /home/ubuntu/ros2_ws/install/share/oil_palm_harvester_description/urdf/oil_palm_harvester_estimated.urdf
[58.281s] -- Up-to-date symlink: /home/ubuntu/ros2_ws/install/share/oil_palm_harvester_description/urdf/oil_palm_harvester_kinematic.urdf
[58.286s] -- Up-to-date symlink: /home/ubuntu/ros2_ws/install/share/oil_palm_harvester_description/meshes/collision/depth_camera_estimated.stl
[58.287s] -- Up-to-date symlink: /home/ubuntu/ros2_ws/install/share/oil_palm_harvester_description/meshes/collision/lidar_mid360_estimated.stl
[58.287s] -- Up-to-date symlink: /home/ubuntu/ros2_ws/install/share/oil_palm_harvester_description/meshes/collision/range_sensor.stl
[58.291s] -- Up-to-date symlink: /home/ubuntu/ros2_ws/install/share/oil_palm_harvester_description/meshes/collision/wheel.stl
[58.294s] -- Up-to-date symlink: /home/ubuntu/ros2_ws/install/share/oil_palm_harvester_description/meshes/mesh_inventory.csv
[58.295s] -- Up-to-date symlink: /home/ubuntu/ros2_ws/install/share/oil_palm_harvester_description/meshes/visual/boom_stage_0.stl
[58.301s] -- Up-to-date symlink: /home/ubuntu/ros2_ws/install/share/oil_palm_harvester_description/meshes/visual/boom_stage_1.stl
[58.305s] -- Up-to-date symlink: /home/ubuntu/ros2_ws/install/share/oil_palm_harvester_description/meshes/visual/boom_stage_2.stl
[58.306s] -- Up-to-date symlink: /home/ubuntu/ros2_ws/install/share/oil_palm_harvester_description/meshes/visual/boom_stage_3.stl
[58.306s] -- Up-to-date symlink: /home/ubuntu/ros2_ws/install/share/oil_palm_harvester_description/meshes/visual/boom_stage_4.stl
[58.306s] -- Up-to-date symlink: /home/ubuntu/ros2_ws/install/share/oil_palm_harvester_description/meshes/visual/boom_turret.stl
[58.307s] -- Up-to-date symlink: /home/ubuntu/ros2_ws/install/share/oil_palm_harvester_description/meshes/visual/c_channel_platform.stl
[58.307s] -- Up-to-date symlink: /home/ubuntu/ros2_ws/install/share/oil_palm_harvester_description/meshes/visual/cutting_arm_base.stl
[58.307s] -- Up-to-date symlink: /home/ubuntu/ros2_ws/install/share/oil_palm_harvester_description/meshes/visual/cutting_arm_link.stl
[58.308s] -- Up-to-date symlink: /home/ubuntu/ros2_ws/install/share/oil_palm_harvester_description/meshes/visual/cutting_tool.stl
[58.309s] -- Up-to-date symlink: /home/ubuntu/ros2_ws/install/share/oil_palm_harvester_description/meshes/visual/depth_camera_estimated.stl
[58.310s] -- Up-to-date symlink: /home/ubuntu/ros2_ws/install/share/oil_palm_harvester_description/meshes/visual/lidar_mid360_estimated.stl
[58.310s] -- Up-to-date symlink: /home/ubuntu/ros2_ws/install/share/oil_palm_harvester_description/meshes/visual/platform_mount.stl
[58.311s] -- Up-to-date symlink: /home/ubuntu/ros2_ws/install/share/oil_palm_harvester_description/meshes/visual/rail_carriage.stl
[58.311s] -- Up-to-date symlink: /home/ubuntu/ros2_ws/install/share/oil_palm_harvester_description/meshes/visual/range_sensor.stl
[58.311s] -- Up-to-date symlink: /home/ubuntu/ros2_ws/install/share/oil_palm_harvester_description/meshes/visual/vehicle_body.stl
[58.313s] -- Up-to-date symlink: /home/ubuntu/ros2_ws/install/share/oil_palm_harvester_description/meshes/visual/wheel.stl
[58.321s] -- Up-to-date symlink: /home/ubuntu/ros2_ws/install/share/oil_palm_harvester_description/launch/__pycache__/display.launch.cpython-38.pyc
[58.321s] -- Up-to-date symlink: /home/ubuntu/ros2_ws/install/share/oil_palm_harvester_description/launch/__pycache__/display_harvester_and_tree.launch.cpython-38.pyc
[58.322s] -- Up-to-date symlink: /home/ubuntu/ros2_ws/install/share/oil_palm_harvester_description/launch/__pycache__/gazebo_docking.launch.cpython-38.pyc
[58.322s] -- Up-to-date symlink: /home/ubuntu/ros2_ws/install/share/oil_palm_harvester_description/launch/__pycache__/gazebo_harvester_and_tree.launch.cpython-38.pyc
[58.323s] -- Up-to-date symlink: /home/ubuntu/ros2_ws/install/share/oil_palm_harvester_description/launch/display.launch.py
[58.323s] -- Up-to-date symlink: /home/ubuntu/ros2_ws/install/share/oil_palm_harvester_description/launch/display_harvester_and_tree.launch.py
[58.324s] -- Up-to-date symlink: /home/ubuntu/ros2_ws/install/share/oil_palm_harvester_description/launch/gazebo_docking.launch.py
[58.325s] -- Up-to-date symlink: /home/ubuntu/ros2_ws/install/share/oil_palm_harvester_description/launch/gazebo_docking_with_camera_view.launch.py
[58.328s] -- Up-to-date symlink: /home/ubuntu/ros2_ws/install/share/oil_palm_harvester_description/launch/gazebo_harvester_and_tree.launch.py
[58.330s] -- Up-to-date symlink: /home/ubuntu/ros2_ws/install/share/oil_palm_harvester_description/config/controllers.yaml
[58.331s] -- Up-to-date symlink: /home/ubuntu/ros2_ws/install/share/oil_palm_harvester_description/config/example_joint_positions.yaml
[58.331s] -- Up-to-date symlink: /home/ubuntu/ros2_ws/install/share/oil_palm_harvester_description/config/range_sensor_calibration.deployment.template.json
[58.332s] -- Up-to-date symlink: /home/ubuntu/ros2_ws/install/share/oil_palm_harvester_description/config/range_sensor_calibration.nominal.json
[58.333s] -- Up-to-date symlink: /home/ubuntu/ros2_ws/install/share/oil_palm_harvester_description/worlds/docking.world
[58.333s] -- Up-to-date symlink: /home/ubuntu/ros2_ws/install/share/oil_palm_harvester_description/worlds/harvester_tree.world
[58.333s] -- Up-to-date symlink: /home/ubuntu/ros2_ws/install/share/oil_palm_harvester_description/gazebo_model/oil_palm_harvester/model.config
[58.334s] -- Up-to-date symlink: /home/ubuntu/ros2_ws/install/share/oil_palm_harvester_description/gazebo_model/oil_palm_harvester/model.sdf
[58.335s] -- Up-to-date symlink: /home/ubuntu/ros2_ws/install/share/oil_palm_harvester_description/gazebo_model_database/database.config
[58.336s] -- Up-to-date symlink: /home/ubuntu/ros2_ws/install/share/oil_palm_harvester_description/gazebo_model_database/local_placeholder/model.config
[58.338s] -- Up-to-date symlink: /home/ubuntu/ros2_ws/install/share/oil_palm_harvester_description/gazebo_model_database/local_placeholder/model.sdf
[58.339s] -- Up-to-date symlink: /home/ubuntu/ros2_ws/install/share/oil_palm_harvester_description/preview/estimated_model_preview.png
[58.350s] -- Up-to-date symlink: /home/ubuntu/ros2_ws/install/share/oil_palm_harvester_description/preview/oil_palm_harvester_estimated.glb
[58.350s] -- Up-to-date symlink: /home/ubuntu/ros2_ws/install/share/oil_palm_harvester_description/rviz/harvester_camera_lidar.rviz
[58.351s] -- Up-to-date symlink: /home/ubuntu/ros2_ws/install/share/oil_palm_harvester_description/rviz/harvester_tree_combined.rviz
[58.352s] -- Up-to-date symlink: /home/ubuntu/ros2_ws/install/share/oil_palm_harvester_description/rviz/range_sensor_panel_plugin.xml
[58.353s] -- Up-to-date symlink: /home/ubuntu/ros2_ws/install/include/oil_palm_harvester_description/range_sensor_panel.hpp
[58.354s] -- Up-to-date symlink: /home/ubuntu/ros2_ws/install/lib/libharvester_kinematic_gazebo_plugin.so
[58.354s] -- Up-to-date symlink: /home/ubuntu/ros2_ws/install/lib/libharvester_range_sensor_panel.so
[58.355s] -- Up-to-date symlink: /home/ubuntu/ros2_ws/install/share/oil_palm_harvester_description/scripts/publish_urdf.py
[58.355s] -- Up-to-date symlink: /home/ubuntu/ros2_ws/install/share/oil_palm_harvester_description/scripts/gazebo_joint_state_bridge.py
[58.356s] -- Up-to-date symlink: /home/ubuntu/ros2_ws/install/share/oil_palm_harvester_description/scripts/gazebo_base_kinematic_controller.py
[58.356s] -- Up-to-date symlink: /home/ubuntu/ros2_ws/install/share/oil_palm_harvester_description/scripts/lidar_timestamp_bridge.py
[58.357s] -- Up-to-date symlink: /home/ubuntu/ros2_ws/install/share/oil_palm_harvester_description/scripts/range_sensor_label_publisher.py
[58.357s] -- Up-to-date symlink: /home/ubuntu/ros2_ws/install/share/oil_palm_harvester_description/scripts/range_sensor_calibration.py
[58.357s] -- Up-to-date symlink: /home/ubuntu/ros2_ws/install/share/oil_palm_harvester_description/scripts/validate_range_sensor_calibration.py
[58.358s] -- Up-to-date symlink: /home/ubuntu/ros2_ws/install/share/oil_palm_harvester_description/scripts/range_sensor_calibration_common.py
[58.361s] -- Up-to-date symlink: /home/ubuntu/ros2_ws/install/share/ament_index/resource_index/package_run_dependencies/oil_palm_harvester_description
[58.363s] -- Up-to-date symlink: /home/ubuntu/ros2_ws/install/share/ament_index/resource_index/parent_prefix_path/oil_palm_harvester_description
[58.363s] -- Up-to-date symlink: /home/ubuntu/ros2_ws/install/share/oil_palm_harvester_description/environment/ament_prefix_path.sh
[58.364s] -- Up-to-date symlink: /home/ubuntu/ros2_ws/install/share/oil_palm_harvester_description/environment/ament_prefix_path.dsv
[58.364s] -- Up-to-date symlink: /home/ubuntu/ros2_ws/install/share/oil_palm_harvester_description/environment/path.sh
[58.364s] -- Up-to-date symlink: /home/ubuntu/ros2_ws/install/share/oil_palm_harvester_description/environment/path.dsv
[58.365s] -- Up-to-date symlink: /home/ubuntu/ros2_ws/install/share/oil_palm_harvester_description/local_setup.bash
[58.366s] -- Up-to-date symlink: /home/ubuntu/ros2_ws/install/share/oil_palm_harvester_description/local_setup.sh
[58.367s] -- Up-to-date symlink: /home/ubuntu/ros2_ws/install/share/oil_palm_harvester_description/local_setup.zsh
[58.369s] -- Up-to-date symlink: /home/ubuntu/ros2_ws/install/share/oil_palm_harvester_description/local_setup.dsv
[58.370s] -- Symlinking: /home/ubuntu/ros2_ws/install/share/oil_palm_harvester_description/package.dsv
[58.417s] -- Up-to-date symlink: /home/ubuntu/ros2_ws/install/share/ament_index/resource_index/packages/oil_palm_harvester_description
[58.418s] -- Up-to-date symlink: /home/ubuntu/ros2_ws/install/share/ament_index/resource_index/rviz_common__pluginlib__plugin/oil_palm_harvester_description
[58.420s] -- Up-to-date symlink: /home/ubuntu/ros2_ws/install/share/oil_palm_harvester_description/cmake/oil_palm_harvester_descriptionConfig.cmake
[58.422s] -- Up-to-date symlink: /home/ubuntu/ros2_ws/install/share/oil_palm_harvester_description/cmake/oil_palm_harvester_descriptionConfig-version.cmake
[58.425s] -- Up-to-date symlink: /home/ubuntu/ros2_ws/install/share/oil_palm_harvester_description/package.xml
[58.439s] Invoked command in '/home/ubuntu/ros2_ws/build/oil_palm_harvester_description' returned '0': CMAKE_PREFIX_PATH=/opt/ros/foxy:/home/ubuntu/ros2_ws/install CONDA_PROMPT_MODIFIER=(base) PKG_CONFIG_PATH=/home/ubuntu/ros2_ws/install/lib/aarch64-linux-gnu/pkgconfig:/home/ubuntu/ros2_ws/install/lib/pkgconfig ROS_PACKAGE_PATH=/home/ubuntu/ros2_ws/install/share /usr/bin/cmake --install /home/ubuntu/ros2_ws/build/oil_palm_harvester_description
